Open Watcom Linker Version 1.9
Portions Copyright (c) 1985-2002 Sybase, Inc. All Rights Reserved.
Created on:       11/11/07 10:00:35
Executable Image: chap1b.exe
creating a Windows NT character-mode executable


                        +------------+
                        |   Groups   |
                        +------------+

Group                           Address              Size
=====                           =======              ====

.idata                          00415000             00000786
DGROUP                          00416000             000130f0



                        +--------------+
                        |   Segments   |
                        +--------------+

Segment                Class          Group          Address         Size
=======                =====          =====          =======         ====

BEGTEXT                CODE           AUTO           00401000        00000007
_TEXT                  CODE           AUTO           00401010        0001321d
TRANSFER CODE          CODE           AUTO           00414230        0000019e
.idata                 .idata         .idata         00415000        00000786
_NULL                  BEGDATA        DGROUP         00416000        00000004
_AFTERNULL             BEGDATA        DGROUP         00416004        00000000
CONST                  DATA           DGROUP         00416010        000000fc
_DATA                  DATA           DGROUP         00416110        00000fa8
XIB                    DATA           DGROUP         004170b8        00000000
XI                     DATA           DGROUP         004170b8        0000004e
XIE                    DATA           DGROUP         00417106        00000000
YIB                    DATA           DGROUP         00417106        00000000
YI                     DATA           DGROUP         00417106        00000030
YIE                    DATA           DGROUP         00417136        00000000
CONST2                 DATA           DGROUP         00417138        00000000
TIB                    DATA           DGROUP         00417138        00000000
TI                     DATA           DGROUP         00417138        00000000
TIE                    DATA           DGROUP         00417138        00000000
DATA                   DATA           DGROUP         00417138        00000000
DATA32                 DATA           DGROUP         00417138        0000011c
CONST32                CONST          DGROUP         00418000        00000000
_BSS                   BSS            DGROUP         00418000        000010f0
BSS32                  BSS            DGROUP         004190f0        00000000
STACK                  STACK          DGROUP         004190f0        00010000


                        +----------------+
                        |   Memory Map   |
                        +----------------+

* = unreferenced symbol
+ = symbol only referenced locally

Address        Symbol
=======        ======

Module: chap1b.obj(E:\Projects\compphys\compph\chapter1\chap1b.for)
00401010       FMAIN
Module: C:\WATCOM/lib386\math387r.lib(exp87)
004011db*      exp_
00401174*      __@DEXP1
0040117c       IF@EXP
0040117c*      IF@DEXP
0040117e       __@DEXP
Module: C:\WATCOM/lib386/nt\flib7.lib(cowrite)
004011e7       RT@IOWrite
004011f6*      RT@OutLOG1
00401208*      RT@OutLOG4
00401216*      RT@OutINT1
00401228*      RT@OutINT2
00401238       RT@OutINT4
00401247       RT@OutREAL
00401257*      RT@OutDBLE
00401267*      RT@OutXTND
00401277*      RT@OutCPLX
0040128d*      RT@OutDBCX
004012a3*      RT@OutXTCX
004012b9       RT@OutCHAR
004012be*      RT@OutSTR
004012c3*      RT@PrtArr
004012c8*      RT@PrtChArr
Module: C:\WATCOM/lib386/nt\flib7.lib(cortns)
00416128*      _FRT_SaveESP
004012d8*      SwitchToGen
004012f6       SwitchToRT
00401314       RdWrCommon
004013b8       IOType_
004013d6       IOChar
004013f1       IOStr
00401406       IOArr
00401421       IOChArr
00401443       RT@EndIO
Module: C:\WATCOM/lib386/nt\flib7.lib(coread)
0040144d       RT@IORead
0040145c*      RT@InpLOG1
0040146b*      RT@InpLOG4
0040147a*      RT@InpINT1
00401489*      RT@InpINT2
00401498       RT@InpINT4
004014a7*      RT@InpREAL
004014b6*      RT@InpDBLE
004014c5*      RT@InpXTND
004014d4*      RT@InpCPLX
004014e3*      RT@InpDBCX
004014f2*      RT@InpXTCX
00401501*      RT@InpCHAR
00401506*      RT@InpSTR
0040150b*      RT@InpArr
00401510*      RT@InpChArr
Module: C:\WATCOM/lib386/nt\flib7.lib(stop.c)
00401540       RT@Stop
00416148+      LG@STOP_HOOK
Module: C:\WATCOM/lib386/nt\flib7.lib(setfmt.c)
004015b0       RT@SetFmt
Module: C:\WATCOM/lib386/nt\clib3r.lib(cstrtwnt)
004015d0       _cstart_
004015d0*      mainCRTStartup
Module: C:\WATCOM/lib386/nt\clib3r.lib(_8087)
0041614c       __8087
0041614d       __real87
Module: C:\WATCOM/lib386/nt\emu387.lib(386)
0040162c       __init_387_emulator
0040162d*      __fini_387_emulator
Module: C:\WATCOM/lib386/nt\flib7.lib(initeng.c)
00418000       __init_english
Module: C:\WATCOM/lib386/nt\flib7.lib(initerr.c)
00418004       __init_error
Module: C:\WATCOM/lib386\math387r.lib(math87e.c)
00401630       __math87_err_
Module: C:\WATCOM/lib386/nt\flib7.lib(exwrite.c)
00401710       DoWrite_
Module: C:\WATCOM/lib386/nt\flib7.lib(setiocb.c)
00401740       RT@SetIOCB
Module: C:\WATCOM/lib386/nt\flib7.lib(rdata.c)
00418010       _IORslt
00418020       _FmtBuff
00418024*      _Fmt_revert
00418028*      _Fmt_start
0041802c*      _Fmt_paren_level
00418030*      _Fmt_charptr
00418034*      _FmtEmStruct
00418038       _IOTypeRtn
0041803c*      _Fmt_end
00418040*      _Fmt_rep_spec
00418044       _FmtRoutine
00418048       _IOCB
0041804c       _Files
00418050*      _Fmt_delimited
Module: C:\WATCOM/lib386/nt\flib7.lib(iomain.c)
004017d0       __ReleaseIOSys_
004017f0       IOMain_
Module: C:\WATCOM/lib386/nt\clib3r.lib(crwdata)
00416194       __osmajor
00416195       __osminor
00416196       __osbuild
00416198       __osver
0041619c       __winmajor
004161a0       __winminor
004161a4       __winver
00416160       __LpDllName
00416164       __LpwCmdLine
00416168       __LpwPgmName
0041616c       __LpwDllName
00416158       __LpCmdLine
0041615c       __LpPgmName
00416150*      __dynend
00416154       __curbrk
00416170*      __STACKLOW
00416174       __STACKTOP
00416178       __ASTACKSIZ
0041617c       __ASTACKPTR
00416180*      __cbyte
00416184*      __cbyte2
00416188*      __child
0041618e       __Envptr
00416192*      __Envseg
0041618c       __no87
004161a8       ___FPE_handler
Module: C:\WATCOM/lib386/nt\flib7.lib(thrdutil.c)
00401a00*      __InitMultiThreadIO_
004161b0       ___SwitchStkLow
Module: C:\WATCOM/lib386/nt\flib7.lib(exread.c)
00401a90       DoRead_
Module: C:\WATCOM/lib386/nt\flib7.lib(rtinit.c)
004161b4       ___FAppType
004161b8       __ExceptionInit
004161bc       __ExceptionFini
00401ad0*      __InitFThreadData_
00401b10+      RTSysFini_
00401b20       RTSysInit_
004161c4       __AccessFIO
004161c8       __ReleaseFIO
004161cc       __PartialReleaseFIO
00418058       ___FThreadDataOffset
004170d6*      ___fthread_data_size
Module: C:\WATCOM/lib386/nt\clib3r.lib(mainwnt.c)
004161d0       ___TlsIndex
004161d4       ___FirstThreadData
004161d8       ___GetThreadPtr
004161dc       __AccessFileH
004161e0       __ReleaseFileH
004161e4       __AccessIOB
004161e8       __ReleaseIOB
004161ec       __AccessNHeap
004161f0       __AccessFHeap
004161f4       __ReleaseNHeap
00401b90*      __threadid_
00401bb0+      __sig_null_rtn_
00401bc0+      __NTInit_
00401da0+      __NTFini_
00401e00       __NTMainInit_
00401e60       __exit_
004161f8       __ReleaseFHeap
004161fc       __AccessTDList
00416200       __ReleaseTDList
00416204       __AccessFList
00416208       __ReleaseFList
0041620c       __ThreadExitRtn
00416210       ___sig_init_rtn
00416214       ___sig_fini_rtn
00416218       ___process_fini
00418064       ___Is_DLL
Module: C:\WATCOM/lib386/nt\flib7.lib(spawn.c)
00401eb0       Spawn_
00401f10       Suicide_
Module: C:\WATCOM/lib386/nt\flib7.lib(rterr.c)
0041621c+      _TraceRoutine
00401f70       FlushStdUnit_
00401fc0+      WriteErr_
00402090       ErrHandler_
004020d0       RTErr_
00416228+      LG@ERR_HOOK
Module: C:\WATCOM/lib386/nt\flib7.lib(stdio.c)
00402110       StdBuffer_
00402130       StdWrite_
00402210       StdFlush_
00402240       StdWriteNL_
Module: C:\WATCOM/lib386/nt\flib7.lib(runmain.c)
00402270*      __InitUnit6CC_
00402280       __DevicesCC_
00402290*      __InitAllowCommaSeparator_
004022a0       __AllowCommaSep_
004022b0+      _InitIO_
00402320+      CloseAllFiles_
00402360*      _FiniEx_
00402360       RunExit_
004023a0       RunEntry_
Module: C:\WATCOM/lib386/nt\flib7.lib(rfmtexec.c)
00402d00       R_FExec_
Module: C:\WATCOM/lib386/nt\clib3r.lib(main2wnt.c)
00402d30       __NTMain
Module: C:\WATCOM/lib386/nt\clib3r.lib(segdefns)
00401003       ___begtext
00416000*      __nullarea
004170b8       __Start_XI
00417106       __End_XI
00417106       __Start_YI
00417136       __End_YI
Module: C:\WATCOM/lib386/nt\clib3r.lib(chk8087.c)
00402db0*      _fpreset_
00402df0       __chk8087_
00402e00*      __init_8087_
Module: C:\WATCOM/lib386/nt\flib7.lib(english.c)
00402e50       __UseEnglishCharSet_
Module: C:\WATCOM/lib386/nt\flib7.lib(errincl.c)
00402f60       __InitError_
00416638+      _PGroupTable
0041663c+      _PErrWord
Module: C:\WATCOM/lib386/nt\flib7.lib(_matherr.c)
00402f80*      __imath2err_
00402fc0*      __amath1err_
00402ff0*      __amath2err_
00403020       __math2err_
00403130       __math1err_
00403140*      __zmath2err_
004031a0*      __qmath2err_
Module: C:\WATCOM/lib386/nt\flib7.lib(rdwr.c)
00403210+      DoOpen_
00403240+      _AllocBuffer_
00403280       IOPrologue_
004034c0       UpdateRecNum_
Module: C:\WATCOM/lib386/nt\flib7.lib(unfmtout.c)
004035e0       UnFmtOut_
Module: C:\WATCOM/lib386/nt\flib7.lib(freeout.c)
00403a30       FreeOut_
00416640+      _OutRtn
Module: C:\WATCOM/lib386/nt\flib7.lib(rtutls.c)
00403b30       FindFtnFile_
00403c20       RChkAlloc_
00403c50       F_Connect_
00403cd0       ConnectFile_
00403ce0*      GetFileInfo_
00403dd0       DiscoFile_
00403e40*      ChkFileName_
00403e70+      ChkLogFile_
00403eb0       ChkIOOperation_
00403ef0       GetIOErr_
00403f00       ChkIOErr_
00403f20       ChkUnitId_
00403f60*      ChkConnected_
00403f80       SetEOF_
00403fb0       ClearEOF_
00403ff0       SysEOF_
00404020       IsFixed_
00404030       IsCarriage_
00404040*      ChkRecordStructure_
00404070*      ChkSequential_
00404090*      ChkExist_
004040c0*      StrItem_
Module: C:\WATCOM/lib386/nt\flib7.lib(ioinit.c)
00404100       IOSysInit_
Module: C:\WATCOM/lib386/nt\flib7.lib(rtsysutl.c)
00404130       GetSysIOInfo_
00404150       GetSysFileInfo_
00404180*      IsDevice_
00404350       OpenAction_
00404390*      DfltRecType_
004043b0+      _FileAttrs_
00404470       CloseFile_
004044e0       Scrtched_
00404500*      CloseDeleteFile_
00404550       Errf_
00404570       FPutBuff_
004045e0       FGetBuff_
00404630       SeekFile_
00404650       NoEOF_
00404660       SysClearEOF_
00404670*      SameFile_
00404680*      Rewindf_
004046a0*      SysCreateFile_
004046e0       CheckLogicalRecord_
00404700       SkipLogicalRecord_
00404720*      BackSpacef_
00404750*      EndFilef_
00404790       GetIOErrMsg_
004047d0       ReportNExist_
004047f0       ReportEOF_
00404800*      WaitForEnter_
Module: C:\WATCOM/lib386/nt\flib7.lib(unfmtin.c)
00404810       UnFmtIn_
004048b0+      NextUnFmtRec_
Module: C:\WATCOM/lib386/nt\flib7.lib(freein.c)
00404c90+      GetNum_
00404e90       FreeIn_
00404ea0*      DoFreeIn_
00404ed0+      BumpComma_
00404f00+      Blanks_
00404f20+      CheckEor_
Module: C:\WATCOM/lib386/nt\flib7.lib(rttraps.c)
00405620       __EnableF77RTExceptionHandling_
00405630       R_TrapInit_
004056c0       R_TrapFini_
004056d0*      __InitExceptionVectors_
Module: C:\WATCOM/lib386/nt\flib7.lib(errrtns.c)
00418684       ___ErrorFini
00418688       ___ErrorInit
0041868c       ___BldErrMsg
Module: C:\WATCOM/lib386/nt\clib3r.lib(nodefwin.c)
00416678*      __WindowsIsWindowedHandle
0041667c*      __WindowsRemoveWindowedHandle
00416680*      __WindowsNewWindow
00416684*      __WindowsCloseWindow
00416688*      __WindowsSetAbout
0041668c*      __WindowsSetAppTitle
00416690*      __WindowsSetConTitle
00416694*      __WindowsDestroyOnClose
00416698*      __WindowsYieldControl
0041669c*      __WindowsShutDown
004166a0*      __WindowsStdin
004166a4       __WindowsStdout
004166a8*      __WindowsKbhit
004166ac*      __WindowsGetch
004166b0*      __WindowsGetche
004166b4*      __WindowsPutch
004056f0*      _dwShutDown_
004056f0*      _dwYield_
004056f0*      _dwSetConTitle_
004056f0*      _dwSetAppTitle_
004056f0*      _dwSetAboutDlg_
004056f0       _dwDeleteOnClose_
004166b8*      __WindowsExitRtn
00418690*      __init_default_win
Module: C:\WATCOM/lib386/nt\clib3r.lib(atexit.c)
004056f3       atexit_
Module: C:\WATCOM/lib386/nt\clib3r.lib(regdata.c)
00405750       __RegisterThreadDataSize_
Module: C:\WATCOM/lib386/nt\clib3r.lib(hdlman.c)
004166bc+      ___NHandles
004166c0+      ___OSHandles
004166c4+      ___FakeHandles
00405780+      __growPOSIXHandles_
00405820       __allocPOSIXHandle_
004058e0       __freePOSIXHandle_
00405900       __getOSHandle_
00405910       __setOSHandle_
00405960+      __NTGetFakeHandle_
004059d0       __initPOSIXHandles_
00405ab0*      __set_handles_
00405ac0*      _grow_handles_
Module: C:\WATCOM/lib386/nt\clib3r.lib(environ.c)
00418718       ___env_mask
0041871c       _environ
00418720       __wenviron
Module: C:\WATCOM/lib386/nt\clib3r.lib(getmodfn.c)
00405b00       __lib_GetModuleFileNameW_
Module: C:\WATCOM/lib386/nt\clib3r.lib(strdup.c)
00405ba0       __clib_strdup_
Module: C:\WATCOM/lib386/nt\clib3r.lib(istable.c)
00405be0       __IsTable
Module: C:\WATCOM/lib386/nt\clib3r.lib(ustrdup.c)
00405ce1       __clib_wcsdup_
Module: C:\WATCOM/lib386/nt\clib3r.lib(nfree.c)
00405d10       _nfree_
00405d10       free_
00418724       ___MiniHeapFreeRover
Module: C:\WATCOM/lib386/nt\clib3r.lib(excptwnt.c)
00406480+      ___ReportException@4
004068d0       __DefaultExceptionHandler_
00406910+      ___ExceptionFilter
00406b20       __NewExceptionFilter_
00406b50       __DoneExceptionFilter_
004166d0       ___oscode_check_func
004166d4       ___raise_func
00418728*      _sw
0041872c       ___ExceptionHandled
0041872d+      ___ReportInvoked
Module: C:\WATCOM/lib386/nt\clib3r.lib(stklmwnt.c)
00406b90       __init_stack_limits_
Module: C:\WATCOM/lib386/nt\clib3r.lib(initrtns.c)
00406c10       __InitRtns
00406c60       __FiniRtns
Module: C:\WATCOM/lib386/nt\clib3r.lib(setjmp)
00406cb4       _setjmp_
00406ced       longjmp_
Module: C:\WATCOM/lib386/nt\clib3r.lib(exit.c)
00406d75+      __null_int23_exit_
00406d76       exit_
00406dc6*      _exit_
004166ec+      ___int23_exit
004166f0+      ___FPE_handler_exit
Module: C:\WATCOM/lib386/nt\flib7.lib(posdat.c)
004168d4       _FStdIn
004168d8       _FStdOut
004168dc       _FStdErr
Module: C:\WATCOM/lib386/nt\flib7.lib(posflush.c)
00406de0       FlushBuffer_
Module: C:\WATCOM/lib386/nt\flib7.lib(errutil.c)
00406e90       BldErrCode_
00406ef0*      MsgFormat_
00406f20*      MsgBuffer_
004168e0+      _PGrpCodes
Module: C:\WATCOM/lib386/nt\clib3r.lib(enterdb.c)
00406f50       __EnterWVIDEO_
004168e4       ___WD_Present
Module: C:\WATCOM/lib386/nt\clib3r.lib(iob.c)
004168e8       ___iob
00416af0       __fmode
00418730       ___OpenStreams
00418734       ___ClosedStreams
Module: C:\WATCOM/lib386/nt\clib3r.lib(setmd.c)
00406f80       setmode_
Module: C:\WATCOM/lib386/nt\clib3r.lib(write.c)
004072c0       write_
Module: C:\WATCOM/lib386/nt\clib3r.lib(errno.c)
00407520       __get_errno_ptr_
00407530*      __get_doserrno_ptr_
Module: C:\WATCOM/lib386/nt\flib7.lib(posopen.c)
00407540       InitStd_
00407600       SetIOBufferSize_
00407620+      _AllocFile_
00407710       Openf_
00407800       Closef_
Module: C:\WATCOM/lib386/nt\flib7.lib(rmemmgr.c)
00407880       RMemAlloc_
00407890       RMemFree_
Module: C:\WATCOM/lib386/nt\flib7.lib(ioerr.c)
004078d0       IOErr_
Module: C:\WATCOM/lib386/nt\flib7.lib(wrutils.c)
00407960       F_SendData_
004079c0*      SendLine_
004079d0       SendEOR_
00407a60*      SendInt_
00407a90       SendStr_
00407ab0+      SendWSLStr_
00407ad0       SendChar_
00407af0       Drop_
00407cb0       IOItemResult_
Module: C:\WATCOM/lib386/nt\flib7.lib(rfmtutil.c)
00407d60       R_ChkType_
00407d90       R_NewRec_
00407dd0       R_ChkIType_
00407e00       R_ChkFType_
00407e30       R_ChkRecLen_
00407e50+      GetLen_
00407e90       R_FOStr_
00407ea0*      FOString_
00407f10       R_FIStr_
00407fd0       R_FOLog_
00408020       R_FILog_
00408100       R_FIFloat_
004082f0       GetReal_
00408400       R_FOF_
00408480       R_FOE_
004085c0+      FmtH2B_
004086b0       R_FIHex_
00408830       R_FOHex_
00408840*      FOHex_
00408940       R_FIInt_
00408a50       R_FOInt_
00408cb0       R_FOG_
00408f30+      ChkBuffLen_
Module: C:\WATCOM/lib386/nt\flib7.lib(arrayio.c)
00408ff0       ArrayIOType_
Module: C:\WATCOM/lib386/nt\clib3r.lib(mthrdini.c)
00409070       __InitThreadData_
00416af8       ___ThreadDataSize
Module: C:\WATCOM/lib386/nt\clib3r.lib(memset.c)
004090a0       memset_
Module: C:\WATCOM/lib386/nt\clib3r.lib(cmain386.c)
004090c0       __CMain
Module: C:\WATCOM/lib386/nt\clib3r.lib(dosseg)
00001234       __DOSseg__
Module: C:\WATCOM/lib386/nt\clib3r.lib(8087cw.c)
00416afc       __8087cw
Module: C:\WATCOM/lib386/nt\clib3r.lib(save8087.c)
00416b00       ___Save8087
00416b04       ___Rest8087
Module: C:\WATCOM/lib386/nt\clib3r.lib(init8087)
00409104       __x87id
Module: C:\WATCOM/lib386/nt\flib7.lib(csetinfo.c)
00418738       _CharSetInfo
Module: C:\WATCOM/lib386/nt\flib7.lib(errmsg.c)
00409470       _GroupTable
00409520       _ErrWord
Module: C:\WATCOM/lib386/nt\flib7.lib(blderr.c)
00409bd0       Substitute_
00409d90       ErrCodOrg_
Module: C:\WATCOM/lib386/nt\flib7.lib(sdfile.c)
00416b08*      _FFCtrlSeq
00416b0a*      _SkipCtrlSeq
00416b0c       _NormalCtrlSeq
00416b0e       _SDTermIn
00416b12       _SDTermOut
00416b16*      _SDPrtName
Module: C:\WATCOM/lib386/nt\flib7.lib(unfmtutl.c)
00409da0       _SizeVars
Module: C:\WATCOM/lib386/nt\flib7.lib(undefcg.c)
00409e40       OutLogCG_
00409e50       OutIntCG_
00409e90+      FmtRealCG_
00409ec0+      FmtDoubleCG_
00409ef0+      FmtExtendedCG_
00409f20+      UndefIntCG_
00409f20+      UndefLogCG_
00409f20+      UndefExtendedCG_
00409f20+      UndefDoubleCG_
00409f20+      UndefRealCG_
00409f30+      GetRealCG_
00416b1c       _FmtRealRtn
00416b20       _FmtDoubleRtn
00416b24       _FmtExtendedRtn
00416b28       _SendStrRtn
00416b2c       _UndefRealRtn
00416b30       _UndefDoubleRtn
00416b34       _UndefExtendedRtn
00416b38       _UndefLogRtn
00416b3c       _UndefIntRtn
00416b40       _GetRealRtn
Module: C:\WATCOM/lib386/nt\flib7.lib(cctrl.c)
00409f40       CheckCCtrl_
Module: C:\WATCOM/lib386/nt\flib7.lib(fdutil.c)
00409fb0       LocFile_
00409fc0       LocUnit_
00409ff0       ExtractInfo_
Module: C:\WATCOM/lib386/nt\flib7.lib(rstdio.c)
0040a120       _InitStandardInput_
0040a150       _InitStandardOutput_
Module: C:\WATCOM/lib386/nt\flib7.lib(deffname.c)
00416b44       _DefFName
Module: C:\WATCOM/lib386/nt\flib7.lib(stracc.c)
0040a180       TrimStr_
0040a1c0       GetStr_
Module: C:\WATCOM/lib386/nt\clib3r.lib(accsswnt.c)
0040a1f0       access_
Module: C:\WATCOM/lib386/nt\clib3r.lib(fullpath.c)
0040a230+      _sys_fullpath_
0040a2b0       _fullpath_
Module: C:\WATCOM/lib386/nt\clib3r.lib(fstatwnt.c)
0040a320       fstat_
Module: C:\WATCOM/lib386/nt\flib7.lib(poserr.c)
0040a680       Errorf_
0040a6a0*      EOFile_
0040a6c0       ErrorMsg_
0040a700       FSetTrunc_
0040a710       FSetSysErr_
0040a730       FSetErr_
0040a750       FSetEof_
0040a770       IOOk_
Module: C:\WATCOM/lib386/nt\clib3r.lib(statwnt.c)
0040a895       stat_
Module: C:\WATCOM/lib386/nt\flib7.lib(posdel.c)
0040aad0       Scratchf_
Module: C:\WATCOM/lib386/nt\flib7.lib(posput.c)
0040aaf0       FPutRec_
0040ab30       ChopFile_
0040ab80*      PutRec_
0040aca0       writebytes_
0040ad20       SysWrite_
Module: C:\WATCOM/lib386/nt\flib7.lib(posget.c)
0040ae60       readbytes_
0040af30       SysRead_
0040b3a0       FGetRec_
0040b3d0*      GetRec_
0040b3f0       GetStdChar_
0040b440       FCheckLogical_
0040b4c0       FSkipLogical_
0040b590*      FGetVarRecLen_
Module: C:\WATCOM/lib386/nt\flib7.lib(posseek.c)
0040b680       FSeekRec_
0040b6c0       CurrFileOffset_
0040b6c0       FGetFilePos_
0040b6e0       SysSeek_
0040b8d0*      FSeekAbs_
Module: C:\WATCOM/lib386/nt\clib3r.lib(stricmp.c)
0040b8e0       stricmp_
Module: C:\WATCOM/lib386/nt\flib7.lib(posrew.c)
0040b920       FRewind_
Module: C:\WATCOM/lib386/nt\flib7.lib(posback.c)
0040b990       FBackspace_
Module: C:\WATCOM/lib386/nt\flib7.lib(postrunc.c)
0040ba70       FTruncate_
Module: C:\WATCOM/lib386/nt\flib7.lib(rdutils.c)
0040ba90       NextRec_
Module: C:\WATCOM/lib386/nt\clib3r.lib(toupper.c)
0040bba0       toupper_
Module: C:\WATCOM/lib386/nt\flib7.lib(chrutils.c)
0040bbb0       JmpBlanks_
Module: C:\WATCOM/lib386/nt\flib7.lib(fmtcnvt.c)
0040bbd0       FmtS2I_
0040bd00       FmtS2F_
Module: C:\WATCOM/lib386/nt\clib3r.lib(signlwnt.c)
00416b50+      __SignalTable
0040c0d0+      __SetSignalFunc_
0040c120+      __GetSignalFunc_
0040c150+      __GetSignalOSCode_
0040c180+      __CheckSignalExCode_
0040c2c0+      __sigabort_
0040c2d0       __sigfpe_handler_
0040c320       signal_
0040c3b0+      raise_
0040c420+      __SigInit_
0040c470+      __SigFini_
0040c4b0+      __sig_init_
Module: C:\WATCOM/lib386/nt\flib7.lib(fptraps.c)
0040c590*      __MaskDefaultFPE_
0040c5b0       FPTrapInit_
0040c5e0       FPTrapFini_
Module: C:\WATCOM/lib386/nt\clib3r.lib(trdlist.c)
0040c650       __GetThreadData_
0040c6a0       __ReallocThreadData_
0040c790       __AddThreadData_
0040c810       __RemoveThreadData_
0040c870       __ResizeThreadDataList_
0040c8a0       __FreeThreadDataList_
0040c8d0*      __ActiveThreads_
Module: C:\WATCOM/lib386/nt\clib3r.lib(nmalloc.c)
0040c8f0       _nmalloc_
0040c8f0       malloc_
00416bbc       ___nheapbeg
00416bc0       ___MiniHeapRover
00416bc4       ___LargestSizeB4MiniHeapRover
Module: C:\WATCOM/lib386/nt\clib3r.lib(seterrno.c)
0040c9ea       __set_errno_
0040c9f8*      __set_EDOM_
0040ca06       __set_ERANGE_
0040ca14*      __set_EINVAL_
0040ca27       __set_doserrno_
Module: C:\WATCOM/lib386/nt\clib3r.lib(nrealloc.c)
0040ca40*      _nrealloc_
0040ca40       realloc_
Module: C:\WATCOM/lib386/nt\clib3r.lib(iomode.c)
0040cac0       __GetIOMode_
0040cae0       __SetIOMode_nogrow_
00416bc8       ___NFiles
00416bcc       ___init_mode
00416c1c       ___io_mode
Module: C:\WATCOM/lib386/nt\clib3r.lib(stiomode.c)
0040cb00       __grow_iomode_
0040cbd0+      __shrink_iomode_
0040cc10       __SetIOMode_
Module: C:\WATCOM/lib386/nt\clib3r.lib(setenvp.c)
0040cc80       __setenvp_
0040cd40       __freeenvp_
Module: C:\WATCOM/lib386/nt\clib3r.lib(ustrlen.c)
0040cd8d       wcslen_
Module: C:\WATCOM/lib386/nt\clib3r.lib(memcpy.c)
0040cda0       memcpy_
Module: C:\WATCOM/lib386/nt\clib3r.lib(mem.c)
0040cdc0       __MemAllocator
0040ce70       __MemFree
Module: C:\WATCOM/lib386/nt\clib3r.lib(conutwnt.c)
0040cfc0*      __NTRealKey_
0040d070*      __NTConsoleInput_
0040d080       __NTConsoleOutput_
Module: C:\WATCOM/lib386/nt\clib3r.lib(fclex387.c)
0040d090       _ClearFPE_
Module: C:\WATCOM/lib386/nt\clib3r.lib(ljmphdl.c)
00416c28       ___longjmp_handler
Module: C:\WATCOM/lib386/nt\clib3r.lib(lseek.c)
0040d0b0       lseek_
Module: C:\WATCOM/lib386/nt\flib7.lib(errgrp.c)
0040d100       _GrpCodes
Module: C:\WATCOM/lib386/nt\clib3r.lib(initfile.c)
0040d1c0       __InitFiles_
Module: C:\WATCOM/lib386/nt\clib3r.lib(ioexit.c)
0040d2c0*      fcloseall_
0040d2d0       __full_io_exit_
Module: C:\WATCOM/lib386/nt\clib3r.lib(dosret.c)
0040d2e0*      _dosretax_
0040d2f0*      _dosret0_
0040d300       __set_errno_dos_
0040d330*      __set_errno_dos_reterr_
0040d340       __set_errno_nt_
0040d350*      __set_errno_nt_reterr_
Module: C:\WATCOM/lib386/nt\clib3r.lib(stackwnt.c)
0040d370       stackavail_
Module: C:\WATCOM/lib386/nt\clib3r.lib(stk)
0040d381*      __CHK
0040d391*      __STK
0040d3b0       __STKOVERFLOW_
0040d3c0*      __GRO
0040d3e0*      __alloca_probe
Module: C:\WATCOM/lib386/nt\clib3r.lib(iomodtty.c)
0040d400       __ChkTTYIOMode_
0040d440       __IOMode_
Module: C:\WATCOM/lib386/nt\clib3r.lib(close.c)
0040d460       close_
Module: C:\WATCOM/lib386/nt\clib3r.lib(openwnt.c)
0040d680*      open_
0040d6a0       sopen_
Module: C:\WATCOM/lib386/nt\flib7.lib(poscc.c)
0040d6d0*      __LineFeedWithFormFeed_
0040d6e0       FSetCC_
Module: C:\WATCOM/lib386/nt\flib7.lib(ifile.c)
0040d740       SendIFBuff_
0040d770       NextIFBuff_
Module: C:\WATCOM/lib386/nt\clib3r.lib(ltoa.c)
0040d7a0       ultoa_
0040d7f0       ltoa_
Module: C:\WATCOM/lib386/nt\flib7.lib(rfmtlog.c)
0040d830       R_FmtLog_
Module: C:\WATCOM/lib386/nt\flib7.lib(fmtrtns.c)
0040d860       R_F2E_
0040d9d0       R_F2F_
0040db60       SetMaxPrec_
Module: C:\WATCOM/lib386/nt\flib7.lib(flt86.c)
0040db70       _P1d100
0040db78       _P1d_99
Module: C:\WATCOM/lib386\math387r.lib(pow87)
0040dcd9*      pow_
0040db80       IF@DPOW
0040db80*      IF@POW
Module: C:\WATCOM/lib386/nt\flib7.lib(hexcnv.c)
0040dd00       Hex_
0040dd20*      HSToB_
0040dd90       BToHS_
Module: C:\WATCOM/lib386/nt\clib3r.lib(strupr.c)
0040dde0       strupr_
Module: C:\WATCOM/lib386/nt\clib3r.lib(__stos)
0040de00       __STOSB
0040de37*      __STOSD
Module: C:\WATCOM/lib386/nt\clib3r.lib(cinit.c)
0040deb0       __CommonInit_
Module: C:\WATCOM/lib386/nt\clib3r.lib(___argc.c)
00418758       ____Argc
0041875c       ____Argv
Module: C:\WATCOM/lib386/nt\flib7.lib(rtmain.c)
0040dec0       main_
Module: C:\WATCOM/lib386/nt\clib3r.lib(memmove.c)
0040dee0       memmove_
Module: C:\WATCOM/lib386/nt\clib3r.lib(itoa.c)
0040df40       utoa_
0040df90       itoa_
Module: C:\WATCOM/lib386/nt\flib7.lib(expchk.c)
0040dfc0       ToFFormat_
Module: C:\WATCOM/lib386/nt\clib3r.lib(getenv.c)
0040e010       getenv_
Module: C:\WATCOM/lib386/nt\clib3r.lib(fgtattr.c)
0040e0a0       __fixed_GetFileAttributesA_
Module: C:\WATCOM/lib386/nt\clib3r.lib(gtcwdwnt.c)
0040e140       getcwd_
Module: C:\WATCOM/lib386/nt\clib3r.lib(ntdirinf.c)
0040e1d0       __MakeDOSDT_
0040e200*      __FromDOSDT_
0040e230*      __GetNTDirInfo_
0040e270*      __NTFindNextFileWithAttr_
Module: C:\WATCOM/lib386/nt\clib3r.lib(d2ttime.c)
0040e2d0       _d2ttime_
Module: C:\WATCOM/lib386/nt\clib3r.lib(strerror.c)
0040e670       strerror_
0040e690*      _strerror_
0040e760*      _doserror_
00416d48+      __sys_errlist
00416dec+      __sys_nerr
Module: C:\WATCOM/lib386/nt\clib3r.lib(_strcmp)
0040e790       strcmp_
Module: C:\WATCOM/lib386/nt\clib3r.lib(mbspbrk.c)
0040e8d0       _mbspbrk_
Module: C:\WATCOM/lib386/nt\clib3r.lib(mbsinc.c)
0040e920       _mbsinc_
Module: C:\WATCOM/lib386/nt\clib3r.lib(tolower.c)
0040e950       tolower_
Module: C:\WATCOM/lib386/nt\clib3r.lib(unlnkwnt.c)
0040e960       unlink_
Module: C:\WATCOM/lib386/nt\clib3r.lib(chsizwnt.c)
0040e9e0       chsize_
Module: C:\WATCOM/lib386/nt\clib3r.lib(read.c)
0040ead0       read_
Module: C:\WATCOM/lib386/nt\flib7.lib(intarith.c)
0040ec60       AddIOFlo_
0040ec70*      SubIOFlo_
0040ec80       MulIOFlo_
Module: C:\WATCOM/lib386\math387r.lib(strtod.c)
0040f1a3+      __Strtold_
0040f30a       strtod_
Module: C:\WATCOM/lib386/nt\clib3r.lib(abort.c)
0040f463*      abort_
0040f475       __terminate_
00416df0       ___abort
Module: C:\WATCOM/lib386/nt\clib3r.lib(cntrl87.c)
0040f490       _control87_
Module: C:\WATCOM/lib386/nt\clib3r.lib(mthread.c)
0040f670+      __CloseSemaphore_
0040f6b0+      __AccessIOB_
0040f6c0+      __ReleaseIOB_
0040f6d0+      __AccessFileH_
0040f6e0+      __ReleaseFileH_
0040f6f0+      __AccessNHeap_
0040f700+      __ReleaseNHeap_
0040f710+      __AccessFHeap_
0040f720+      __ReleaseFHeap_
0040f730+      __AccessTDList_
0040f740+      __ReleaseTDList_
0040f750+      __AccessFList_
0040f760+      __AccessSemaphore_
0040f7c0+      __ReleaseFList_
0040f7d0+      __ReleaseSemaphore_
0040f800+      __MultipleThread_
0040f850+      __AllocInitThreadData_
0040f8a0*      __FreeInitThreadData_
0040f8b0       __NTThreadInit_
0040f920       __NTAddThread_
0040f970       __NTRemoveThread_
0040fa00       __InitMultipleThread_
00416df4+      ___AccessSema4
00416df8+      ___ReleaseSema4
00416dfc+      ___CloseSema4
Module: C:\WATCOM/lib386/nt\clib3r.lib(xmsgwnt.c)
0040fbc0+      __exit_with_msg_
0040fc20       __fatal_runtime_error_
Module: C:\WATCOM/lib386/nt\clib3r.lib(calloc.c)
0040fc40       calloc_
Module: C:\WATCOM/lib386/nt\clib3r.lib(register.c)
0040fc70       __initthread_
0040fc80*      _beginthread_
0040fc90       _endthread_
0040fca0*      __RegisterThreadData_
Module: C:\WATCOM/lib386/nt\clib3r.lib(nmemneed.c)
0040fcf0       __nmemneed_
Module: C:\WATCOM/lib386/nt\clib3r.lib(grownear.c)
0040fe60       __ExpandDGROUP_
Module: C:\WATCOM/lib386/nt\clib3r.lib(nmsize.c)
0040fe80       _nmsize_
0040fe80*      _msize_
Module: C:\WATCOM/lib386/nt\clib3r.lib(nexpand.c)
0040fe90       _nexpand_
0040fe90*      _expand_
0040fed0+      __HeapManager_expand_
Module: C:\WATCOM/lib386/nt\clib3r.lib(dofilstr.c)
004100b0       __ParsePosixHandleStr_
Module: C:\WATCOM/lib386/nt\clib3r.lib(clearenv.c)
004101d0       clearenv_
Module: C:\WATCOM/lib386/nt\clib3r.lib(__lseek.c)
00410260       __lseek_
Module: C:\WATCOM/lib386/nt\clib3r.lib(fclose.c)
004102a0+      __doclose_
00410340       __shutdown_stream_
00410360*      fclose_
00418fcc+      ___RmTmpFileFn
Module: C:\WATCOM/lib386/nt\clib3r.lib(freefp.c)
004103b0       __freefp_
00410400       __purgefp_
Module: C:\WATCOM/lib386/nt\clib3r.lib(isattwnt.c)
00410430       isatty_
Module: C:\WATCOM/lib386/nt\clib3r.lib(_clsewnt.c)
00410450       __close_
Module: C:\WATCOM/lib386/nt\clib3r.lib(ntfio.c)
004104b0*      __GetNTCreateAttr_
004104f0       __GetNTAccessAttr_
00410520       __GetNTShareAttr_
Module: C:\WATCOM/lib386/nt\clib3r.lib(umaskval.c)
00416e0c       ___umaskval
Module: C:\WATCOM/lib386/nt\clib3r.lib(alphabet.c)
004160a8       ___Alphabet
Module: C:\WATCOM/lib386\math387r.lib(ldcvt.c)
0041065f       _LDScale10x_
00410c06       __LDcvt_
Module: C:\WATCOM/lib386/nt\clib3r.lib(chipvar)
00416eb8       ___chipbug
00416eb8       __chipbug
Module: C:\WATCOM/lib386\math387r.lib(pow87e.c)
00411054       __pow87_err_
Module: C:\WATCOM/lib386/nt\clib3r.lib(chipd32.asm)
004111f3       __fdiv_fpr
004116b5*      __fdiv_chk
004116c8*      __fdiv_m32
00411715*      __fdiv_m64
00411762*      __fdiv_m32r
004117af*      __fdiv_m64r
Module: C:\WATCOM/lib386/nt\clib3r.lib(argcv.c)
00418fd0       __argc
00418fd4       __argv
00418fd8       ___argv
00418fdc       ___argc
Module: C:\WATCOM/lib386/nt\clib3r.lib(mbterm.c)
00411800       _mbterm_
Module: C:\WATCOM/lib386/nt\clib3r.lib(mbsnextc.c)
00411840       _mbsnextc_
Module: C:\WATCOM/lib386/nt\clib3r.lib(mbcupper.c)
00411880       _mbctoupper_
Module: C:\WATCOM/lib386/nt\clib3r.lib(strncpy.c)
004118b0       strncpy_
Module: C:\WATCOM/lib386/nt\clib3r.lib(mktime.c)
004118f0       mktime_
Module: C:\WATCOM/lib386/nt\clib3r.lib(mbschr.c)
00411980       _mbschr_
Module: C:\WATCOM/lib386/nt\clib3r.lib(mbisdbcs.c)
00418fe0       ___IsDBCS
Module: C:\WATCOM/lib386/nt\clib3r.lib(mbislead.c)
004119e0*      _ismbblead_
00418fe4       ___MBCSIsTable
Module: C:\WATCOM/lib386\math387r.lib(bufld386)
004119f8       __ZBuf2LD
Module: C:\WATCOM/lib386\math387r.lib(inf_nan.c)
00411a9b*      ___f_infinity
00411a9f*      ___f_posqnan
00411aa3       ___d_infinity
00411aab       ___d_posqnan
00411ab3*      ___ld_infinity
00411abb*      ___ld_posqnan
Module: C:\WATCOM/lib386/nt\clib3r.lib(hugeval.c)
00411ad0       __HugeValue
Module: C:\WATCOM/lib386/nt\clib3r.lib(trdalloc.c)
00411ae0       __FiniThreadProcessing_
Module: C:\WATCOM/lib386/nt\clib3r.lib(nheapmin.c)
00411af0       _nheapshrink_
00411af0*      _nheapmin_
00411af0*      _heapmin_
00411af0       _heapshrink_
Module: C:\WATCOM/lib386/nt\clib3r.lib(thredwnt.c)
00411c90       __CBeginThread_
00411d30       __CEndThread_
Module: C:\WATCOM/lib386/nt\clib3r.lib(amblksiz.c)
00416ebc       __amblksiz
Module: C:\WATCOM/lib386/nt\clib3r.lib(heapen.c)
00411d70*      _heapenable_
00416ec0       ___heap_enabled
Module: C:\WATCOM/lib386/nt\clib3r.lib(strtol.c)
00411fc0*      strtoul_
00411fd0       strtol_
Module: C:\WATCOM/lib386/nt\clib3r.lib(putenv.c)
00411fe0       putenv_
00412270       __putenv_
Module: C:\WATCOM/lib386/nt\clib3r.lib(flush.c)
004123e0       __flush_
Module: C:\WATCOM/lib386\math387r.lib(ldclass.c)
004124dc       __LDClass_
0041252c*      _FLClass_
Module: C:\WATCOM/lib386/nt\clib3r.lib(chipbug.c)
00412540       __verify_pentium_fdiv_bug_
Module: C:\WATCOM/lib386/nt\clib3r.lib(initargv.c)
004125a0       __Init_Argv_
004125f0+      _getargv_
00412790       __Fini_Argv_
Module: C:\WATCOM/lib386/nt\clib3r.lib(mbconv.c)
004127a0       _mbvtop_
Module: C:\WATCOM/lib386/nt\clib3r.lib(locmktim.c)
004127c0       __local_mktime_
Module: C:\WATCOM/lib386/nt\clib3r.lib(gmtime.c)
00412940       __brktime_
00412a40+      _gmtime_
00412a60*      gmtime_
Module: C:\WATCOM/lib386/nt\clib3r.lib(tzset.c)
00416f50       ___start_dst
00416f74       ___end_dst
0041709c*      _tzname
004170a4       _timezone
004170a8       _daylight
004170ac       ___dst_adjust
00412ad0*      __DontCacheOSTZ_
00412ae0*      __CacheOSTZ_
00412fc0+      __parse_tz_
004133b0       tzset_
Module: C:\WATCOM/lib386/nt\clib3r.lib(timeutil.c)
00413520       __isindst_
Module: C:\WATCOM/lib386/nt\clib3r.lib(mbclen.c)
00413850       _mbclen_
Module: C:\WATCOM/lib386/nt\clib3r.lib(mbccmp.c)
00413880       _mbccmp_
Module: C:\WATCOM/lib386/nt\clib3r.lib(mbinit.c)
004138f5       __mbinit_
004170b4       ___MBCodePage
Module: C:\WATCOM/lib386/nt\clib3r.lib(mbslen.c)
004139f0       _mbslen_
Module: C:\WATCOM/lib386/nt\clib3r.lib(mbstowcs.c)
00413a20       mbstowcs_
Module: C:\WATCOM/lib386/nt\clib3r.lib(uputenv.c)
00413aa0*      _wputenv_
00413cc0       __wputenv_
Module: C:\WATCOM/lib386/nt\clib3r.lib(fsync.c)
00413dc0       fsync_
Module: C:\WATCOM/lib386/nt\clib3r.lib(qwrit.c)
00413e10       __qwrite_
Module: C:\WATCOM/lib386/nt\clib3r.lib(histsplt.c)
004190ec       ___historical_splitparms
Module: C:\WATCOM/lib386/nt\clib3r.lib(leapyear.c)
00413ef0       __leapyear_
004160d8       ___diyr
004160f2       ___dilyr
Module: C:\WATCOM/lib386/nt\clib3r.lib(wcstombs.c)
00413f30       wcstombs_
Module: C:\WATCOM/lib386/nt\clib3r.lib(mbtowc.c)
00413fd0       mbtowc_
Module: C:\WATCOM/lib386/nt\clib3r.lib(ustrchr.c)
00414060       wcschr_
Module: C:\WATCOM/lib386/nt\clib3r.lib(setenvar.c)
00414080       __lib_SetEnvironmentVariableW_
Module: C:\WATCOM/lib386/nt\clib3r.lib(crtwenv.c)
00414170       __create_wide_environment_
Module: C:\WATCOM/lib386/nt\clib3r.lib(utoupper.c)
004141d8       towupper_
Module: C:\WATCOM/lib386/nt\clib3r.lib(wctomb.c)
004141f0       wctomb_


                        +----------------------+
                        |   Imported Symbols   |
                        +----------------------+

Symbol                              Module
======                              ======

_GetEnvironmentStringsA@0           KERNEL32.DLL
_GetVersion@0                       KERNEL32.DLL
_GetModuleFileNameA@12              KERNEL32.DLL
_GetCommandLineA@0                  KERNEL32.DLL
_GetCommandLineW@0                  KERNEL32.DLL
_FreeEnvironmentStringsA@4          KERNEL32.DLL
_GetModuleHandleA@4                 KERNEL32.DLL
_ExitProcess@4                      KERNEL32.DLL
_RtlUnwind@16                       KERNEL32.DLL
_MessageBoxA@16                     USER32.DLL
_SetStdHandle@8                     KERNEL32.DLL
_CreateEventA@16                    KERNEL32.DLL
_GetStdHandle@4                     KERNEL32.DLL
_CloseHandle@4                      KERNEL32.DLL
_GetModuleFileNameW@12              KERNEL32.DLL
_MultiByteToWideChar@24             KERNEL32.DLL
_LoadLibraryA@4                     KERNEL32.DLL
_GetProcAddress@8                   KERNEL32.DLL
_WriteFile@20                       KERNEL32.DLL
_SetUnhandledExceptionFilter@4      KERNEL32.DLL
_UnhandledExceptionFilter@4         KERNEL32.DLL
_VirtualQuery@12                    KERNEL32.DLL
_SetFilePointer@16                  KERNEL32.DLL
_GetLastError@0                     KERNEL32.DLL
_GetFileType@4                      KERNEL32.DLL
_GetCurrentThreadId@0               KERNEL32.DLL
_GetFullPathNameA@16                KERNEL32.DLL
_GetFileInformationByHandle@8       KERNEL32.DLL
_GetFileTime@16                     KERNEL32.DLL
_GetFileSize@8                      KERNEL32.DLL
_CreateFileA@28                     KERNEL32.DLL
_GetDriveTypeA@4                    KERNEL32.DLL
_FindFirstFileA@8                   KERNEL32.DLL
_FindClose@4                        KERNEL32.DLL
_SetConsoleCtrlHandler@8            KERNEL32.DLL
_TlsGetValue@4                      KERNEL32.DLL
_TlsSetValue@8                      KERNEL32.DLL
_GetFileAttributesA@4               KERNEL32.DLL
_GetCurrentDirectoryA@8             KERNEL32.DLL
_FileTimeToLocalFileTime@8          KERNEL32.DLL
_FileTimeToDosDateTime@12           KERNEL32.DLL
_DosDateTimeToFileTime@12           KERNEL32.DLL
_LocalFileTimeToFileTime@8          KERNEL32.DLL
_FindNextFileA@8                    KERNEL32.DLL
_FormatMessageA@28                  KERNEL32.DLL
_DeleteFileA@4                      KERNEL32.DLL
_SetEndOfFile@4                     KERNEL32.DLL
_ReadFile@20                        KERNEL32.DLL
_InitializeCriticalSection@4        KERNEL32.DLL
_DeleteCriticalSection@4            KERNEL32.DLL
_LeaveCriticalSection@4             KERNEL32.DLL
_EnterCriticalSection@4             KERNEL32.DLL
_SetLastError@4                     KERNEL32.DLL
_TlsAlloc@0                         KERNEL32.DLL
_TlsFree@4                          KERNEL32.DLL
_VirtualAlloc@16                    KERNEL32.DLL
_CharUpperA@4                       USER32.DLL
_VirtualFree@12                     KERNEL32.DLL
_CreateThread@24                    KERNEL32.DLL
_ResumeThread@4                     KERNEL32.DLL
_ExitThread@4                       KERNEL32.DLL
_SetEnvironmentVariableA@8          KERNEL32.DLL
_GetTimeZoneInformation@4           KERNEL32.DLL
_GetACP@0                           KERNEL32.DLL
_GetOEMCP@0                         KERNEL32.DLL
_GetCPInfo@8                        KERNEL32.DLL
_FlushFileBuffers@4                 KERNEL32.DLL
_SetEnvironmentVariableW@8          KERNEL32.DLL
_WideCharToMultiByte@32             KERNEL32.DLL


                        +--------------------+
                        |   Libraries Used   |
                        +--------------------+

C:\WATCOM/lib386/nt\kernel32.lib
C:\WATCOM/lib386/nt\user32.lib
C:\WATCOM/lib386/nt\flib7.lib
C:\WATCOM/lib386\math387r.lib
C:\WATCOM/lib386/nt\clib3r.lib
C:\WATCOM/lib386/nt\emu387.lib


                        +-----------------------+
                        |   Linker Statistics   |
                        +-----------------------+

Stack size:  00010000 (65536.)
Memory size:  00026c44 (158788.)
Entry point address: 004015d0
Link time: 00:00.65
