Open Watcom Linker Version 1.9
Portions Copyright (c) 1985-2002 Sybase, Inc. All Rights Reserved.
Created on:       11/11/12 09:11:37
Executable Image: srip.exe
creating a Windows NT character-mode executable


                        +------------+
                        |   Groups   |
                        +------------+

Group                           Address              Size
=====                           =======              ====

.idata                          00416000             00000786
DGROUP                          00417000             00013280



                        +--------------+
                        |   Segments   |
                        +--------------+

Segment                Class          Group          Address         Size
=======                =====          =====          =======         ====

BEGTEXT                CODE           AUTO           00401000        00000007
_TEXT                  CODE           AUTO           00401010        00014718
TRANSFER CODE          CODE           AUTO           00415728        0000019e
.idata                 .idata         .idata         00416000        00000786
_NULL                  BEGDATA        DGROUP         00417000        00000004
_AFTERNULL             BEGDATA        DGROUP         00417004        00000000
CONST                  DATA           DGROUP         00417010        00000148
_DATA                  DATA           DGROUP         00417160        00001168
XIB                    DATA           DGROUP         004182c8        00000000
XI                     DATA           DGROUP         004182c8        0000004e
XIE                    DATA           DGROUP         00418316        00000000
YIB                    DATA           DGROUP         00418316        00000000
YI                     DATA           DGROUP         00418316        00000030
YIE                    DATA           DGROUP         00418346        00000000
CONST2                 DATA           DGROUP         00418348        00000000
TIB                    DATA           DGROUP         00418348        00000000
TI                     DATA           DGROUP         00418348        00000000
TIE                    DATA           DGROUP         00418348        00000000
DATA                   DATA           DGROUP         00418348        00000000
DATA32                 DATA           DGROUP         00418348        0000011c
CONST32                CONST          DGROUP         00419000        00000000
_BSS                   BSS            DGROUP         00419000        000010f0
GDATA@0                BSS            DGROUP         0041a0f0        00000190
BSS32                  BSS            DGROUP         0041a280        00000000
STACK                  STACK          DGROUP         0041a280        00010000


                        +----------------+
                        |   Memory Map   |
                        +----------------+

* = unreferenced symbol
+ = symbol only referenced locally

Address        Symbol
=======        ======

Module: strip.obj(E:\Projects\compphys\compph\strip.for)
00401010       FMAIN
Module: C:\WATCOM/lib386/nt\flib7.lib(cowrite)
0040139e       RT@IOWrite
004013ad*      RT@OutLOG1
004013bf*      RT@OutLOG4
004013cd*      RT@OutINT1
004013df*      RT@OutINT2
004013ef*      RT@OutINT4
004013fe*      RT@OutREAL
0040140e*      RT@OutDBLE
0040141e*      RT@OutXTND
0040142e*      RT@OutCPLX
00401444*      RT@OutDBCX
0040145a*      RT@OutXTCX
00401470       RT@OutCHAR
00401475*      RT@OutSTR
0040147a*      RT@PrtArr
0040147f*      RT@PrtChArr
Module: C:\WATCOM/lib386/nt\flib7.lib(cortns)
004171e0*      _FRT_SaveESP
0040148f*      SwitchToGen
004014ad       SwitchToRT
004014cb       RdWrCommon
0040156f       IOType_
0040158d       IOChar
004015a8       IOStr
004015bd       IOArr
004015d8       IOChArr
004015fa       RT@EndIO
Module: C:\WATCOM/lib386/nt\flib7.lib(setunit.c)
00401610       RT@SetUnit
Module: C:\WATCOM/lib386/nt\flib7.lib(setfmt.c)
00401650       RT@SetFmt
Module: C:\WATCOM/lib386/nt\flib7.lib(coread)
00401670       RT@IORead
0040167f*      RT@InpLOG1
0040168e*      RT@InpLOG4
0040169d*      RT@InpINT1
004016ac*      RT@InpINT2
004016bb*      RT@InpINT4
004016ca*      RT@InpREAL
004016d9*      RT@InpDBLE
004016e8*      RT@InpXTND
004016f7*      RT@InpCPLX
00401706*      RT@InpDBCX
00401715*      RT@InpXTCX
00401724       RT@InpCHAR
00401729*      RT@InpSTR
0040172e*      RT@InpArr
00401733*      RT@InpChArr
Module: C:\WATCOM/lib386/nt\flib7.lib(setfile.c)
00401740       RT@SetFile
Module: C:\WATCOM/lib386/nt\flib7.lib(setexst.c)
00401760       RT@SetExst
Module: C:\WATCOM/lib386/nt\flib7.lib(setopen.c)
00401780       RT@SetOpen
Module: C:\WATCOM/lib386/nt\flib7.lib(exinq.c)
00401890       RT@IOInq
Module: C:\WATCOM/lib386/nt\flib7.lib(setstat.c)
004018b0       RT@SetStat
Module: C:\WATCOM/lib386/nt\flib7.lib(exopen.c)
00402000       RT@IOOpen
00417200+      _AccModTab
00417210+      _FormTab
0041721c+      _OpStatTab
00417230+      _BlnkTab
0041723c+      _RecFmTab
0041724c+      _CCtrlTab
00417258+      _ActionTab
00417268+      _ShareTab
Module: C:\WATCOM/lib386/nt\flib7.lib(setend.c)
00402020       RT@SetEnd
Module: C:\WATCOM/lib386/nt\flib7.lib(exclose.c)
00402120       RT@IOClose
Module: C:\WATCOM/lib386/nt\flib7.lib(lexcmp.c)
00402160+      LexStrCmp_
004021c0       RT@LexCmp
Module: C:\WATCOM/lib386/nt\flib7.lib(stop.c)
00402200       RT@Stop
00417290+      LG@STOP_HOOK
Module: C:\WATCOM/lib386/nt\clib3r.lib(cstrtwnt)
00402270       _cstart_
00402270*      mainCRTStartup
Module: C:\WATCOM/lib386/nt\clib3r.lib(_8087)
00417294       __8087
00417295       __real87
Module: C:\WATCOM/lib386/nt\emu387.lib(386)
004022cc       __init_387_emulator
004022cd*      __fini_387_emulator
Module: C:\WATCOM/lib386/nt\flib7.lib(initeng.c)
00419000       __init_english
Module: C:\WATCOM/lib386/nt\flib7.lib(initerr.c)
00419004       __init_error
Module: C:\WATCOM/lib386/nt\flib7.lib(exwrite.c)
00402340       DoWrite_
Module: C:\WATCOM/lib386/nt\flib7.lib(setiocb.c)
00402370       RT@SetIOCB
Module: C:\WATCOM/lib386/nt\flib7.lib(rdata.c)
00419010       _IORslt
00419020       _FmtBuff
00419024*      _Fmt_revert
00419028*      _Fmt_start
0041902c*      _Fmt_paren_level
00419030*      _Fmt_charptr
00419034*      _FmtEmStruct
00419038       _IOTypeRtn
0041903c*      _Fmt_end
00419040*      _Fmt_rep_spec
00419044       _FmtRoutine
00419048       _IOCB
0041904c       _Files
00419050*      _Fmt_delimited
Module: C:\WATCOM/lib386/nt\flib7.lib(iomain.c)
00402400       __ReleaseIOSys_
00402420       IOMain_
Module: C:\WATCOM/lib386/nt\clib3r.lib(crwdata)
004172dc       __osmajor
004172dd       __osminor
004172de       __osbuild
004172e0       __osver
004172e4       __winmajor
004172e8       __winminor
004172ec       __winver
004172a8       __LpDllName
004172ac       __LpwCmdLine
004172b0       __LpwPgmName
004172b4       __LpwDllName
004172a0       __LpCmdLine
004172a4       __LpPgmName
00417298*      __dynend
0041729c       __curbrk
004172b8*      __STACKLOW
004172bc       __STACKTOP
004172c0       __ASTACKSIZ
004172c4       __ASTACKPTR
004172c8*      __cbyte
004172cc*      __cbyte2
004172d0*      __child
004172d6       __Envptr
004172da*      __Envseg
004172d4       __no87
004172f0       ___FPE_handler
Module: C:\WATCOM/lib386/nt\flib7.lib(thrdutil.c)
00402630*      __InitMultiThreadIO_
004172f8       ___SwitchStkLow
Module: C:\WATCOM/lib386/nt\flib7.lib(rfmtexec.c)
00402f70       R_FExec_
Module: C:\WATCOM/lib386/nt\flib7.lib(exread.c)
00403020       DoRead_
Module: C:\WATCOM/lib386/nt\flib7.lib(ioerr.c)
00403080       IOErr_
Module: C:\WATCOM/lib386/nt\flib7.lib(rtutls.c)
00403130       FindFtnFile_
00403220       RChkAlloc_
00403250       F_Connect_
004032d0       ConnectFile_
004032e0       GetFileInfo_
004033d0       DiscoFile_
00403440*      ChkFileName_
00403470+      ChkLogFile_
004034b0       ChkIOOperation_
004034f0       GetIOErr_
00403500       ChkIOErr_
00403520       ChkUnitId_
00403560*      ChkConnected_
00403580       SetEOF_
004035b0       ClearEOF_
004035f0       SysEOF_
00403620       IsFixed_
00403630       IsCarriage_
00403640*      ChkRecordStructure_
00403670*      ChkSequential_
00403690*      ChkExist_
004036c0       StrItem_
Module: C:\WATCOM/lib386/nt\flib7.lib(rtinq.c)
00403780       FindFName_
004037e0       DfltInq_
00403a20       InqExList_
00403b00       InqOdList_
Module: C:\WATCOM/lib386/nt\flib7.lib(exutil.c)
00403d90       FindKWord_
00403e20*      ClrBuff_
0041738c       _SpecId
Module: C:\WATCOM/lib386/nt\flib7.lib(rtsysutl.c)
00403e40       GetSysIOInfo_
00403e60       GetSysFileInfo_
00403e90       IsDevice_
00404060       OpenAction_
004040a0       DfltRecType_
004040c0+      _FileAttrs_
00404180       CloseFile_
004041f0       Scrtched_
00404210       CloseDeleteFile_
00404260       Errf_
00404280       FPutBuff_
004042f0       FGetBuff_
00404340       SeekFile_
00404360       NoEOF_
00404370       SysClearEOF_
00404380       SameFile_
00404390*      Rewindf_
004043b0       SysCreateFile_
004043f0       CheckLogicalRecord_
00404410       SkipLogicalRecord_
00404430*      BackSpacef_
00404460*      EndFilef_
004044a0       GetIOErrMsg_
004044e0       ReportNExist_
00404500       ReportEOF_
00404510*      WaitForEnter_
Module: C:\WATCOM/lib386/nt\flib7.lib(runmain.c)
00404520*      __InitUnit6CC_
00404530       __DevicesCC_
00404540*      __InitAllowCommaSeparator_
00404550       __AllowCommaSep_
00404560+      _InitIO_
004045d0+      CloseAllFiles_
00404610*      _FiniEx_
00404610       RunExit_
00404650       RunEntry_
Module: C:\WATCOM/lib386/nt\flib7.lib(rdwr.c)
00404680       DoOpen_
004046b0+      _AllocBuffer_
004046f0       IOPrologue_
00404930       UpdateRecNum_
Module: C:\WATCOM/lib386/nt\flib7.lib(rtinit.c)
004173b8       ___FAppType
004173bc       __ExceptionInit
004173c0       __ExceptionFini
00404980*      __InitFThreadData_
004049c0+      RTSysFini_
004049d0       RTSysInit_
004173c8       __AccessFIO
004173cc       __ReleaseFIO
004173d0       __PartialReleaseFIO
00419058       ___FThreadDataOffset
004182e6*      ___fthread_data_size
Module: C:\WATCOM/lib386/nt\clib3r.lib(mainwnt.c)
004173d4       ___TlsIndex
004173d8       ___FirstThreadData
004173dc       ___GetThreadPtr
004173e0       __AccessFileH
004173e4       __ReleaseFileH
004173e8       __AccessIOB
004173ec       __ReleaseIOB
004173f0       __AccessNHeap
004173f4       __AccessFHeap
004173f8       __ReleaseNHeap
00404a40*      __threadid_
00404a60+      __sig_null_rtn_
00404a70+      __NTInit_
00404c50+      __NTFini_
00404cb0       __NTMainInit_
00404d10       __exit_
004173fc       __ReleaseFHeap
00417400       __AccessTDList
00417404       __ReleaseTDList
00417408       __AccessFList
0041740c       __ReleaseFList
00417410       __ThreadExitRtn
00417414       ___sig_init_rtn
00417418       ___sig_fini_rtn
0041741c       ___process_fini
00419064       ___Is_DLL
Module: C:\WATCOM/lib386/nt\flib7.lib(spawn.c)
00404d60       Spawn_
00404dc0       Suicide_
Module: C:\WATCOM/lib386/nt\flib7.lib(rterr.c)
00417420+      _TraceRoutine
00404e20       FlushStdUnit_
00404e70+      WriteErr_
00404f40       ErrHandler_
00404f80       RTErr_
0041742c+      LG@ERR_HOOK
Module: C:\WATCOM/lib386/nt\flib7.lib(stdio.c)
00404fc0       StdBuffer_
00404fe0       StdWrite_
004050c0       StdFlush_
004050f0       StdWriteNL_
Module: C:\WATCOM/lib386/nt\clib3r.lib(main2wnt.c)
00405120       __NTMain
Module: C:\WATCOM/lib386/nt\clib3r.lib(segdefns)
00401003       ___begtext
00417000*      __nullarea
004182c8       __Start_XI
00418316       __End_XI
00418316       __Start_YI
00418346       __End_YI
Module: C:\WATCOM/lib386/nt\clib3r.lib(chk8087.c)
004051a0*      _fpreset_
004051e0       __chk8087_
004051f0*      __init_8087_
Module: C:\WATCOM/lib386/nt\flib7.lib(english.c)
00405240       __UseEnglishCharSet_
Module: C:\WATCOM/lib386/nt\flib7.lib(errincl.c)
00405350       __InitError_
00417838+      _PGroupTable
0041783c+      _PErrWord
Module: C:\WATCOM/lib386/nt\flib7.lib(unfmtout.c)
00405450       UnFmtOut_
Module: C:\WATCOM/lib386/nt\flib7.lib(freeout.c)
004058a0       FreeOut_
00417840+      _OutRtn
Module: C:\WATCOM/lib386/nt\flib7.lib(ioinit.c)
00405990       IOSysInit_
Module: C:\WATCOM/lib386/nt\flib7.lib(wrutils.c)
004059c0       F_SendData_
00405a20*      SendLine_
00405a30       SendEOR_
00405ac0*      SendInt_
00405af0       SendStr_
00405b10+      SendWSLStr_
00405b30       SendChar_
00405b50       Drop_
00405d10       IOItemResult_
Module: C:\WATCOM/lib386/nt\flib7.lib(rfmtutil.c)
00405dc0       R_ChkType_
00405df0       R_NewRec_
00405e30       R_ChkIType_
00405e60       R_ChkFType_
00405e90       R_ChkRecLen_
00405eb0+      GetLen_
00405ef0       R_FOStr_
00405f00*      FOString_
00405f70       R_FIStr_
00406030       R_FOLog_
00406080       R_FILog_
00406160       R_FIFloat_
00406350       GetReal_
00406460       R_FOF_
004064e0       R_FOE_
00406620+      FmtH2B_
00406710       R_FIHex_
00406890       R_FOHex_
004068a0*      FOHex_
004069a0       R_FIInt_
00406ab0       R_FOInt_
00406d10       R_FOG_
00406f90+      ChkBuffLen_
Module: C:\WATCOM/lib386/nt\flib7.lib(arrayio.c)
00407050       ArrayIOType_
Module: C:\WATCOM/lib386/nt\flib7.lib(unfmtin.c)
004070d0       UnFmtIn_
00407170+      NextUnFmtRec_
Module: C:\WATCOM/lib386/nt\flib7.lib(freein.c)
00407550+      GetNum_
00407750       FreeIn_
00407760*      DoFreeIn_
00407790+      BumpComma_
004077c0+      Blanks_
004077e0+      CheckEor_
Module: C:\WATCOM/lib386/nt\flib7.lib(blderr.c)
00407e70       Substitute_
00408030       ErrCodOrg_
Module: C:\WATCOM/lib386/nt\flib7.lib(fdutil.c)
00408040       LocFile_
00408050       LocUnit_
00408080       ExtractInfo_
Module: C:\WATCOM/lib386/nt\flib7.lib(rstdio.c)
004081b0       _InitStandardInput_
004081e0       _InitStandardOutput_
Module: C:\WATCOM/lib386/nt\flib7.lib(rmemmgr.c)
00408210       RMemAlloc_
00408220       RMemFree_
Module: C:\WATCOM/lib386/nt\clib3r.lib(memset.c)
00408230       memset_
Module: C:\WATCOM/lib386/nt\flib7.lib(deffname.c)
00417878       _DefFName
Module: C:\WATCOM/lib386/nt\flib7.lib(stracc.c)
00408250       TrimStr_
00408290       GetStr_
Module: C:\WATCOM/lib386/nt\flib7.lib(sysinq.c)
004082c0       InqSeq_
004082e0       InqDir_
00408310       InqUnFmtd_
00408310       InqFmtd_
Module: C:\WATCOM/lib386/nt\clib3r.lib(memicmp.c)
00408320       memicmp_
Module: C:\WATCOM/lib386/nt\clib3r.lib(accsswnt.c)
00408360       access_
Module: C:\WATCOM/lib386/nt\clib3r.lib(fullpath.c)
004083a0+      _sys_fullpath_
00408420       _fullpath_
Module: C:\WATCOM/lib386/nt\clib3r.lib(fstatwnt.c)
00408490       fstat_
Module: C:\WATCOM/lib386/nt\flib7.lib(poserr.c)
004087f0       Errorf_
00408810*      EOFile_
00408830       ErrorMsg_
00408870       FSetTrunc_
00408880       FSetSysErr_
004088a0       FSetErr_
004088c0       FSetEof_
004088e0       IOOk_
Module: C:\WATCOM/lib386/nt\clib3r.lib(statwnt.c)
00408a05       stat_
Module: C:\WATCOM/lib386/nt\flib7.lib(posopen.c)
00408c40       InitStd_
00408d00       SetIOBufferSize_
00408d20+      _AllocFile_
00408e10       Openf_
00408f00       Closef_
Module: C:\WATCOM/lib386/nt\flib7.lib(posdat.c)
00417a68       _FStdIn
00417a6c       _FStdOut
00417a70       _FStdErr
Module: C:\WATCOM/lib386/nt\flib7.lib(posflush.c)
00408f80       FlushBuffer_
Module: C:\WATCOM/lib386/nt\flib7.lib(posdel.c)
00409030       Scratchf_
Module: C:\WATCOM/lib386/nt\clib3r.lib(nodefwin.c)
00417a74*      __WindowsIsWindowedHandle
00417a78*      __WindowsRemoveWindowedHandle
00417a7c*      __WindowsNewWindow
00417a80*      __WindowsCloseWindow
00417a84*      __WindowsSetAbout
00417a88*      __WindowsSetAppTitle
00417a8c*      __WindowsSetConTitle
00417a90*      __WindowsDestroyOnClose
00417a94*      __WindowsYieldControl
00417a98*      __WindowsShutDown
00417a9c*      __WindowsStdin
00417aa0       __WindowsStdout
00417aa4*      __WindowsKbhit
00417aa8*      __WindowsGetch
00417aac*      __WindowsGetche
00417ab0*      __WindowsPutch
00409050*      _dwShutDown_
00409050*      _dwYield_
00409050*      _dwSetConTitle_
00409050*      _dwSetAppTitle_
00409050*      _dwSetAboutDlg_
00409050       _dwDeleteOnClose_
00417ab4*      __WindowsExitRtn
00419684*      __init_default_win
Module: C:\WATCOM/lib386/nt\flib7.lib(posput.c)
00409060       FPutRec_
004090a0       ChopFile_
004090f0*      PutRec_
00409210       writebytes_
00409290       SysWrite_
Module: C:\WATCOM/lib386/nt\flib7.lib(posget.c)
004093d0       readbytes_
004094a0       SysRead_
00409910       FGetRec_
00409940*      GetRec_
00409960       GetStdChar_
004099b0       FCheckLogical_
00409a30       FSkipLogical_
00409b00*      FGetVarRecLen_
Module: C:\WATCOM/lib386/nt\flib7.lib(posseek.c)
00409bf0       FSeekRec_
00409c30       CurrFileOffset_
00409c30       FGetFilePos_
00409c50       SysSeek_
00409e40*      FSeekAbs_
Module: C:\WATCOM/lib386/nt\clib3r.lib(stricmp.c)
00409e50       stricmp_
Module: C:\WATCOM/lib386/nt\flib7.lib(posrew.c)
00409e90       FRewind_
Module: C:\WATCOM/lib386/nt\flib7.lib(posback.c)
00409f00       FBackspace_
Module: C:\WATCOM/lib386/nt\flib7.lib(postrunc.c)
00409fe0       FTruncate_
Module: C:\WATCOM/lib386/nt\clib3r.lib(errno.c)
0040a000       __get_errno_ptr_
0040a010*      __get_doserrno_ptr_
Module: C:\WATCOM/lib386/nt\flib7.lib(sdfile.c)
00417ab8*      _FFCtrlSeq
00417aba*      _SkipCtrlSeq
00417abc       _NormalCtrlSeq
00417abe       _SDTermIn
00417ac2       _SDTermOut
00417ac6*      _SDPrtName
Module: C:\WATCOM/lib386/nt\flib7.lib(rttraps.c)
0040a110       __EnableF77RTExceptionHandling_
0040a120       R_TrapInit_
0040a1b0       R_TrapFini_
0040a1c0*      __InitExceptionVectors_
Module: C:\WATCOM/lib386/nt\flib7.lib(errrtns.c)
00419688       ___ErrorFini
0041968c       ___ErrorInit
00419690       ___BldErrMsg
Module: C:\WATCOM/lib386/nt\clib3r.lib(atexit.c)
0040a1e0       atexit_
Module: C:\WATCOM/lib386/nt\clib3r.lib(regdata.c)
0040a240       __RegisterThreadDataSize_
Module: C:\WATCOM/lib386/nt\clib3r.lib(hdlman.c)
00417acc+      ___NHandles
00417ad0+      ___OSHandles
00417ad4+      ___FakeHandles
0040a270+      __growPOSIXHandles_
0040a310       __allocPOSIXHandle_
0040a3d0       __freePOSIXHandle_
0040a3f0       __getOSHandle_
0040a400       __setOSHandle_
0040a450+      __NTGetFakeHandle_
0040a4c0       __initPOSIXHandles_
0040a5a0*      __set_handles_
0040a5b0*      _grow_handles_
Module: C:\WATCOM/lib386/nt\clib3r.lib(environ.c)
00419718       ___env_mask
0041971c       _environ
00419720       __wenviron
Module: C:\WATCOM/lib386/nt\clib3r.lib(getmodfn.c)
0040a5f0       __lib_GetModuleFileNameW_
Module: C:\WATCOM/lib386/nt\clib3r.lib(strdup.c)
0040a690       __clib_strdup_
Module: C:\WATCOM/lib386/nt\clib3r.lib(istable.c)
0040a6d0       __IsTable
Module: C:\WATCOM/lib386/nt\clib3r.lib(ustrdup.c)
0040a7d1       __clib_wcsdup_
Module: C:\WATCOM/lib386/nt\clib3r.lib(nfree.c)
0040a800       _nfree_
0040a800       free_
00419724       ___MiniHeapFreeRover
Module: C:\WATCOM/lib386/nt\clib3r.lib(excptwnt.c)
0040af70+      ___ReportException@4
0040b3c0       __DefaultExceptionHandler_
0040b400+      ___ExceptionFilter
0040b610       __NewExceptionFilter_
0040b640       __DoneExceptionFilter_
00417ae0       ___oscode_check_func
00417ae4       ___raise_func
00419728*      _sw
0041972c       ___ExceptionHandled
0041972d+      ___ReportInvoked
Module: C:\WATCOM/lib386/nt\clib3r.lib(stklmwnt.c)
0040b680       __init_stack_limits_
Module: C:\WATCOM/lib386/nt\clib3r.lib(initrtns.c)
0040b700       __InitRtns
0040b750       __FiniRtns
Module: C:\WATCOM/lib386/nt\clib3r.lib(setjmp)
0040b7a4       _setjmp_
0040b7dd       longjmp_
Module: C:\WATCOM/lib386/nt\clib3r.lib(exit.c)
0040b865+      __null_int23_exit_
0040b866       exit_
0040b8b6*      _exit_
00417afc+      ___int23_exit
00417b00+      ___FPE_handler_exit
Module: C:\WATCOM/lib386/nt\flib7.lib(errutil.c)
0040b8d0       BldErrCode_
0040b930*      MsgFormat_
0040b960*      MsgBuffer_
00417b04+      _PGrpCodes
Module: C:\WATCOM/lib386/nt\clib3r.lib(enterdb.c)
0040b990       __EnterWVIDEO_
00417b08       ___WD_Present
Module: C:\WATCOM/lib386/nt\clib3r.lib(iob.c)
00417b0c       ___iob
00417d14       __fmode
00419730       ___OpenStreams
00419734       ___ClosedStreams
Module: C:\WATCOM/lib386/nt\clib3r.lib(setmd.c)
0040b9c0       setmode_
Module: C:\WATCOM/lib386/nt\clib3r.lib(write.c)
0040bd00       write_
Module: C:\WATCOM/lib386/nt\clib3r.lib(mthrdini.c)
0040bf60       __InitThreadData_
00417d18       ___ThreadDataSize
Module: C:\WATCOM/lib386/nt\clib3r.lib(cmain386.c)
0040bf90       __CMain
Module: C:\WATCOM/lib386/nt\clib3r.lib(dosseg)
00001234       __DOSseg__
Module: C:\WATCOM/lib386/nt\clib3r.lib(8087cw.c)
00417d1c       __8087cw
Module: C:\WATCOM/lib386/nt\clib3r.lib(save8087.c)
00417d20       ___Save8087
00417d24       ___Rest8087
Module: C:\WATCOM/lib386/nt\clib3r.lib(init8087)
0040bfd4       __x87id
Module: C:\WATCOM/lib386/nt\flib7.lib(csetinfo.c)
00419738       _CharSetInfo
Module: C:\WATCOM/lib386/nt\flib7.lib(errmsg.c)
0040c340       _GroupTable
0040c3f0       _ErrWord
Module: C:\WATCOM/lib386/nt\flib7.lib(unfmtutl.c)
0040ca20       _SizeVars
Module: C:\WATCOM/lib386/nt\flib7.lib(undefcg.c)
0040cac0       OutLogCG_
0040cad0       OutIntCG_
0040cb10+      FmtRealCG_
0040cb40+      FmtDoubleCG_
0040cb70+      FmtExtendedCG_
0040cba0+      UndefIntCG_
0040cba0+      UndefLogCG_
0040cba0+      UndefExtendedCG_
0040cba0+      UndefDoubleCG_
0040cba0+      UndefRealCG_
0040cbb0+      GetRealCG_
00417d28       _FmtRealRtn
00417d2c       _FmtDoubleRtn
00417d30       _FmtExtendedRtn
00417d34       _SendStrRtn
00417d38       _UndefRealRtn
00417d3c       _UndefDoubleRtn
00417d40       _UndefExtendedRtn
00417d44       _UndefLogRtn
00417d48       _UndefIntRtn
00417d4c       _GetRealRtn
Module: C:\WATCOM/lib386/nt\flib7.lib(cctrl.c)
0040cbc0       CheckCCtrl_
Module: C:\WATCOM/lib386/nt\flib7.lib(ifile.c)
0040cc30       SendIFBuff_
0040cc60       NextIFBuff_
Module: C:\WATCOM/lib386/nt\clib3r.lib(ltoa.c)
0040cc90       ultoa_
0040cce0       ltoa_
Module: C:\WATCOM/lib386/nt\flib7.lib(rdutils.c)
0040cd10       NextRec_
Module: C:\WATCOM/lib386/nt\flib7.lib(rfmtlog.c)
0040ce30       R_FmtLog_
Module: C:\WATCOM/lib386/nt\clib3r.lib(toupper.c)
0040ce60       toupper_
Module: C:\WATCOM/lib386/nt\flib7.lib(fmtcnvt.c)
0040ce70       FmtS2I_
0040cfa0       FmtS2F_
Module: C:\WATCOM/lib386/nt\flib7.lib(fmtrtns.c)
0040d370       R_F2E_
0040d4e0       R_F2F_
0040d670       SetMaxPrec_
Module: C:\WATCOM/lib386/nt\flib7.lib(flt86.c)
0040d680       _P1d100
0040d688       _P1d_99
Module: C:\WATCOM/lib386\math387r.lib(pow87)
0040d7e9*      pow_
0040d690       IF@DPOW
0040d690*      IF@POW
Module: C:\WATCOM/lib386/nt\flib7.lib(hexcnv.c)
0040d810       Hex_
0040d830*      HSToB_
0040d8a0       BToHS_
Module: C:\WATCOM/lib386/nt\clib3r.lib(strupr.c)
0040d8f0       strupr_
Module: C:\WATCOM/lib386/nt\flib7.lib(chrutils.c)
0040d910       JmpBlanks_
Module: C:\WATCOM/lib386/nt\clib3r.lib(memmove.c)
0040d930       memmove_
Module: C:\WATCOM/lib386/nt\clib3r.lib(itoa.c)
0040d990       utoa_
0040d9e0       itoa_
Module: C:\WATCOM/lib386/nt\clib3r.lib(getenv.c)
0040da10       getenv_
Module: C:\WATCOM/lib386/nt\clib3r.lib(nmalloc.c)
0040daa0       _nmalloc_
0040daa0       malloc_
00417d50       ___nheapbeg
00417d54       ___MiniHeapRover
00417d58       ___LargestSizeB4MiniHeapRover
Module: C:\WATCOM/lib386/nt\clib3r.lib(__stos)
0040dba0       __STOSB
0040dbd7*      __STOSD
Module: C:\WATCOM/lib386/nt\clib3r.lib(fgtattr.c)
0040dc50       __fixed_GetFileAttributesA_
Module: C:\WATCOM/lib386/nt\clib3r.lib(dosret.c)
0040dcf0*      _dosretax_
0040dd00*      _dosret0_
0040dd10       __set_errno_dos_
0040dd40*      __set_errno_dos_reterr_
0040dd50       __set_errno_nt_
0040dd60*      __set_errno_nt_reterr_
Module: C:\WATCOM/lib386/nt\clib3r.lib(seterrno.c)
0040dd74       __set_errno_
0040dd82*      __set_EDOM_
0040dd90       __set_ERANGE_
0040dd9e*      __set_EINVAL_
0040ddb1       __set_doserrno_
Module: C:\WATCOM/lib386/nt\clib3r.lib(gtcwdwnt.c)
0040ddc0       getcwd_
Module: C:\WATCOM/lib386/nt\clib3r.lib(iomode.c)
0040de50       __GetIOMode_
0040de70       __SetIOMode_nogrow_
00417e60       ___NFiles
00417e64       ___init_mode
00417eb4       ___io_mode
Module: C:\WATCOM/lib386/nt\clib3r.lib(iomodtty.c)
0040de90       __ChkTTYIOMode_
0040ded0       __IOMode_
Module: C:\WATCOM/lib386/nt\clib3r.lib(ntdirinf.c)
0040def0       __MakeDOSDT_
0040df20*      __FromDOSDT_
0040df50*      __GetNTDirInfo_
0040df90*      __NTFindNextFileWithAttr_
Module: C:\WATCOM/lib386/nt\clib3r.lib(d2ttime.c)
0040dff0       _d2ttime_
Module: C:\WATCOM/lib386/nt\clib3r.lib(strerror.c)
0040e390       strerror_
0040e3b0*      _strerror_
0040e480*      _doserror_
00417eb8+      __sys_errlist
00417f5c+      __sys_nerr
Module: C:\WATCOM/lib386/nt\clib3r.lib(_strcmp)
0040e4b0       strcmp_
Module: C:\WATCOM/lib386/nt\clib3r.lib(mbspbrk.c)
0040e5f0       _mbspbrk_
Module: C:\WATCOM/lib386/nt\clib3r.lib(mbsinc.c)
0040e640       _mbsinc_
Module: C:\WATCOM/lib386/nt\clib3r.lib(tolower.c)
0040e670       tolower_
Module: C:\WATCOM/lib386/nt\clib3r.lib(stiomode.c)
0040e680       __grow_iomode_
0040e750+      __shrink_iomode_
0040e790       __SetIOMode_
Module: C:\WATCOM/lib386/nt\clib3r.lib(close.c)
0040e800       close_
Module: C:\WATCOM/lib386/nt\clib3r.lib(openwnt.c)
0040ea20*      open_
0040ea40       sopen_
Module: C:\WATCOM/lib386/nt\clib3r.lib(lseek.c)
0040ea70       lseek_
Module: C:\WATCOM/lib386/nt\flib7.lib(poscc.c)
0040eac0*      __LineFeedWithFormFeed_
0040ead0       FSetCC_
Module: C:\WATCOM/lib386/nt\clib3r.lib(unlnkwnt.c)
0040eb30       unlink_
Module: C:\WATCOM/lib386/nt\clib3r.lib(chsizwnt.c)
0040ebb0       chsize_
Module: C:\WATCOM/lib386/nt\clib3r.lib(read.c)
0040eca0       read_
Module: C:\WATCOM/lib386/nt\clib3r.lib(signlwnt.c)
00417f68+      __SignalTable
0040ee30+      __SetSignalFunc_
0040ee80+      __GetSignalFunc_
0040eeb0+      __GetSignalOSCode_
0040eee0+      __CheckSignalExCode_
0040f020+      __sigabort_
0040f030       __sigfpe_handler_
0040f080       signal_
0040f110+      raise_
0040f180+      __SigInit_
0040f1d0+      __SigFini_
0040f210+      __sig_init_
Module: C:\WATCOM/lib386/nt\flib7.lib(fptraps.c)
0040f2f0*      __MaskDefaultFPE_
0040f310       FPTrapInit_
0040f340       FPTrapFini_
Module: C:\WATCOM/lib386/nt\clib3r.lib(trdlist.c)
0040f3b0       __GetThreadData_
0040f400       __ReallocThreadData_
0040f4f0       __AddThreadData_
0040f570       __RemoveThreadData_
0040f5d0       __ResizeThreadDataList_
0040f600       __FreeThreadDataList_
0040f630*      __ActiveThreads_
Module: C:\WATCOM/lib386/nt\clib3r.lib(nrealloc.c)
0040f650*      _nrealloc_
0040f650       realloc_
Module: C:\WATCOM/lib386/nt\clib3r.lib(setenvp.c)
0040f6d0       __setenvp_
0040f790       __freeenvp_
Module: C:\WATCOM/lib386/nt\clib3r.lib(ustrlen.c)
0040f7dd       wcslen_
Module: C:\WATCOM/lib386/nt\clib3r.lib(memcpy.c)
0040f7f0       memcpy_
Module: C:\WATCOM/lib386/nt\clib3r.lib(mem.c)
0040f810       __MemAllocator
0040f8c0       __MemFree
Module: C:\WATCOM/lib386/nt\clib3r.lib(conutwnt.c)
0040fa10*      __NTRealKey_
0040fac0*      __NTConsoleInput_
0040fad0       __NTConsoleOutput_
Module: C:\WATCOM/lib386/nt\clib3r.lib(fclex387.c)
0040fae0       _ClearFPE_
Module: C:\WATCOM/lib386/nt\clib3r.lib(ljmphdl.c)
00417fdc       ___longjmp_handler
Module: C:\WATCOM/lib386/nt\flib7.lib(errgrp.c)
0040fb00       _GrpCodes
Module: C:\WATCOM/lib386/nt\clib3r.lib(initfile.c)
0040fbc0       __InitFiles_
Module: C:\WATCOM/lib386/nt\clib3r.lib(ioexit.c)
0040fcc0*      fcloseall_
0040fcd0       __full_io_exit_
Module: C:\WATCOM/lib386/nt\clib3r.lib(stackwnt.c)
0040fce0       stackavail_
Module: C:\WATCOM/lib386/nt\clib3r.lib(stk)
0040fcf1*      __CHK
0040fd01*      __STK
0040fd20       __STKOVERFLOW_
0040fd30*      __GRO
0040fd50*      __alloca_probe
Module: C:\WATCOM/lib386/nt\clib3r.lib(cinit.c)
0040fd70       __CommonInit_
Module: C:\WATCOM/lib386/nt\clib3r.lib(___argc.c)
00419858       ____Argc
0041985c       ____Argv
Module: C:\WATCOM/lib386/nt\flib7.lib(rtmain.c)
0040fd80       main_
Module: C:\WATCOM/lib386/nt\flib7.lib(expchk.c)
0040fda0       ToFFormat_
Module: C:\WATCOM/lib386/nt\clib3r.lib(alphabet.c)
004170f4       ___Alphabet
Module: C:\WATCOM/lib386/nt\flib7.lib(intarith.c)
0040fdf0       AddIOFlo_
0040fe00*      SubIOFlo_
0040fe10       MulIOFlo_
Module: C:\WATCOM/lib386\math387r.lib(strtod.c)
00410333+      __Strtold_
0041049a       strtod_
Module: C:\WATCOM/lib386\math387r.lib(ldcvt.c)
004106bd       _LDScale10x_
00410c64       __LDcvt_
Module: C:\WATCOM/lib386/nt\clib3r.lib(chipvar)
00418098       ___chipbug
00418098       __chipbug
Module: C:\WATCOM/lib386\math387r.lib(pow87e.c)
004110b4       __pow87_err_
Module: C:\WATCOM/lib386\math387r.lib(exp87)
004111a3*      exp_
0041113c*      __@DEXP1
00411144*      IF@EXP
00411144*      IF@DEXP
00411146       __@DEXP
Module: C:\WATCOM/lib386/nt\clib3r.lib(chipd32.asm)
004112c7       __fdiv_fpr
00411789*      __fdiv_chk
0041179c*      __fdiv_m32
004117e9*      __fdiv_m64
00411836*      __fdiv_m32r
00411883*      __fdiv_m64r
Module: C:\WATCOM/lib386/nt\clib3r.lib(mbterm.c)
004118d0       _mbterm_
Module: C:\WATCOM/lib386/nt\clib3r.lib(mbsnextc.c)
00411910       _mbsnextc_
Module: C:\WATCOM/lib386/nt\clib3r.lib(mbcupper.c)
00411950       _mbctoupper_
Module: C:\WATCOM/lib386/nt\clib3r.lib(nmemneed.c)
00411980       __nmemneed_
Module: C:\WATCOM/lib386/nt\clib3r.lib(grownear.c)
00411af0       __ExpandDGROUP_
Module: C:\WATCOM/lib386/nt\clib3r.lib(isattwnt.c)
00411b10       isatty_
Module: C:\WATCOM/lib386/nt\clib3r.lib(strncpy.c)
00411b30       strncpy_
Module: C:\WATCOM/lib386/nt\clib3r.lib(mktime.c)
00411b70       mktime_
Module: C:\WATCOM/lib386/nt\clib3r.lib(mbschr.c)
00411c00       _mbschr_
Module: C:\WATCOM/lib386/nt\clib3r.lib(mbisdbcs.c)
00419860       ___IsDBCS
Module: C:\WATCOM/lib386/nt\clib3r.lib(mbislead.c)
00411c60*      _ismbblead_
00419864       ___MBCSIsTable
Module: C:\WATCOM/lib386/nt\clib3r.lib(_clsewnt.c)
00411c80       __close_
Module: C:\WATCOM/lib386/nt\clib3r.lib(ntfio.c)
00411ce0*      __GetNTCreateAttr_
00411d20       __GetNTAccessAttr_
00411d50       __GetNTShareAttr_
Module: C:\WATCOM/lib386/nt\clib3r.lib(umaskval.c)
004180ac       ___umaskval
Module: C:\WATCOM/lib386/nt\clib3r.lib(__lseek.c)
00411db0       __lseek_
Module: C:\WATCOM/lib386/nt\clib3r.lib(abort.c)
00411e01*      abort_
00411e13       __terminate_
004180b0       ___abort
Module: C:\WATCOM/lib386/nt\clib3r.lib(cntrl87.c)
00411e30       _control87_
Module: C:\WATCOM/lib386/nt\clib3r.lib(mthread.c)
00412010+      __CloseSemaphore_
00412050+      __AccessIOB_
00412060+      __ReleaseIOB_
00412070+      __AccessFileH_
00412080+      __ReleaseFileH_
00412090+      __AccessNHeap_
004120a0+      __ReleaseNHeap_
004120b0+      __AccessFHeap_
004120c0+      __ReleaseFHeap_
004120d0+      __AccessTDList_
004120e0+      __ReleaseTDList_
004120f0+      __AccessFList_
00412100+      __AccessSemaphore_
00412160+      __ReleaseFList_
00412170+      __ReleaseSemaphore_
004121a0+      __MultipleThread_
004121f0+      __AllocInitThreadData_
00412240*      __FreeInitThreadData_
00412250       __NTThreadInit_
004122c0       __NTAddThread_
00412310       __NTRemoveThread_
004123a0       __InitMultipleThread_
004180b4+      ___AccessSema4
004180b8+      ___ReleaseSema4
004180bc+      ___CloseSema4
Module: C:\WATCOM/lib386/nt\clib3r.lib(xmsgwnt.c)
00412560+      __exit_with_msg_
004125c0       __fatal_runtime_error_
Module: C:\WATCOM/lib386/nt\clib3r.lib(calloc.c)
004125e0       calloc_
Module: C:\WATCOM/lib386/nt\clib3r.lib(register.c)
00412610       __initthread_
00412620*      _beginthread_
00412630       _endthread_
00412640*      __RegisterThreadData_
Module: C:\WATCOM/lib386/nt\clib3r.lib(nmsize.c)
00412690       _nmsize_
00412690*      _msize_
Module: C:\WATCOM/lib386/nt\clib3r.lib(nexpand.c)
004126a0       _nexpand_
004126a0*      _expand_
004126e0+      __HeapManager_expand_
Module: C:\WATCOM/lib386/nt\clib3r.lib(dofilstr.c)
004128c0       __ParsePosixHandleStr_
Module: C:\WATCOM/lib386/nt\clib3r.lib(clearenv.c)
004129e0       clearenv_
Module: C:\WATCOM/lib386/nt\clib3r.lib(fclose.c)
00412a70+      __doclose_
00412b10       __shutdown_stream_
00412b30*      fclose_
0041a0d4+      ___RmTmpFileFn
Module: C:\WATCOM/lib386/nt\clib3r.lib(freefp.c)
00412b80       __freefp_
00412bd0       __purgefp_
Module: C:\WATCOM/lib386/nt\clib3r.lib(argcv.c)
0041a0d8       __argc
0041a0dc       __argv
0041a0e0       ___argv
0041a0e4       ___argc
Module: C:\WATCOM/lib386\math387r.lib(bufld386)
00412c00       __ZBuf2LD
Module: C:\WATCOM/lib386\math387r.lib(inf_nan.c)
00412ca3*      ___f_infinity
00412ca7*      ___f_posqnan
00412cab       ___d_infinity
00412cb3       ___d_posqnan
00412cbb*      ___ld_infinity
00412cc3*      ___ld_posqnan
Module: C:\WATCOM/lib386/nt\clib3r.lib(hugeval.c)
00412cd0       __HugeValue
Module: C:\WATCOM/lib386\math387r.lib(ldclass.c)
00412cd8       __LDClass_
00412d28*      _FLClass_
Module: C:\WATCOM/lib386/nt\clib3r.lib(chipbug.c)
00412d40       __verify_pentium_fdiv_bug_
Module: C:\WATCOM/lib386/nt\flib7.lib(_matherr.c)
00412da0*      __imath2err_
00412de0*      __amath1err_
00412e10*      __amath2err_
00412e40       __math2err_
00412f50       __math1err_
00412f60*      __zmath2err_
00412fc0*      __qmath2err_
Module: C:\WATCOM/lib386\math387r.lib(math87e.c)
00413026       __math87_err_
Module: C:\WATCOM/lib386/nt\clib3r.lib(mbconv.c)
004130a0       _mbvtop_
Module: C:\WATCOM/lib386/nt\clib3r.lib(amblksiz.c)
004180cc       __amblksiz
Module: C:\WATCOM/lib386/nt\clib3r.lib(heapen.c)
004130c0*      _heapenable_
004180d0       ___heap_enabled
Module: C:\WATCOM/lib386/nt\clib3r.lib(nheapmin.c)
004130f0       _nheapshrink_
004130f0*      _nheapmin_
004130f0*      _heapmin_
004130f0       _heapshrink_
Module: C:\WATCOM/lib386/nt\clib3r.lib(locmktim.c)
004131e0       __local_mktime_
Module: C:\WATCOM/lib386/nt\clib3r.lib(gmtime.c)
00413360       __brktime_
00413460+      _gmtime_
00413480*      gmtime_
Module: C:\WATCOM/lib386/nt\clib3r.lib(tzset.c)
004180d4       ___start_dst
004180f8       ___end_dst
00418220*      _tzname
00418228       _timezone
0041822c       _daylight
00418230       ___dst_adjust
004134f0*      __DontCacheOSTZ_
00413500*      __CacheOSTZ_
004139e0+      __parse_tz_
00413dd0       tzset_
Module: C:\WATCOM/lib386/nt\clib3r.lib(timeutil.c)
00413f40       __isindst_
Module: C:\WATCOM/lib386/nt\clib3r.lib(mbclen.c)
00414270       _mbclen_
Module: C:\WATCOM/lib386/nt\clib3r.lib(mbccmp.c)
004142a0       _mbccmp_
Module: C:\WATCOM/lib386/nt\clib3r.lib(mbinit.c)
00414315       __mbinit_
00418238       ___MBCodePage
Module: C:\WATCOM/lib386/nt\clib3r.lib(trdalloc.c)
00414410       __FiniThreadProcessing_
Module: C:\WATCOM/lib386/nt\clib3r.lib(thredwnt.c)
004144d0       __CBeginThread_
00414570       __CEndThread_
Module: C:\WATCOM/lib386/nt\clib3r.lib(strtol.c)
004147d0*      strtoul_
004147e0       strtol_
Module: C:\WATCOM/lib386/nt\clib3r.lib(putenv.c)
004147f0       putenv_
00414a80       __putenv_
Module: C:\WATCOM/lib386/nt\clib3r.lib(flush.c)
00414bf0       __flush_
Module: C:\WATCOM/lib386/nt\clib3r.lib(initargv.c)
00414cf0       __Init_Argv_
00414d40+      _getargv_
00414ee0       __Fini_Argv_
Module: C:\WATCOM/lib386/nt\clib3r.lib(leapyear.c)
00414ef0       __leapyear_
00417124       ___diyr
0041713e       ___dilyr
Module: C:\WATCOM/lib386/nt\clib3r.lib(wcstombs.c)
00414f30       wcstombs_
Module: C:\WATCOM/lib386/nt\clib3r.lib(mbslen.c)
00414fd0       _mbslen_
Module: C:\WATCOM/lib386/nt\clib3r.lib(mbstowcs.c)
00415000       mbstowcs_
Module: C:\WATCOM/lib386/nt\clib3r.lib(uputenv.c)
00415080*      _wputenv_
004152a0       __wputenv_
Module: C:\WATCOM/lib386/nt\clib3r.lib(fsync.c)
004153a0       fsync_
Module: C:\WATCOM/lib386/nt\clib3r.lib(qwrit.c)
004153f0       __qwrite_
Module: C:\WATCOM/lib386/nt\clib3r.lib(histsplt.c)
0041a0ec       ___historical_splitparms
Module: C:\WATCOM/lib386/nt\clib3r.lib(wctomb.c)
004154d0       wctomb_
Module: C:\WATCOM/lib386/nt\clib3r.lib(mbtowc.c)
00415510       mbtowc_
Module: C:\WATCOM/lib386/nt\clib3r.lib(ustrchr.c)
004155a0       wcschr_
Module: C:\WATCOM/lib386/nt\clib3r.lib(setenvar.c)
004155c0       __lib_SetEnvironmentVariableW_
Module: C:\WATCOM/lib386/nt\clib3r.lib(crtwenv.c)
004156b0       __create_wide_environment_
Module: C:\WATCOM/lib386/nt\clib3r.lib(utoupper.c)
00415718       towupper_


                        +----------------------+
                        |   Imported Symbols   |
                        +----------------------+

Symbol                              Module
======                              ======

_GetEnvironmentStringsA@0           KERNEL32.DLL
_GetVersion@0                       KERNEL32.DLL
_GetModuleFileNameA@12              KERNEL32.DLL
_GetCommandLineA@0                  KERNEL32.DLL
_GetCommandLineW@0                  KERNEL32.DLL
_FreeEnvironmentStringsA@4          KERNEL32.DLL
_GetModuleHandleA@4                 KERNEL32.DLL
_ExitProcess@4                      KERNEL32.DLL
_RtlUnwind@16                       KERNEL32.DLL
_MessageBoxA@16                     USER32.DLL
_GetFullPathNameA@16                KERNEL32.DLL
_GetFileType@4                      KERNEL32.DLL
_GetFileInformationByHandle@8       KERNEL32.DLL
_GetFileTime@16                     KERNEL32.DLL
_GetFileSize@8                      KERNEL32.DLL
_CreateFileA@28                     KERNEL32.DLL
_CloseHandle@4                      KERNEL32.DLL
_GetLastError@0                     KERNEL32.DLL
_GetDriveTypeA@4                    KERNEL32.DLL
_FindFirstFileA@8                   KERNEL32.DLL
_FindClose@4                        KERNEL32.DLL
_SetStdHandle@8                     KERNEL32.DLL
_CreateEventA@16                    KERNEL32.DLL
_GetStdHandle@4                     KERNEL32.DLL
_GetModuleFileNameW@12              KERNEL32.DLL
_MultiByteToWideChar@24             KERNEL32.DLL
_LoadLibraryA@4                     KERNEL32.DLL
_GetProcAddress@8                   KERNEL32.DLL
_WriteFile@20                       KERNEL32.DLL
_SetUnhandledExceptionFilter@4      KERNEL32.DLL
_UnhandledExceptionFilter@4         KERNEL32.DLL
_VirtualQuery@12                    KERNEL32.DLL
_SetFilePointer@16                  KERNEL32.DLL
_GetCurrentThreadId@0               KERNEL32.DLL
_GetFileAttributesA@4               KERNEL32.DLL
_GetCurrentDirectoryA@8             KERNEL32.DLL
_FileTimeToLocalFileTime@8          KERNEL32.DLL
_FileTimeToDosDateTime@12           KERNEL32.DLL
_DosDateTimeToFileTime@12           KERNEL32.DLL
_LocalFileTimeToFileTime@8          KERNEL32.DLL
_FindNextFileA@8                    KERNEL32.DLL
_FormatMessageA@28                  KERNEL32.DLL
_DeleteFileA@4                      KERNEL32.DLL
_SetEndOfFile@4                     KERNEL32.DLL
_ReadFile@20                        KERNEL32.DLL
_SetConsoleCtrlHandler@8            KERNEL32.DLL
_TlsGetValue@4                      KERNEL32.DLL
_TlsSetValue@8                      KERNEL32.DLL
_CharUpperA@4                       USER32.DLL
_VirtualAlloc@16                    KERNEL32.DLL
_InitializeCriticalSection@4        KERNEL32.DLL
_DeleteCriticalSection@4            KERNEL32.DLL
_LeaveCriticalSection@4             KERNEL32.DLL
_EnterCriticalSection@4             KERNEL32.DLL
_SetLastError@4                     KERNEL32.DLL
_TlsAlloc@0                         KERNEL32.DLL
_TlsFree@4                          KERNEL32.DLL
_VirtualFree@12                     KERNEL32.DLL
_GetTimeZoneInformation@4           KERNEL32.DLL
_GetACP@0                           KERNEL32.DLL
_GetOEMCP@0                         KERNEL32.DLL
_GetCPInfo@8                        KERNEL32.DLL
_CreateThread@24                    KERNEL32.DLL
_ResumeThread@4                     KERNEL32.DLL
_ExitThread@4                       KERNEL32.DLL
_SetEnvironmentVariableA@8          KERNEL32.DLL
_FlushFileBuffers@4                 KERNEL32.DLL
_WideCharToMultiByte@32             KERNEL32.DLL
_SetEnvironmentVariableW@8          KERNEL32.DLL


                        +--------------------+
                        |   Libraries Used   |
                        +--------------------+

C:\WATCOM/lib386/nt\kernel32.lib
C:\WATCOM/lib386/nt\user32.lib
C:\WATCOM/lib386/nt\flib7.lib
C:\WATCOM/lib386\math387r.lib
C:\WATCOM/lib386/nt\clib3r.lib
C:\WATCOM/lib386/nt\emu387.lib


                        +-----------------------+
                        |   Linker Statistics   |
                        +-----------------------+

Stack size:  00010000 (65536.)
Memory size:  000282cc (164556.)
Entry point address: 00402270
Link time: 00:00.97
