Open Watcom Linker Version 1.9
Portions Copyright (c) 1985-2002 Sybase, Inc. All Rights Reserved.
Created on:       13/11/28 23:42:00
Executable Image: ring42.exe
creating a Windows NT character-mode executable


                        +------------+
                        |   Groups   |
                        +------------+

Group                           Address              Size
=====                           =======              ====

.idata                          0040b000             00000456
DGROUP                          0040c000             00011c40



                        +--------------+
                        |   Segments   |
                        +--------------+

Segment                Class          Group          Address         Size
=======                =====          =====          =======         ====

BEGTEXT                CODE           AUTO           00401000        00000007
_TEXT                  CODE           AUTO           00401010        000092e8
TRANSFER CODE          CODE           AUTO           0040a2f8        000000e4
.idata                 .idata         .idata         0040b000        00000456
_NULL                  BEGDATA        DGROUP         0040c000        00000004
_AFTERNULL             BEGDATA        DGROUP         0040c004        00000000
CONST                  DATA           DGROUP         0040c004        00000328
CONST2                 DATA           DGROUP         0040c32c        00000000
_DATA                  DATA           DGROUP         0040c32c        000007a8
XIB                    DATA           DGROUP         0040cad4        00000000
XI                     DATA           DGROUP         0040cad4        00000036
XIE                    DATA           DGROUP         0040cb0a        00000000
YIB                    DATA           DGROUP         0040cb0a        00000000
YI                     DATA           DGROUP         0040cb0a        00000024
YIE                    DATA           DGROUP         0040cb2e        00000000
TIB                    DATA           DGROUP         0040cb2e        00000000
TI                     DATA           DGROUP         0040cb2e        00000000
TIE                    DATA           DGROUP         0040cb2e        00000000
DATA                   DATA           DGROUP         0040cb2e        00000000
_BSS                   BSS            DGROUP         0040d000        00000c35
STACK                  STACK          DGROUP         0040dc40        00010000


                        +----------------+
                        |   Memory Map   |
                        +----------------+

* = unreferenced symbol
+ = symbol only referenced locally

Address        Symbol
=======        ======

Module: exproc42-matrix.obj(D:\ExclusionProcess\simulation\watcom\exproc42-matrix.c)
0040d000+      _pmatrix
0040d120+      _chain
0040d130+      _ciprob
0040d148+      _cprob
0040d160+      _icurrent
0040d170+      _prob
0040d188+      _p
0040d190+      _max_deviation
0040d198+      _q
0040d1a0+      _chist
0040d1b0+      _ccurrent
0040d1c0+      _deviation
0040d2e0+      _current
0040d2f0+      _hist
0040d300+      _exact34
00401010       main_
00401ab3+      init_
00401c2a+      update_
00401ceb+      fconfig_
00401da4+      get_exact34_
0040d420+      _out_configurations
0040d450+      _chain_old
0040d460+      _C
Module: C:\WATCOM/lib386/nt\clib3r.lib(stk)
00401f81       __CHK
00401f91*      __STK
00401fb0*      __STKOVERFLOW_
00401fc0*      __GRO
00401fe0*      __alloca_probe
Module: C:\WATCOM/lib386/nt\clib3r.lib(iob.c)
0040c33c       ___iob
0040c544*      __fmode
0040d4c0       ___OpenStreams
0040d4c4       ___ClosedStreams
Module: C:\WATCOM/lib386/nt\clib3r.lib(fprintf.c)
00402000       fprintf_
Module: C:\WATCOM/lib386\math387r.lib(strtod.c)
00402535+      __Strtold_
0040269c       strtod_
Module: C:\WATCOM/lib386/nt\clib3r.lib(printf.c)
004027e0       printf_
Module: C:\WATCOM/lib386/nt\clib3r.lib(rand.c)
00402810       rand_
00402840       srand_
Module: C:\WATCOM/lib386/nt\clib3r.lib(time.c)
00402860       time_
Module: C:\WATCOM/lib386/nt\clib3r.lib(cstrtwnt)
00402898       _cstart_
00402898*      mainCRTStartup
Module: C:\WATCOM/lib386/nt\clib3r.lib(fltused.c)
0040c548       _fltused_
Module: C:\WATCOM/lib386/nt\emu387.lib(386)
00402900       __init_387_emulator
00402901*      __fini_387_emulator
Module: C:\WATCOM/lib386/nt\clib3r.lib(_8087)
0040c54c       __8087
0040c54d       __real87
Module: C:\WATCOM/lib386/nt\clib3r.lib(argcv.c)
0040d4c8       __argc
0040d4cc       __argv
0040d4d0       ___argv
0040d4d4       ___argc
Module: C:\WATCOM/lib386/nt\clib3r.lib(xmsgwnt.c)
00402910+      __exit_with_msg_
00402970       __fatal_runtime_error_
Module: C:\WATCOM/lib386/nt\clib3r.lib(mainwnt.c)
0040c550*      ___TlsIndex
0040c554+      ___FirstThreadData
0040c558       ___GetThreadPtr
0040c55c       __AccessFileH
0040c560       __ReleaseFileH
0040c564       __AccessIOB
0040c568       __ReleaseIOB
0040c56c       __AccessNHeap
0040c570*      __AccessFHeap
0040c574       __ReleaseNHeap
004029a0*      __threadid_
004029c0+      __sig_null_rtn_
004029d0+      __NTInit_
00402bb0+      __NTFini_
00402c10       __NTMainInit_
00402c70       __exit_
0040c578*      __ReleaseFHeap
0040c57c*      __AccessTDList
0040c580*      __ReleaseTDList
0040c584       __AccessFList
0040c588       __ReleaseFList
0040c58c+      __ThreadExitRtn
0040c590       ___sig_init_rtn
0040c594       ___sig_fini_rtn
0040c598       ___process_fini
0040d4e0       ___Is_DLL
Module: C:\WATCOM/lib386/nt\clib3r.lib(initfile.c)
00402cf0       __InitFiles_
Module: C:\WATCOM/lib386/nt\clib3r.lib(ioexit.c)
00402df0*      fcloseall_
00402e00       __full_io_exit_
Module: C:\WATCOM/lib386/nt\clib3r.lib(fprtf.c)
00402e30       __fprtf_
Module: C:\WATCOM/lib386/nt\clib3r.lib(istable.c)
00402ef0       __IsTable
Module: C:\WATCOM/lib386/nt\clib3r.lib(tolower.c)
00403000       tolower_
Module: C:\WATCOM/lib386\math387r.lib(bufld386)
00403010       __ZBuf2LD
Module: C:\WATCOM/lib386\math387r.lib(ldcvt.c)
00403192       _LDScale10x_
00403739       __LDcvt_
Module: C:\WATCOM/lib386/nt\clib3r.lib(seterrno.c)
00403b86       __set_errno_
00403b94*      __set_EDOM_
00403ba2       __set_ERANGE_
00403bb0*      __set_EINVAL_
00403bc3       __set_doserrno_
Module: C:\WATCOM/lib386\math387r.lib(inf_nan.c)
00403bd1*      ___f_infinity
00403bd5*      ___f_posqnan
00403bd9       ___d_infinity
00403be1       ___d_posqnan
00403be9*      ___ld_infinity
00403bf1*      ___ld_posqnan
Module: C:\WATCOM/lib386/nt\clib3r.lib(hugeval.c)
00403c00       __HugeValue
Module: C:\WATCOM/lib386/nt\clib3r.lib(gtctmwnt.c)
00403c10       __getctime_
Module: C:\WATCOM/lib386/nt\clib3r.lib(mktime.c)
00403c80       mktime_
Module: C:\WATCOM/lib386/nt\clib3r.lib(main2wnt.c)
00403d10       __NTMain
Module: C:\WATCOM/lib386/nt\clib3r.lib(segdefns)
00401003       ___begtext
0040c000*      __nullarea
0040cad4       __Start_XI
0040cb0a       __End_XI
0040cb0a       __Start_YI
0040cb2e       __End_YI
Module: C:\WATCOM/lib386/nt\clib3r.lib(setefg.c)
00403d70       __setEFGfmt_
Module: C:\WATCOM/lib386/nt\clib3r.lib(chk8087.c)
00403db0*      _fpreset_
00403df0       __chk8087_
00403e00*      __init_8087_
Module: C:\WATCOM/lib386/nt\clib3r.lib(crwdata)
0040c688       __osmajor
0040c689       __osminor
0040c68a       __osbuild
0040c68c       __osver
0040c690       __winmajor
0040c694       __winminor
0040c698       __winver
0040c654       __LpDllName
0040c658       __LpwCmdLine
0040c65c       __LpwPgmName
0040c660       __LpwDllName
0040c64c       __LpCmdLine
0040c650       __LpPgmName
0040c644*      __dynend
0040c648       __curbrk
0040c664*      __STACKLOW
0040c668       __STACKTOP
0040c66c       __ASTACKSIZ
0040c670       __ASTACKPTR
0040c674*      __cbyte
0040c678*      __cbyte2
0040c67c*      __child
0040c682       __Envptr
0040c686*      __Envseg
0040c680       __no87
0040c69c       ___FPE_handler
Module: C:\WATCOM/lib386/nt\clib3r.lib(initargv.c)
00403e20       __Init_Argv_
00403e70+      _getargv_
00404010       __Fini_Argv_
Module: C:\WATCOM/lib386/nt\clib3r.lib(enterdb.c)
00404020       __EnterWVIDEO_
0040c6a0+      ___WD_Present
Module: C:\WATCOM/lib386/nt\clib3r.lib(hdlman.c)
0040c6a4+      ___NHandles
0040c6a8+      ___OSHandles
0040c6ac+      ___FakeHandles
00404050+      __growPOSIXHandles_
004040f0+      __allocPOSIXHandle_
004041b0       __freePOSIXHandle_
004041d0       __getOSHandle_
004041e0       __setOSHandle_
00404230+      __NTGetFakeHandle_
004042a0       __initPOSIXHandles_
00404380*      __set_handles_
00404390*      _grow_handles_
Module: C:\WATCOM/lib386/nt\clib3r.lib(environ.c)
0040db00       ___env_mask
0040db04       _environ
0040db08       __wenviron
Module: C:\WATCOM/lib386/nt\clib3r.lib(getmodfn.c)
004043d0       __lib_GetModuleFileNameW_
Module: C:\WATCOM/lib386/nt\clib3r.lib(strdup.c)
00404470       __clib_strdup_
Module: C:\WATCOM/lib386/nt\clib3r.lib(ustrdup.c)
004044b0       __clib_wcsdup_
Module: C:\WATCOM/lib386/nt\clib3r.lib(nfree.c)
004044e0       _nfree_
004044e0       free_
0040db0c       ___MiniHeapFreeRover
Module: C:\WATCOM/lib386/nt\clib3r.lib(excptwnt.c)
00404c50+      ___ReportException@4
004050a0       __DefaultExceptionHandler_
004050e0+      ___ExceptionFilter
004052f0       __NewExceptionFilter_
00405320       __DoneExceptionFilter_
0040c6b8       ___oscode_check_func
0040c6bc       ___raise_func
0040db10*      _sw
0040db14+      ___ExceptionHandled
0040db15+      ___ReportInvoked
Module: C:\WATCOM/lib386/nt\clib3r.lib(stklmwnt.c)
00405360       __init_stack_limits_
Module: C:\WATCOM/lib386/nt\clib3r.lib(initrtns.c)
004053e0       __InitRtns
00405430       __FiniRtns
Module: C:\WATCOM/lib386/nt\clib3r.lib(nmalloc.c)
00405490       _nmalloc_
00405490       malloc_
0040c6d4       ___nheapbeg
0040c6d8       ___MiniHeapRover
0040c6dc       ___LargestSizeB4MiniHeapRover
Module: C:\WATCOM/lib386/nt\clib3r.lib(fclose.c)
00405590+      __doclose_
00405630       __shutdown_stream_
00405650*      fclose_
0040db18+      ___RmTmpFileFn
Module: C:\WATCOM/lib386/nt\clib3r.lib(freefp.c)
004056a0       __freefp_
004056f0       __purgefp_
Module: C:\WATCOM/lib386/nt\clib3r.lib(fputc.c)
00405720       fputc_
Module: C:\WATCOM/lib386/nt\clib3r.lib(ioalloc.c)
00405800       __ioalloc_
Module: C:\WATCOM/lib386/nt\clib3r.lib(prtf.c)
004058a0       __prtf_
Module: C:\WATCOM/lib386/nt\clib3r.lib(flush.c)
00406570       __flush_
Module: C:\WATCOM/lib386/nt\clib3r.lib(memset.c)
00406670       memset_
Module: C:\WATCOM/lib386\math387r.lib(ldclass.c)
00406688       __LDClass_
004066d8*      _FLClass_
Module: C:\WATCOM/lib386/nt\clib3r.lib(locmktim.c)
004066f0       __local_mktime_
Module: C:\WATCOM/lib386/nt\clib3r.lib(gmtime.c)
00406870       __brktime_
00406970+      _gmtime_
00406990*      gmtime_
Module: C:\WATCOM/lib386/nt\clib3r.lib(tzset.c)
0040c6e0       ___start_dst
0040c704       ___end_dst
0040c82c*      _tzname
0040c834       _timezone
0040c838       _daylight
0040c83c       ___dst_adjust
00406a00*      __DontCacheOSTZ_
00406a10*      __CacheOSTZ_
00406ef0+      __parse_tz_
004072e0       tzset_
Module: C:\WATCOM/lib386/nt\clib3r.lib(timeutil.c)
00407450       __isindst_
Module: C:\WATCOM/lib386/nt\clib3r.lib(mthrdini.c)
00407780       __InitThreadData_
0040c844       ___ThreadDataSize
Module: C:\WATCOM/lib386/nt\clib3r.lib(cmain386.c)
004077b0       __CMain
Module: C:\WATCOM/lib386/nt\clib3r.lib(dosseg)
00001234       __DOSseg__
Module: C:\WATCOM/lib386/nt\clib3r.lib(noefgfmt.c)
0040c848       ___EFG_printf
0040c84c       ___EFG_scanf
Module: C:\WATCOM/lib386\math387r.lib(efgfmt.c)
00407832       _EFG_Format_
Module: C:\WATCOM/lib386\math387r.lib(cnvs2d.c)
0040799c       __cnvs2d_
Module: C:\WATCOM/lib386/nt\clib3r.lib(8087cw.c)
0040c850       __8087cw
Module: C:\WATCOM/lib386/nt\clib3r.lib(save8087.c)
0040c854       ___Save8087
0040c858       ___Rest8087
Module: C:\WATCOM/lib386/nt\clib3r.lib(init8087)
004079b4       __x87id
Module: C:\WATCOM/lib386/nt\clib3r.lib(histsplt.c)
0040db1c       ___historical_splitparms
Module: C:\WATCOM/lib386/nt\clib3r.lib(___argc.c)
0040db20       ____Argc
0040db24       ____Argv
Module: C:\WATCOM/lib386/nt\clib3r.lib(nrealloc.c)
004079f0*      _nrealloc_
004079f0       realloc_
Module: C:\WATCOM/lib386/nt\clib3r.lib(iomode.c)
00407a70       __GetIOMode_
00407a90       __SetIOMode_nogrow_
0040c85c       ___NFiles
0040c860       ___init_mode
0040c8b0       ___io_mode
Module: C:\WATCOM/lib386/nt\clib3r.lib(stiomode.c)
00407ab0       __grow_iomode_
00407b80+      __shrink_iomode_
00407bc0       __SetIOMode_
Module: C:\WATCOM/lib386/nt\clib3r.lib(setenvp.c)
00407c30       __setenvp_
00407cf0       __freeenvp_
Module: C:\WATCOM/lib386/nt\clib3r.lib(ustrlen.c)
00407d3d       wcslen_
Module: C:\WATCOM/lib386/nt\clib3r.lib(memcpy.c)
00407d50       memcpy_
Module: C:\WATCOM/lib386/nt\clib3r.lib(mem.c)
00407d70       __MemAllocator
00407e20       __MemFree
Module: C:\WATCOM/lib386/nt\clib3r.lib(conutwnt.c)
00407f70*      __NTRealKey_
00408020*      __NTConsoleInput_
00408030       __NTConsoleOutput_
Module: C:\WATCOM/lib386/nt\clib3r.lib(fclex387.c)
00408040       _ClearFPE_
Module: C:\WATCOM/lib386/nt\clib3r.lib(signlwnt.c)
0040c8bc+      __SignalTable
00408050+      __SetSignalFunc_
004080a0+      __GetSignalFunc_
004080d0+      __GetSignalOSCode_
00408100+      __CheckSignalExCode_
00408240+      __sigabort_
00408250       __sigfpe_handler_
004082a0*      signal_
00408330+      raise_
004083a0+      __SigInit_
004083f0+      __SigFini_
00408430+      __sig_init_
Module: C:\WATCOM/lib386/nt\clib3r.lib(nmemneed.c)
00408450       __nmemneed_
Module: C:\WATCOM/lib386/nt\clib3r.lib(grownear.c)
004085c0       __ExpandDGROUP_
Module: C:\WATCOM/lib386/nt\clib3r.lib(__lseek.c)
004085e0       __lseek_
Module: C:\WATCOM/lib386/nt\clib3r.lib(_clsewnt.c)
00408620       __close_
Module: C:\WATCOM/lib386/nt\clib3r.lib(chktty.c)
00408680       __chktty_
Module: C:\WATCOM/lib386/nt\clib3r.lib(wctomb.c)
004086c0       wctomb_
Module: C:\WATCOM/lib386/nt\clib3r.lib(itoa.c)
00408700+      utoa_
00408750       itoa_
Module: C:\WATCOM/lib386/nt\clib3r.lib(strupr.c)
00408780       strupr_
Module: C:\WATCOM/lib386/nt\clib3r.lib(lltoa.c)
004087a0       ulltoa_
00408810*      lltoa_
Module: C:\WATCOM/lib386/nt\clib3r.lib(ltoa.c)
00408840       ultoa_
00408890*      ltoa_
Module: C:\WATCOM/lib386/nt\clib3r.lib(mbisdbcs.c)
0040db30       ___IsDBCS
Module: C:\WATCOM/lib386/nt\clib3r.lib(mbislead.c)
004088c0*      _ismbblead_
0040db34       ___MBCSIsTable
Module: C:\WATCOM/lib386/nt\clib3r.lib(fsync.c)
004088e0       fsync_
Module: C:\WATCOM/lib386/nt\clib3r.lib(qwrit.c)
00408930       __qwrite_
Module: C:\WATCOM/lib386/nt\clib3r.lib(__stos)
00408a10       __STOSB
00408a47*      __STOSD
Module: C:\WATCOM/lib386/nt\clib3r.lib(leapyear.c)
00408ac0       __leapyear_
0040c2d0       ___diyr
0040c2ea       ___dilyr
Module: C:\WATCOM/lib386/nt\clib3r.lib(wcstombs.c)
00408b00       wcstombs_
Module: C:\WATCOM/lib386/nt\clib3r.lib(getenv.c)
00408ba0       getenv_
Module: C:\WATCOM/lib386/nt\clib3r.lib(cinit.c)
00408c30       __CommonInit_
Module: C:\WATCOM/lib386/nt\clib3r.lib(exit.c)
00408c31+      __null_int23_exit_
00408c32       exit_
00408c82*      _exit_
0040c928+      ___int23_exit
0040c92c+      ___FPE_handler_exit
Module: C:\WATCOM/lib386/nt\clib3r.lib(rtcntrl.c)
00408ca0*      _SetLD64bit_
00408cb0*      _SetLD80bit_
00408cc0       _LDisDouble_
Module: C:\WATCOM/lib386/nt\clib3r.lib(nmsize.c)
00408cd0       _nmsize_
00408cd0*      _msize_
Module: C:\WATCOM/lib386/nt\clib3r.lib(nexpand.c)
00408ce0       _nexpand_
00408ce0*      _expand_
00408d20+      __HeapManager_expand_
Module: C:\WATCOM/lib386/nt\clib3r.lib(iomodtty.c)
00408ee0       __ChkTTYIOMode_
00408f20*      __IOMode_
Module: C:\WATCOM/lib386/nt\clib3r.lib(dofilstr.c)
00408f60       __ParsePosixHandleStr_
Module: C:\WATCOM/lib386/nt\clib3r.lib(clearenv.c)
00409080       clearenv_
Module: C:\WATCOM/lib386/nt\clib3r.lib(abort.c)
00409125*      abort_
00409137       __terminate_
0040c934       ___abort
Module: C:\WATCOM/lib386/nt\clib3r.lib(amblksiz.c)
0040c938       __amblksiz
Module: C:\WATCOM/lib386/nt\clib3r.lib(heapen.c)
00409150*      _heapenable_
0040c93c       ___heap_enabled
Module: C:\WATCOM/lib386/nt\clib3r.lib(nheapmin.c)
00409180       _nheapshrink_
00409180*      _nheapmin_
00409180*      _heapmin_
00409180*      _heapshrink_
Module: C:\WATCOM/lib386/nt\clib3r.lib(dosret.c)
00409270*      _dosretax_
00409280*      _dosret0_
00409290       __set_errno_dos_
004092c0*      __set_errno_dos_reterr_
004092d0       __set_errno_nt_
004092e0*      __set_errno_nt_reterr_
Module: C:\WATCOM/lib386/nt\clib3r.lib(isattwnt.c)
00409300       isatty_
Module: C:\WATCOM/lib386/nt\clib3r.lib(mbinit.c)
00409356       __mbinit_
0040ca44       ___MBCodePage
Module: C:\WATCOM/lib386/nt\clib3r.lib(alphabet.c)
0040c304       ___Alphabet
Module: C:\WATCOM/lib386/nt\clib3r.lib(mbterm.c)
00409450       _mbterm_
Module: C:\WATCOM/lib386/nt\clib3r.lib(mbsnextc.c)
00409490       _mbsnextc_
Module: C:\WATCOM/lib386/nt\clib3r.lib(mbcupper.c)
004094d0       _mbctoupper_
Module: C:\WATCOM/lib386/nt\clib3r.lib(mbsinc.c)
00409500       _mbsinc_
Module: C:\WATCOM/lib386/nt\clib3r.lib(strncpy.c)
00409530       strncpy_
Module: C:\WATCOM/lib386/nt\clib3r.lib(strtol.c)
00409790*      strtoul_
004097a0       strtol_
Module: C:\WATCOM/lib386/nt\clib3r.lib(putenv.c)
004097b0       putenv_
00409a40       __putenv_
Module: C:\WATCOM/lib386/nt\clib3r.lib(mbconv.c)
00409bb0       _mbvtop_
Module: C:\WATCOM/lib386/nt\clib3r.lib(mbschr.c)
00409bd0       _mbschr_
Module: C:\WATCOM/lib386/nt\clib3r.lib(mbslen.c)
00409c30       _mbslen_
Module: C:\WATCOM/lib386/nt\clib3r.lib(mbstowcs.c)
00409c60       mbstowcs_
Module: C:\WATCOM/lib386/nt\clib3r.lib(uputenv.c)
00409ce0*      _wputenv_
00409f00       __wputenv_
Module: C:\WATCOM/lib386/nt\clib3r.lib(toupper.c)
0040a000       toupper_
Module: C:\WATCOM/lib386/nt\clib3r.lib(memmove.c)
0040a010       memmove_
Module: C:\WATCOM/lib386/nt\clib3r.lib(mbclen.c)
0040a070       _mbclen_
Module: C:\WATCOM/lib386/nt\clib3r.lib(mbccmp.c)
0040a0a0       _mbccmp_
Module: C:\WATCOM/lib386/nt\clib3r.lib(mbtowc.c)
0040a0e0       mbtowc_
Module: C:\WATCOM/lib386/nt\clib3r.lib(ustrchr.c)
0040a170       wcschr_
Module: C:\WATCOM/lib386/nt\clib3r.lib(setenvar.c)
0040a190       __lib_SetEnvironmentVariableW_
Module: C:\WATCOM/lib386/nt\clib3r.lib(crtwenv.c)
0040a280       __create_wide_environment_
Module: C:\WATCOM/lib386/nt\clib3r.lib(utoupper.c)
0040a2e8       towupper_


                        +----------------------+
                        |   Imported Symbols   |
                        +----------------------+

Symbol                              Module
======                              ======

_GetStdHandle@4                     KERNEL32.DLL
_WriteFile@20                       KERNEL32.DLL
_GetEnvironmentStringsA@0           KERNEL32.DLL
_GetVersion@0                       KERNEL32.DLL
_GetModuleFileNameA@12              KERNEL32.DLL
_GetCommandLineA@0                  KERNEL32.DLL
_GetCommandLineW@0                  KERNEL32.DLL
_FreeEnvironmentStringsA@4          KERNEL32.DLL
_GetModuleHandleA@4                 KERNEL32.DLL
_ExitProcess@4                      KERNEL32.DLL
_GetLocalTime@4                     KERNEL32.DLL
_SetStdHandle@8                     KERNEL32.DLL
_CreateEventA@16                    KERNEL32.DLL
_CloseHandle@4                      KERNEL32.DLL
_GetModuleFileNameW@12              KERNEL32.DLL
_MultiByteToWideChar@24             KERNEL32.DLL
_LoadLibraryA@4                     KERNEL32.DLL
_GetProcAddress@8                   KERNEL32.DLL
_SetUnhandledExceptionFilter@4      KERNEL32.DLL
_UnhandledExceptionFilter@4         KERNEL32.DLL
_VirtualQuery@12                    KERNEL32.DLL
_GetTimeZoneInformation@4           KERNEL32.DLL
_GetCurrentThreadId@0               KERNEL32.DLL
_CreateFileA@28                     KERNEL32.DLL
_SetConsoleCtrlHandler@8            KERNEL32.DLL
_VirtualAlloc@16                    KERNEL32.DLL
_SetFilePointer@16                  KERNEL32.DLL
_WideCharToMultiByte@32             KERNEL32.DLL
_FlushFileBuffers@4                 KERNEL32.DLL
_GetLastError@0                     KERNEL32.DLL
_VirtualFree@12                     KERNEL32.DLL
_GetFileType@4                      KERNEL32.DLL
_GetACP@0                           KERNEL32.DLL
_GetOEMCP@0                         KERNEL32.DLL
_GetCPInfo@8                        KERNEL32.DLL
_CharUpperA@4                       USER32.DLL
_SetEnvironmentVariableA@8          KERNEL32.DLL
_SetEnvironmentVariableW@8          KERNEL32.DLL


                        +--------------------+
                        |   Libraries Used   |
                        +--------------------+

C:\WATCOM/lib386/nt\kernel32.lib
C:\WATCOM/lib386/nt\user32.lib
C:\WATCOM/lib386/nt\clib3r.lib
C:\WATCOM/lib386\math387r.lib
C:\WATCOM/lib386/nt\emu387.lib


                        +-----------------------+
                        |   Linker Statistics   |
                        +-----------------------+

Stack size:  00010000 (65536.)
Memory size:  0001b472 (111730.)
Entry point address: 00402898
Link time: 00:00.00
