Open Watcom Linker Version 1.9
Portions Copyright (c) 1985-2002 Sybase, Inc. All Rights Reserved.
Created on:       12/11/22 09:36:52
Executable Image: f1.exe
creating a Windows NT character-mode executable


                        +------------+
                        |   Groups   |
                        +------------+

Group                           Address              Size
=====                           =======              ====

.idata                          00414000             00000786
DGROUP                          00415000             000130f0



                        +--------------+
                        |   Segments   |
                        +--------------+

Segment                Class          Group          Address         Size
=======                =====          =====          =======         ====

BEGTEXT                CODE           AUTO           00401000        00000007
_TEXT                  CODE           AUTO           00401010        00012512
TRANSFER CODE          CODE           AUTO           00413524        0000019e
.idata                 .idata         .idata         00414000        00000786
_NULL                  BEGDATA        DGROUP         00415000        00000004
_AFTERNULL             BEGDATA        DGROUP         00415004        00000000
CONST                  DATA           DGROUP         00415010        000000cc
CONST2                 DATA           DGROUP         004150dc        00000000
_DATA                  DATA           DGROUP         004150e0        00001000
XIB                    DATA           DGROUP         004160e0        00000000
XI                     DATA           DGROUP         004160e0        0000004e
XIE                    DATA           DGROUP         0041612e        00000000
YIB                    DATA           DGROUP         0041612e        00000000
YI                     DATA           DGROUP         0041612e        00000030
YIE                    DATA           DGROUP         0041615e        00000000
TIB                    DATA           DGROUP         0041615e        00000000
TI                     DATA           DGROUP         0041615e        00000000
TIE                    DATA           DGROUP         0041615e        00000000
DATA                   DATA           DGROUP         0041615e        00000000
DATA32                 DATA           DGROUP         00416160        0000011c
CONST32                CONST          DGROUP         00417000        00000000
_BSS                   BSS            DGROUP         00417000        000010ec
BSS32                  BSS            DGROUP         004180ec        00000000
STACK                  STACK          DGROUP         004180f0        00010000


                        +----------------+
                        |   Memory Map   |
                        +----------------+

* = unreferenced symbol
+ = symbol only referenced locally

Address        Symbol
=======        ======

Module: cadd.obj(D:\projects\cfortran\cadd.c)
00401010       cadd_
Module: f1.obj(D:\tmp\f1.for)
00401045       FMAIN
Module: C:\WATCOM/lib386/nt\clib3r.lib(stk)
0040109d       __CHK
004010ad*      __STK
004010cc       __STKOVERFLOW_
004010dc*      __GRO
004010fc*      __alloca_probe
Module: C:\WATCOM/lib386/nt\flib7.lib(setfmt.c)
00401110       RT@SetFmt
Module: C:\WATCOM/lib386/nt\flib7.lib(cowrite)
00401130       RT@IOWrite
0040113f*      RT@OutLOG1
00401151*      RT@OutLOG4
0040115f*      RT@OutINT1
00401171*      RT@OutINT2
00401181       RT@OutINT4
00401190*      RT@OutREAL
004011a0*      RT@OutDBLE
004011b0*      RT@OutXTND
004011c0*      RT@OutCPLX
004011d6*      RT@OutDBCX
004011ec*      RT@OutXTCX
00401202*      RT@OutCHAR
00401207*      RT@OutSTR
0040120c*      RT@PrtArr
00401211*      RT@PrtChArr
Module: C:\WATCOM/lib386/nt\flib7.lib(cortns)
004150f0*      _FRT_SaveESP
00401221*      SwitchToGen
0040123f       SwitchToRT
0040125d       RdWrCommon
00401301       IOType_
0040131f       IOChar
0040133a       IOStr
0040134f       IOArr
0040136a       IOChArr
0040138c       RT@EndIO
Module: C:\WATCOM/lib386/nt\flib7.lib(stop.c)
004013c0       RT@Stop
00415110+      LG@STOP_HOOK
Module: C:\WATCOM/lib386/nt\clib3r.lib(cstrtwnt)
00401430       _cstart_
00401430*      mainCRTStartup
Module: C:\WATCOM/lib386/nt\emu387.lib(386)
0040148c       __init_387_emulator
0040148d*      __fini_387_emulator
Module: C:\WATCOM/lib386/nt\flib7.lib(initeng.c)
00417000       __init_english
Module: C:\WATCOM/lib386/nt\flib7.lib(initerr.c)
00417004       __init_error
Module: C:\WATCOM/lib386/nt\clib3r.lib(xmsgwnt.c)
00401490+      __exit_with_msg_
004014f0       __fatal_runtime_error_
Module: C:\WATCOM/lib386/nt\clib3r.lib(mainwnt.c)
00415114       ___TlsIndex
00415118       ___FirstThreadData
0041511c       ___GetThreadPtr
00415120       __AccessFileH
00415124       __ReleaseFileH
00415128       __AccessIOB
0041512c       __ReleaseIOB
00415130       __AccessNHeap
00415134       __AccessFHeap
00415138       __ReleaseNHeap
00401520*      __threadid_
00401540+      __sig_null_rtn_
00401550+      __NTInit_
00401730+      __NTFini_
00401790       __NTMainInit_
004017f0       __exit_
0041513c       __ReleaseFHeap
00415140       __AccessTDList
00415144       __ReleaseTDList
00415148       __AccessFList
0041514c       __ReleaseFList
00415150       __ThreadExitRtn
00415154       ___sig_init_rtn
00415158       ___sig_fini_rtn
0041515c       ___process_fini
00417010       ___Is_DLL
Module: C:\WATCOM/lib386/nt\flib7.lib(setiocb.c)
00401840       RT@SetIOCB
Module: C:\WATCOM/lib386/nt\flib7.lib(rdata.c)
00417630       _IORslt
00417640       _FmtBuff
00417644*      _Fmt_revert
00417648*      _Fmt_start
0041764c*      _Fmt_paren_level
00417650*      _Fmt_charptr
00417654*      _FmtEmStruct
00417658       _IOTypeRtn
0041765c*      _Fmt_end
00417660*      _Fmt_rep_spec
00417664       _FmtRoutine
00417668       _IOCB
0041766c       _Files
00417670*      _Fmt_delimited
Module: C:\WATCOM/lib386/nt\flib7.lib(rfmtexec.c)
00402200       R_FExec_
Module: C:\WATCOM/lib386/nt\flib7.lib(exwrite.c)
004022a0       DoWrite_
Module: C:\WATCOM/lib386/nt\flib7.lib(iomain.c)
004022d0       __ReleaseIOSys_
004022f0       IOMain_
Module: C:\WATCOM/lib386/nt\clib3r.lib(crwdata)
004151a4       __osmajor
004151a5       __osminor
004151a6       __osbuild
004151a8       __osver
004151ac       __winmajor
004151b0       __winminor
004151b4       __winver
00415170       __LpDllName
00415174       __LpwCmdLine
00415178       __LpwPgmName
0041517c       __LpwDllName
00415168       __LpCmdLine
0041516c       __LpPgmName
00415160*      __dynend
00415164       __curbrk
00415180*      __STACKLOW
00415184       __STACKTOP
00415188       __ASTACKSIZ
0041518c       __ASTACKPTR
00415190*      __cbyte
00415194*      __cbyte2
00415198*      __child
0041519e       __Envptr
004151a2*      __Envseg
0041519c       __no87
004151b8       ___FPE_handler
Module: C:\WATCOM/lib386/nt\flib7.lib(thrdutil.c)
00402500*      __InitMultiThreadIO_
004151c0       ___SwitchStkLow
Module: C:\WATCOM/lib386/nt\flib7.lib(rtinit.c)
004151c4       ___FAppType
004151c8       __ExceptionInit
004151cc       __ExceptionFini
00402520*      __InitFThreadData_
00402560+      RTSysFini_
00402570       RTSysInit_
004151d4       __AccessFIO
004151d8       __ReleaseFIO
004151dc       __PartialReleaseFIO
00417678       ___FThreadDataOffset
004160fe*      ___fthread_data_size
Module: C:\WATCOM/lib386/nt\flib7.lib(spawn.c)
004025d0       Spawn_
00402630       Suicide_
Module: C:\WATCOM/lib386/nt\flib7.lib(rterr.c)
004151e0+      _TraceRoutine
00402690       FlushStdUnit_
004026e0+      WriteErr_
004027b0       ErrHandler_
004027f0       RTErr_
004151ec+      LG@ERR_HOOK
Module: C:\WATCOM/lib386/nt\flib7.lib(stdio.c)
00402830       StdBuffer_
00402850       StdWrite_
00402930       StdFlush_
00402960       StdWriteNL_
Module: C:\WATCOM/lib386/nt\flib7.lib(runmain.c)
00402990*      __InitUnit6CC_
004029a0       __DevicesCC_
004029b0*      __InitAllowCommaSeparator_
004029c0       __AllowCommaSep_
004029d0+      _InitIO_
00402a40+      CloseAllFiles_
00402a80*      _FiniEx_
00402a80       RunExit_
00402ac0       RunEntry_
Module: C:\WATCOM/lib386/nt\clib3r.lib(main2wnt.c)
00402af0       __NTMain
Module: C:\WATCOM/lib386/nt\clib3r.lib(segdefns)
00401003       ___begtext
00415000*      __nullarea
004160e0       __Start_XI
0041612e       __End_XI
0041612e       __Start_YI
0041615e       __End_YI
Module: C:\WATCOM/lib386/nt\flib7.lib(english.c)
00402b80       __UseEnglishCharSet_
Module: C:\WATCOM/lib386/nt\flib7.lib(errincl.c)
00402c90       __InitError_
004155fc+      _PGroupTable
00415600+      _PErrWord
Module: C:\WATCOM/lib386/nt\clib3r.lib(enterdb.c)
00402cb0       __EnterWVIDEO_
00415604       ___WD_Present
Module: C:\WATCOM/lib386/nt\clib3r.lib(hdlman.c)
00415608+      ___NHandles
0041560c+      ___OSHandles
00415610+      ___FakeHandles
00402ce0+      __growPOSIXHandles_
00402d80       __allocPOSIXHandle_
00402e40       __freePOSIXHandle_
00402e60       __getOSHandle_
00402e70       __setOSHandle_
00402ec0+      __NTGetFakeHandle_
00402f30       __initPOSIXHandles_
00403010*      __set_handles_
00403020*      _grow_handles_
Module: C:\WATCOM/lib386/nt\clib3r.lib(environ.c)
00417680       ___env_mask
00417684       _environ
00417688       __wenviron
Module: C:\WATCOM/lib386/nt\clib3r.lib(getmodfn.c)
00403060       __lib_GetModuleFileNameW_
Module: C:\WATCOM/lib386/nt\clib3r.lib(strdup.c)
00403100       __clib_strdup_
Module: C:\WATCOM/lib386/nt\clib3r.lib(istable.c)
00403140       __IsTable
Module: C:\WATCOM/lib386/nt\clib3r.lib(ustrdup.c)
00403241       __clib_wcsdup_
Module: C:\WATCOM/lib386/nt\clib3r.lib(nfree.c)
00403270       _nfree_
00403270       free_
0041768c       ___MiniHeapFreeRover
Module: C:\WATCOM/lib386/nt\clib3r.lib(excptwnt.c)
004039e0+      ___ReportException@4
00403e30       __DefaultExceptionHandler_
00403e70+      ___ExceptionFilter
00404080       __NewExceptionFilter_
004040b0       __DoneExceptionFilter_
0041561c       ___oscode_check_func
00415620       ___raise_func
00417690*      _sw
00417694       ___ExceptionHandled
00417695+      ___ReportInvoked
Module: C:\WATCOM/lib386/nt\clib3r.lib(stklmwnt.c)
004040f0       __init_stack_limits_
Module: C:\WATCOM/lib386/nt\clib3r.lib(initrtns.c)
00404170       __InitRtns
004041c0       __FiniRtns
Module: C:\WATCOM/lib386/nt\flib7.lib(ioinit.c)
00404230       IOSysInit_
Module: C:\WATCOM/lib386/nt\flib7.lib(ioerr.c)
00404290       IOErr_
Module: C:\WATCOM/lib386/nt\flib7.lib(wrutils.c)
00404320       F_SendData_
00404380*      SendLine_
00404390       SendEOR_
00404420*      SendInt_
00404450       SendStr_
00404470+      SendWSLStr_
00404490       SendChar_
004044b0       Drop_
00404670       IOItemResult_
Module: C:\WATCOM/lib386/nt\flib7.lib(rfmtutil.c)
00404720       R_ChkType_
00404750       R_NewRec_
00404790       R_ChkIType_
004047c0       R_ChkFType_
004047f0       R_ChkRecLen_
00404810+      GetLen_
00404850       R_FOStr_
00404860*      FOString_
004048d0       R_FIStr_
00404990       R_FOLog_
004049e0       R_FILog_
00404ac0       R_FIFloat_
00404cb0       GetReal_
00404dc0       R_FOF_
00404e40       R_FOE_
00404f80+      FmtH2B_
00405070       R_FIHex_
004051f0       R_FOHex_
00405200*      FOHex_
00405300       R_FIInt_
00405410       R_FOInt_
00405670       R_FOG_
004058f0+      ChkBuffLen_
Module: C:\WATCOM/lib386/nt\flib7.lib(arrayio.c)
004059b0       ArrayIOType_
Module: C:\WATCOM/lib386/nt\flib7.lib(rdwr.c)
00405a30+      DoOpen_
00405a60+      _AllocBuffer_
00405aa0       IOPrologue_
00405ce0       UpdateRecNum_
Module: C:\WATCOM/lib386/nt\flib7.lib(unfmtout.c)
00405e00       UnFmtOut_
Module: C:\WATCOM/lib386/nt\flib7.lib(freeout.c)
00406250       FreeOut_
0041563c+      _OutRtn
Module: C:\WATCOM/lib386/nt\flib7.lib(rtutls.c)
00406350       FindFtnFile_
00406440       RChkAlloc_
00406470       F_Connect_
004064f0       ConnectFile_
00406500*      GetFileInfo_
004065f0       DiscoFile_
00406660*      ChkFileName_
00406690+      ChkLogFile_
004066d0       ChkIOOperation_
00406710       GetIOErr_
00406720       ChkIOErr_
00406740       ChkUnitId_
00406780*      ChkConnected_
004067a0       SetEOF_
004067d0       ClearEOF_
00406810       SysEOF_
00406840       IsFixed_
00406850       IsCarriage_
00406860*      ChkRecordStructure_
00406890*      ChkSequential_
004068b0*      ChkExist_
004068e0*      StrItem_
Module: C:\WATCOM/lib386/nt\flib7.lib(rtsysutl.c)
00406910       GetSysIOInfo_
00406930       GetSysFileInfo_
00406960*      IsDevice_
00406b30       OpenAction_
00406b70*      DfltRecType_
00406b90+      _FileAttrs_
00406c50       CloseFile_
00406cc0       Scrtched_
00406ce0*      CloseDeleteFile_
00406d30       Errf_
00406d50       FPutBuff_
00406dc0       FGetBuff_
00406e10       SeekFile_
00406e30       NoEOF_
00406e40       SysClearEOF_
00406e50*      SameFile_
00406e60*      Rewindf_
00406e80*      SysCreateFile_
00406ec0*      CheckLogicalRecord_
00406ee0       SkipLogicalRecord_
00406f00*      BackSpacef_
00406f30*      EndFilef_
00406f70       GetIOErrMsg_
00406fb0       ReportNExist_
00406fd0       ReportEOF_
00406fe0*      WaitForEnter_
Module: C:\WATCOM/lib386/nt\flib7.lib(rttraps.c)
004070e0       __EnableF77RTExceptionHandling_
004070f0       R_TrapInit_
00407180       R_TrapFini_
00407190*      __InitExceptionVectors_
Module: C:\WATCOM/lib386/nt\flib7.lib(errrtns.c)
00417698       ___ErrorFini
0041769c       ___ErrorInit
004176a0       ___BldErrMsg
Module: C:\WATCOM/lib386/nt\clib3r.lib(nodefwin.c)
00415670*      __WindowsIsWindowedHandle
00415674*      __WindowsRemoveWindowedHandle
00415678*      __WindowsNewWindow
0041567c*      __WindowsCloseWindow
00415680*      __WindowsSetAbout
00415684*      __WindowsSetAppTitle
00415688*      __WindowsSetConTitle
0041568c*      __WindowsDestroyOnClose
00415690*      __WindowsYieldControl
00415694*      __WindowsShutDown
00415698*      __WindowsStdin
0041569c       __WindowsStdout
004156a0*      __WindowsKbhit
004156a4*      __WindowsGetch
004156a8*      __WindowsGetche
004156ac*      __WindowsPutch
004071b0*      _dwShutDown_
004071b0*      _dwYield_
004071b0*      _dwSetConTitle_
004071b0*      _dwSetAppTitle_
004071b0*      _dwSetAboutDlg_
004071b0       _dwDeleteOnClose_
004156b0*      __WindowsExitRtn
004176a4*      __init_default_win
Module: C:\WATCOM/lib386/nt\clib3r.lib(atexit.c)
004071b3       atexit_
Module: C:\WATCOM/lib386/nt\clib3r.lib(regdata.c)
00407210       __RegisterThreadDataSize_
Module: C:\WATCOM/lib386/nt\clib3r.lib(setjmp)
00407238       _setjmp_
00407271       longjmp_
Module: C:\WATCOM/lib386/nt\clib3r.lib(exit.c)
004072f9+      __null_int23_exit_
004072fa       exit_
0040734a*      _exit_
004156b4+      ___int23_exit
004156b8+      ___FPE_handler_exit
Module: C:\WATCOM/lib386/nt\flib7.lib(posdat.c)
0041589c       _FStdIn
004158a0       _FStdOut
004158a4       _FStdErr
Module: C:\WATCOM/lib386/nt\flib7.lib(posflush.c)
00407360       FlushBuffer_
Module: C:\WATCOM/lib386/nt\flib7.lib(errutil.c)
00407410       BldErrCode_
00407470*      MsgFormat_
004074a0*      MsgBuffer_
004158a8+      _PGrpCodes
Module: C:\WATCOM/lib386/nt\clib3r.lib(iob.c)
004158ac       ___iob
00415ab4       __fmode
0041772c       ___OpenStreams
00417730       ___ClosedStreams
Module: C:\WATCOM/lib386/nt\clib3r.lib(setmd.c)
004074d0       setmode_
Module: C:\WATCOM/lib386/nt\clib3r.lib(write.c)
00407810       write_
Module: C:\WATCOM/lib386/nt\clib3r.lib(errno.c)
00407a70       __get_errno_ptr_
00407a80*      __get_doserrno_ptr_
Module: C:\WATCOM/lib386/nt\flib7.lib(posopen.c)
00407a90       InitStd_
00407b50       SetIOBufferSize_
00407b70+      _AllocFile_
00407c60       Openf_
00407d50       Closef_
Module: C:\WATCOM/lib386/nt\flib7.lib(rmemmgr.c)
00407dd0       RMemAlloc_
00407de0       RMemFree_
Module: C:\WATCOM/lib386/nt\clib3r.lib(mthrdini.c)
00407df0       __InitThreadData_
00415abc       ___ThreadDataSize
Module: C:\WATCOM/lib386/nt\clib3r.lib(memset.c)
00407e20       memset_
Module: C:\WATCOM/lib386/nt\clib3r.lib(cmain386.c)
00407e40       __CMain
Module: C:\WATCOM/lib386/nt\clib3r.lib(dosseg)
00001234       __DOSseg__
Module: C:\WATCOM/lib386/nt\flib7.lib(csetinfo.c)
00417734       _CharSetInfo
Module: C:\WATCOM/lib386/nt\flib7.lib(errmsg.c)
004081b0       _GroupTable
00408260       _ErrWord
Module: C:\WATCOM/lib386/nt\flib7.lib(blderr.c)
00408910       Substitute_
00408ad0       ErrCodOrg_
Module: C:\WATCOM/lib386/nt\clib3r.lib(nmalloc.c)
00408ae0       _nmalloc_
00408ae0       malloc_
00415ac0       ___nheapbeg
00415ac4       ___MiniHeapRover
00415ac8       ___LargestSizeB4MiniHeapRover
Module: C:\WATCOM/lib386/nt\clib3r.lib(seterrno.c)
00408bda       __set_errno_
00408be8       __set_EDOM_
00408bf6       __set_ERANGE_
00408c04*      __set_EINVAL_
00408c17       __set_doserrno_
Module: C:\WATCOM/lib386/nt\clib3r.lib(nrealloc.c)
00408c30*      _nrealloc_
00408c30       realloc_
Module: C:\WATCOM/lib386/nt\clib3r.lib(iomode.c)
00408cb0       __GetIOMode_
00408cd0       __SetIOMode_nogrow_
00415acc       ___NFiles
00415ad0       ___init_mode
00415b20       ___io_mode
Module: C:\WATCOM/lib386/nt\clib3r.lib(stiomode.c)
00408cf0       __grow_iomode_
00408dc0+      __shrink_iomode_
00408e00       __SetIOMode_
Module: C:\WATCOM/lib386/nt\clib3r.lib(setenvp.c)
00408e70       __setenvp_
00408f30       __freeenvp_
Module: C:\WATCOM/lib386/nt\clib3r.lib(ustrlen.c)
00408f7d       wcslen_
Module: C:\WATCOM/lib386/nt\clib3r.lib(memcpy.c)
00408f90       memcpy_
Module: C:\WATCOM/lib386/nt\clib3r.lib(mem.c)
00408fb0       __MemAllocator
00409060       __MemFree
Module: C:\WATCOM/lib386/nt\clib3r.lib(conutwnt.c)
004091b0*      __NTRealKey_
00409260*      __NTConsoleInput_
00409270       __NTConsoleOutput_
Module: C:\WATCOM/lib386/nt\clib3r.lib(fclex387.c)
00409280       _ClearFPE_
Module: C:\WATCOM/lib386/nt\clib3r.lib(signlwnt.c)
00415b2c+      __SignalTable
00409290+      __SetSignalFunc_
004092e0+      __GetSignalFunc_
00409310+      __GetSignalOSCode_
00409340+      __CheckSignalExCode_
00409480+      __sigabort_
00409490       __sigfpe_handler_
004094e0       signal_
00409570+      raise_
004095e0+      __SigInit_
00409630+      __SigFini_
00409670+      __sig_init_
Module: C:\WATCOM/lib386/nt\flib7.lib(ifile.c)
00409690       SendIFBuff_
004096c0       NextIFBuff_
Module: C:\WATCOM/lib386/nt\clib3r.lib(ltoa.c)
004096f0       ultoa_
00409740       ltoa_
Module: C:\WATCOM/lib386/nt\flib7.lib(sdfile.c)
00415b98*      _FFCtrlSeq
00415b9a*      _SkipCtrlSeq
00415b9c       _NormalCtrlSeq
00415b9e       _SDTermIn
00415ba2       _SDTermOut
00415ba6*      _SDPrtName
Module: C:\WATCOM/lib386/nt\flib7.lib(cctrl.c)
00409770       CheckCCtrl_
Module: C:\WATCOM/lib386/nt\flib7.lib(rdutils.c)
004097e0       NextRec_
Module: C:\WATCOM/lib386/nt\flib7.lib(undefcg.c)
00409980       OutLogCG_
00409990       OutIntCG_
004099d0+      FmtRealCG_
00409a00+      FmtDoubleCG_
00409a30+      FmtExtendedCG_
00409a60+      UndefIntCG_
00409a60+      UndefLogCG_
00409a60+      UndefExtendedCG_
00409a60+      UndefDoubleCG_
00409a60+      UndefRealCG_
00409a70+      GetRealCG_
00415bac       _FmtRealRtn
00415bb0       _FmtDoubleRtn
00415bb4       _FmtExtendedRtn
00415bb8       _SendStrRtn
00415bbc       _UndefRealRtn
00415bc0       _UndefDoubleRtn
00415bc4       _UndefExtendedRtn
00415bc8       _UndefLogRtn
00415bcc       _UndefIntRtn
00415bd0       _GetRealRtn
Module: C:\WATCOM/lib386/nt\flib7.lib(rfmtlog.c)
00409a90       R_FmtLog_
Module: C:\WATCOM/lib386/nt\clib3r.lib(toupper.c)
00409ac0       toupper_
Module: C:\WATCOM/lib386/nt\flib7.lib(fmtcnvt.c)
00409ad0       FmtS2I_
00409c00       FmtS2F_
Module: C:\WATCOM/lib386/nt\flib7.lib(fmtrtns.c)
00409fd0       R_F2E_
0040a140       R_F2F_
0040a2d0       SetMaxPrec_
Module: C:\WATCOM/lib386/nt\flib7.lib(flt86.c)
0040a2e0       _P1d100
0040a2e8       _P1d_99
Module: C:\WATCOM/lib386\math387r.lib(pow87)
0040a449*      pow_
0040a2f0       IF@DPOW
0040a2f0*      IF@POW
Module: C:\WATCOM/lib386/nt\flib7.lib(hexcnv.c)
0040a470       Hex_
0040a490*      HSToB_
0040a500       BToHS_
Module: C:\WATCOM/lib386/nt\clib3r.lib(strupr.c)
0040a550       strupr_
Module: C:\WATCOM/lib386/nt\clib3r.lib(_8087)
00415bd4       __8087
00415bd5       __real87
Module: C:\WATCOM/lib386/nt\flib7.lib(unfmtutl.c)
0040a570       _SizeVars
Module: C:\WATCOM/lib386/nt\flib7.lib(fdutil.c)
0040a580       LocFile_
0040a590       LocUnit_
0040a5c0       ExtractInfo_
Module: C:\WATCOM/lib386/nt\flib7.lib(rstdio.c)
0040a6f0       _InitStandardInput_
0040a720       _InitStandardOutput_
Module: C:\WATCOM/lib386/nt\flib7.lib(deffname.c)
00415bd8       _DefFName
Module: C:\WATCOM/lib386/nt\flib7.lib(stracc.c)
0040a750       TrimStr_
0040a790       GetStr_
Module: C:\WATCOM/lib386/nt\clib3r.lib(accsswnt.c)
0040a7c0       access_
Module: C:\WATCOM/lib386/nt\clib3r.lib(fullpath.c)
0040a800+      _sys_fullpath_
0040a880       _fullpath_
Module: C:\WATCOM/lib386/nt\clib3r.lib(fstatwnt.c)
0040a8f0       fstat_
Module: C:\WATCOM/lib386/nt\flib7.lib(poserr.c)
0040ac50       Errorf_
0040ac70*      EOFile_
0040ac90       ErrorMsg_
0040acd0       FSetTrunc_
0040ace0       FSetSysErr_
0040ad00       FSetErr_
0040ad20       FSetEof_
0040ad40       IOOk_
Module: C:\WATCOM/lib386/nt\clib3r.lib(statwnt.c)
0040ae65       stat_
Module: C:\WATCOM/lib386/nt\flib7.lib(posdel.c)
0040b0a0       Scratchf_
Module: C:\WATCOM/lib386/nt\flib7.lib(posput.c)
0040b0c0       FPutRec_
0040b100       ChopFile_
0040b150*      PutRec_
0040b270       writebytes_
0040b2f0       SysWrite_
Module: C:\WATCOM/lib386/nt\flib7.lib(posget.c)
0040b430       readbytes_
0040b500       SysRead_
0040b970       FGetRec_
0040b9a0*      GetRec_
0040b9c0       GetStdChar_
0040ba10       FCheckLogical_
0040ba90       FSkipLogical_
0040bb60*      FGetVarRecLen_
Module: C:\WATCOM/lib386/nt\flib7.lib(posseek.c)
0040bc50       FSeekRec_
0040bc90       CurrFileOffset_
0040bc90       FGetFilePos_
0040bcb0       SysSeek_
0040bea0*      FSeekAbs_
Module: C:\WATCOM/lib386/nt\clib3r.lib(stricmp.c)
0040beb0       stricmp_
Module: C:\WATCOM/lib386/nt\flib7.lib(posrew.c)
0040bef0       FRewind_
Module: C:\WATCOM/lib386/nt\flib7.lib(posback.c)
0040bf60       FBackspace_
Module: C:\WATCOM/lib386/nt\flib7.lib(postrunc.c)
0040c040       FTruncate_
Module: C:\WATCOM/lib386/nt\flib7.lib(fptraps.c)
0040c120*      __MaskDefaultFPE_
0040c140       FPTrapInit_
0040c170       FPTrapFini_
Module: C:\WATCOM/lib386/nt\clib3r.lib(trdlist.c)
0040c1e0       __GetThreadData_
0040c230       __ReallocThreadData_
0040c320       __AddThreadData_
0040c3a0       __RemoveThreadData_
0040c400       __ResizeThreadDataList_
0040c430       __FreeThreadDataList_
0040c460*      __ActiveThreads_
Module: C:\WATCOM/lib386/nt\clib3r.lib(ljmphdl.c)
00415be4       ___longjmp_handler
Module: C:\WATCOM/lib386/nt\clib3r.lib(lseek.c)
0040c490       lseek_
Module: C:\WATCOM/lib386/nt\flib7.lib(errgrp.c)
0040c4e0       _GrpCodes
Module: C:\WATCOM/lib386/nt\clib3r.lib(initfile.c)
0040c5a0       __InitFiles_
Module: C:\WATCOM/lib386/nt\clib3r.lib(ioexit.c)
0040c6a0*      fcloseall_
0040c6b0       __full_io_exit_
Module: C:\WATCOM/lib386/nt\clib3r.lib(dosret.c)
0040c6c0*      _dosretax_
0040c6d0*      _dosret0_
0040c6e0       __set_errno_dos_
0040c710*      __set_errno_dos_reterr_
0040c720       __set_errno_nt_
0040c730*      __set_errno_nt_reterr_
Module: C:\WATCOM/lib386/nt\clib3r.lib(stackwnt.c)
0040c750       stackavail_
Module: C:\WATCOM/lib386/nt\clib3r.lib(iomodtty.c)
0040c760       __ChkTTYIOMode_
0040c7a0       __IOMode_
Module: C:\WATCOM/lib386/nt\clib3r.lib(close.c)
0040c7c0       close_
Module: C:\WATCOM/lib386/nt\clib3r.lib(openwnt.c)
0040c9e0*      open_
0040ca00       sopen_
Module: C:\WATCOM/lib386/nt\flib7.lib(poscc.c)
0040ca30*      __LineFeedWithFormFeed_
0040ca40       FSetCC_
Module: C:\WATCOM/lib386/nt\clib3r.lib(__stos)
0040caa0       __STOSB
0040cad7*      __STOSD
Module: C:\WATCOM/lib386/nt\clib3r.lib(cinit.c)
0040cb50       __CommonInit_
Module: C:\WATCOM/lib386/nt\clib3r.lib(___argc.c)
00417754       ____Argc
00417758       ____Argv
Module: C:\WATCOM/lib386/nt\flib7.lib(rtmain.c)
0040cb60       main_
Module: C:\WATCOM/lib386/nt\clib3r.lib(memmove.c)
0040cb80       memmove_
Module: C:\WATCOM/lib386/nt\clib3r.lib(itoa.c)
0040cbe0       utoa_
0040cc30       itoa_
Module: C:\WATCOM/lib386/nt\clib3r.lib(nmemneed.c)
0040cc60       __nmemneed_
Module: C:\WATCOM/lib386/nt\clib3r.lib(grownear.c)
0040cdd0       __ExpandDGROUP_
Module: C:\WATCOM/lib386/nt\clib3r.lib(nmsize.c)
0040cdf0       _nmsize_
0040cdf0*      _msize_
Module: C:\WATCOM/lib386/nt\clib3r.lib(nexpand.c)
0040ce00       _nexpand_
0040ce00*      _expand_
0040ce40+      __HeapManager_expand_
Module: C:\WATCOM/lib386/nt\clib3r.lib(dofilstr.c)
0040d020       __ParsePosixHandleStr_
Module: C:\WATCOM/lib386/nt\clib3r.lib(clearenv.c)
0040d140       clearenv_
Module: C:\WATCOM/lib386/nt\clib3r.lib(abort.c)
0040d1e5*      abort_
0040d1f7       __terminate_
00415cf4       ___abort
Module: C:\WATCOM/lib386/nt\clib3r.lib(alphabet.c)
00415078       ___Alphabet
Module: C:\WATCOM/lib386/nt\flib7.lib(expchk.c)
0040d210       ToFFormat_
Module: C:\WATCOM/lib386/nt\flib7.lib(chrutils.c)
0040d260       JmpBlanks_
Module: C:\WATCOM/lib386/nt\flib7.lib(intarith.c)
0040d280       AddIOFlo_
0040d290*      SubIOFlo_
0040d2a0       MulIOFlo_
Module: C:\WATCOM/lib386/nt\clib3r.lib(tolower.c)
0040d2b0       tolower_
Module: C:\WATCOM/lib386\math387r.lib(strtod.c)
0040d7d2+      __Strtold_
0040d939       strtod_
Module: C:\WATCOM/lib386\math387r.lib(ldcvt.c)
0040db5c       _LDScale10x_
0040e103       __LDcvt_
Module: C:\WATCOM/lib386/nt\clib3r.lib(chipvar)
00415da0       ___chipbug
00415da0       __chipbug
Module: C:\WATCOM/lib386\math387r.lib(pow87e.c)
0040e550       __pow87_err_
Module: C:\WATCOM/lib386\math387r.lib(exp87)
0040e63f*      exp_
0040e5d8*      __@DEXP1
0040e5e0*      IF@EXP
0040e5e0*      IF@DEXP
0040e5e2       __@DEXP
Module: C:\WATCOM/lib386/nt\clib3r.lib(chipd32.asm)
0040e763       __fdiv_fpr
0040ec25*      __fdiv_chk
0040ec38*      __fdiv_m32
0040ec85*      __fdiv_m64
0040ecd2*      __fdiv_m32r
0040ed1f*      __fdiv_m64r
Module: C:\WATCOM/lib386/nt\clib3r.lib(chk8087.c)
0040ed90*      _fpreset_
0040edd0       __chk8087_
0040ede0*      __init_8087_
Module: C:\WATCOM/lib386/nt\clib3r.lib(getenv.c)
0040ee00       getenv_
Module: C:\WATCOM/lib386/nt\clib3r.lib(fgtattr.c)
0040ee90       __fixed_GetFileAttributesA_
Module: C:\WATCOM/lib386/nt\clib3r.lib(gtcwdwnt.c)
0040ef30       getcwd_
Module: C:\WATCOM/lib386/nt\clib3r.lib(ntdirinf.c)
0040efc0       __MakeDOSDT_
0040eff0*      __FromDOSDT_
0040f020*      __GetNTDirInfo_
0040f060*      __NTFindNextFileWithAttr_
Module: C:\WATCOM/lib386/nt\clib3r.lib(d2ttime.c)
0040f0c0       _d2ttime_
Module: C:\WATCOM/lib386/nt\clib3r.lib(strerror.c)
0040f460       strerror_
0040f480*      _strerror_
0040f550*      _doserror_
00415db4+      __sys_errlist
00415e58+      __sys_nerr
Module: C:\WATCOM/lib386/nt\clib3r.lib(_strcmp)
0040f580       strcmp_
Module: C:\WATCOM/lib386/nt\clib3r.lib(mbspbrk.c)
0040f6c0       _mbspbrk_
Module: C:\WATCOM/lib386/nt\clib3r.lib(mbsinc.c)
0040f710       _mbsinc_
Module: C:\WATCOM/lib386/nt\clib3r.lib(unlnkwnt.c)
0040f740       unlink_
Module: C:\WATCOM/lib386/nt\clib3r.lib(chsizwnt.c)
0040f7c0       chsize_
Module: C:\WATCOM/lib386/nt\clib3r.lib(read.c)
0040f8b0       read_
Module: C:\WATCOM/lib386/nt\clib3r.lib(cntrl87.c)
0040fa40       _control87_
Module: C:\WATCOM/lib386/nt\clib3r.lib(mthread.c)
0040fc20+      __CloseSemaphore_
0040fc60+      __AccessIOB_
0040fc70+      __ReleaseIOB_
0040fc80+      __AccessFileH_
0040fc90+      __ReleaseFileH_
0040fca0+      __AccessNHeap_
0040fcb0+      __ReleaseNHeap_
0040fcc0+      __AccessFHeap_
0040fcd0+      __ReleaseFHeap_
0040fce0+      __AccessTDList_
0040fcf0+      __ReleaseTDList_
0040fd00+      __AccessFList_
0040fd10+      __AccessSemaphore_
0040fd70+      __ReleaseFList_
0040fd80+      __ReleaseSemaphore_
0040fdb0+      __MultipleThread_
0040fe00+      __AllocInitThreadData_
0040fe50*      __FreeInitThreadData_
0040fe60       __NTThreadInit_
0040fed0       __NTAddThread_
0040ff20       __NTRemoveThread_
0040ffb0       __InitMultipleThread_
00415e5c+      ___AccessSema4
00415e60+      ___ReleaseSema4
00415e64+      ___CloseSema4
Module: C:\WATCOM/lib386/nt\clib3r.lib(calloc.c)
00410170       calloc_
Module: C:\WATCOM/lib386/nt\clib3r.lib(register.c)
004101a0       __initthread_
004101b0*      _beginthread_
004101c0       _endthread_
004101d0*      __RegisterThreadData_
Module: C:\WATCOM/lib386/nt\clib3r.lib(__lseek.c)
00410220       __lseek_
Module: C:\WATCOM/lib386/nt\clib3r.lib(fclose.c)
00410260+      __doclose_
00410300       __shutdown_stream_
00410320*      fclose_
00417fc8+      ___RmTmpFileFn
Module: C:\WATCOM/lib386/nt\clib3r.lib(freefp.c)
00410370       __freefp_
004103c0       __purgefp_
Module: C:\WATCOM/lib386/nt\clib3r.lib(isattwnt.c)
004103f0       isatty_
Module: C:\WATCOM/lib386/nt\clib3r.lib(_clsewnt.c)
00410410       __close_
Module: C:\WATCOM/lib386/nt\clib3r.lib(ntfio.c)
00410470*      __GetNTCreateAttr_
004104b0       __GetNTAccessAttr_
004104e0       __GetNTShareAttr_
Module: C:\WATCOM/lib386/nt\clib3r.lib(umaskval.c)
00415e74       ___umaskval
Module: C:\WATCOM/lib386/nt\clib3r.lib(argcv.c)
00417fcc       __argc
00417fd0       __argv
00417fd4       ___argv
00417fd8       ___argc
Module: C:\WATCOM/lib386/nt\clib3r.lib(amblksiz.c)
00415e78       __amblksiz
Module: C:\WATCOM/lib386/nt\clib3r.lib(heapen.c)
00410540*      _heapenable_
00415e7c       ___heap_enabled
Module: C:\WATCOM/lib386/nt\clib3r.lib(nheapmin.c)
00410570       _nheapshrink_
00410570*      _nheapmin_
00410570*      _heapmin_
00410570       _heapshrink_
Module: C:\WATCOM/lib386/nt\clib3r.lib(strncpy.c)
00410660       strncpy_
Module: C:\WATCOM/lib386/nt\clib3r.lib(strtol.c)
004108c0*      strtoul_
004108d0       strtol_
Module: C:\WATCOM/lib386/nt\clib3r.lib(putenv.c)
004108e0       putenv_
00410b70       __putenv_
Module: C:\WATCOM/lib386\math387r.lib(bufld386)
00410cdc       __ZBuf2LD
Module: C:\WATCOM/lib386\math387r.lib(inf_nan.c)
00410d7f*      ___f_infinity
00410d83*      ___f_posqnan
00410d87       ___d_infinity
00410d8f       ___d_posqnan
00410d97*      ___ld_infinity
00410d9f*      ___ld_posqnan
Module: C:\WATCOM/lib386/nt\clib3r.lib(hugeval.c)
00410db0       __HugeValue
Module: C:\WATCOM/lib386\math387r.lib(ldclass.c)
00410db8       __LDClass_
00410e08*      _FLClass_
Module: C:\WATCOM/lib386/nt\clib3r.lib(chipbug.c)
00410e20       __verify_pentium_fdiv_bug_
Module: C:\WATCOM/lib386\math387r.lib(math2err.c)
00410ee2       __math1err_
00410eec       __math2err_
Module: C:\WATCOM/lib386\math387r.lib(math87e.c)
00410fe3       __math87_err_
Module: C:\WATCOM/lib386/nt\clib3r.lib(8087cw.c)
00415f68       __8087cw
Module: C:\WATCOM/lib386/nt\clib3r.lib(save8087.c)
00415f6c       ___Save8087
00415f70       ___Rest8087
Module: C:\WATCOM/lib386/nt\clib3r.lib(init8087)
00411054       __x87id
Module: C:\WATCOM/lib386/nt\clib3r.lib(mbterm.c)
00411090       _mbterm_
Module: C:\WATCOM/lib386/nt\clib3r.lib(mbsnextc.c)
004110d0       _mbsnextc_
Module: C:\WATCOM/lib386/nt\clib3r.lib(mbcupper.c)
00411110       _mbctoupper_
Module: C:\WATCOM/lib386/nt\clib3r.lib(mktime.c)
00411140       mktime_
Module: C:\WATCOM/lib386/nt\clib3r.lib(mbschr.c)
004111d0       _mbschr_
Module: C:\WATCOM/lib386/nt\clib3r.lib(mbisdbcs.c)
00417fdc       ___IsDBCS
Module: C:\WATCOM/lib386/nt\clib3r.lib(mbislead.c)
00411230*      _ismbblead_
00417fe0       ___MBCSIsTable
Module: C:\WATCOM/lib386/nt\clib3r.lib(trdalloc.c)
00411250       __FiniThreadProcessing_
Module: C:\WATCOM/lib386/nt\clib3r.lib(thredwnt.c)
00411310       __CBeginThread_
004113b0       __CEndThread_
Module: C:\WATCOM/lib386/nt\clib3r.lib(flush.c)
004113f0       __flush_
Module: C:\WATCOM/lib386/nt\clib3r.lib(initargv.c)
004114f0       __Init_Argv_
00411540+      _getargv_
004116e0       __Fini_Argv_
Module: C:\WATCOM/lib386/nt\clib3r.lib(mbslen.c)
004116f0       _mbslen_
Module: C:\WATCOM/lib386/nt\clib3r.lib(mbstowcs.c)
00411720       mbstowcs_
Module: C:\WATCOM/lib386/nt\clib3r.lib(uputenv.c)
004117a0*      _wputenv_
004119c0       __wputenv_
Module: C:\WATCOM/lib386\math387r.lib(_matherr.c)
00411b5f*      _set_matherr_
00411b65+      __rterrmsg_
00411bad       _matherr_
00415f74+      ___matherr_handler
Module: C:\WATCOM/lib386/nt\clib3r.lib(mbconv.c)
00411be0       _mbvtop_
Module: C:\WATCOM/lib386/nt\clib3r.lib(locmktim.c)
00411c00       __local_mktime_
Module: C:\WATCOM/lib386/nt\clib3r.lib(gmtime.c)
00411d80       __brktime_
00411e80+      _gmtime_
00411ea0*      gmtime_
Module: C:\WATCOM/lib386/nt\clib3r.lib(tzset.c)
00415f78       ___start_dst
00415f9c       ___end_dst
004160c4*      _tzname
004160cc       _timezone
004160d0       _daylight
004160d4       ___dst_adjust
00411f10*      __DontCacheOSTZ_
00411f20*      __CacheOSTZ_
00412400+      __parse_tz_
004127f0       tzset_
Module: C:\WATCOM/lib386/nt\clib3r.lib(timeutil.c)
00412960       __isindst_
Module: C:\WATCOM/lib386/nt\clib3r.lib(mbclen.c)
00412c90       _mbclen_
Module: C:\WATCOM/lib386/nt\clib3r.lib(mbccmp.c)
00412cc0       _mbccmp_
Module: C:\WATCOM/lib386/nt\clib3r.lib(mbinit.c)
00412d35       __mbinit_
004160dc       ___MBCodePage
Module: C:\WATCOM/lib386/nt\clib3r.lib(fsync.c)
00412e30       fsync_
Module: C:\WATCOM/lib386/nt\clib3r.lib(qwrit.c)
00412e80       __qwrite_
Module: C:\WATCOM/lib386/nt\clib3r.lib(histsplt.c)
004180e8       ___historical_splitparms
Module: C:\WATCOM/lib386/nt\clib3r.lib(mbtowc.c)
00412f60       mbtowc_
Module: C:\WATCOM/lib386/nt\clib3r.lib(ustrchr.c)
00412ff0       wcschr_
Module: C:\WATCOM/lib386/nt\clib3r.lib(setenvar.c)
00413010       __lib_SetEnvironmentVariableW_
Module: C:\WATCOM/lib386/nt\clib3r.lib(crtwenv.c)
00413100       __create_wide_environment_
Module: C:\WATCOM/lib386/nt\clib3r.lib(wcstombs.c)
00413170       wcstombs_
Module: C:\WATCOM/lib386/nt\clib3r.lib(utoupper.c)
0041320f       towupper_
Module: C:\WATCOM/lib386\math387r.lib(__mtherr)
00413220       __matherr
Module: C:\WATCOM/lib386/nt\clib3r.lib(iobaddr.c)
00413230       __get_std_stream_
00413230*      __get_std_file_
Module: C:\WATCOM/lib386/nt\clib3r.lib(fputs.c)
00413250       fputs_
Module: C:\WATCOM/lib386/nt\clib3r.lib(fputc.c)
004132f0       fputc_
Module: C:\WATCOM/lib386/nt\clib3r.lib(leapyear.c)
004133d0       __leapyear_
004150a8       ___diyr
004150c2       ___dilyr
Module: C:\WATCOM/lib386/nt\clib3r.lib(wctomb.c)
00413410       wctomb_
Module: C:\WATCOM/lib386\math387r.lib(matherr.c)
0041344d       matherr_
Module: C:\WATCOM/lib386/nt\clib3r.lib(ioalloc.c)
00413450       __ioalloc_
Module: C:\WATCOM/lib386/nt\clib3r.lib(chktty.c)
004134f0       __chktty_


                        +----------------------+
                        |   Imported Symbols   |
                        +----------------------+

Symbol                              Module
======                              ======

_GetStdHandle@4                     KERNEL32.DLL
_WriteFile@20                       KERNEL32.DLL
_GetEnvironmentStringsA@0           KERNEL32.DLL
_GetVersion@0                       KERNEL32.DLL
_GetModuleFileNameA@12              KERNEL32.DLL
_GetCommandLineA@0                  KERNEL32.DLL
_GetCommandLineW@0                  KERNEL32.DLL
_FreeEnvironmentStringsA@4          KERNEL32.DLL
_GetModuleHandleA@4                 KERNEL32.DLL
_ExitProcess@4                      KERNEL32.DLL
_RtlUnwind@16                       KERNEL32.DLL
_MessageBoxA@16                     USER32.DLL
_SetStdHandle@8                     KERNEL32.DLL
_CreateEventA@16                    KERNEL32.DLL
_CloseHandle@4                      KERNEL32.DLL
_GetModuleFileNameW@12              KERNEL32.DLL
_MultiByteToWideChar@24             KERNEL32.DLL
_LoadLibraryA@4                     KERNEL32.DLL
_GetProcAddress@8                   KERNEL32.DLL
_SetUnhandledExceptionFilter@4      KERNEL32.DLL
_UnhandledExceptionFilter@4         KERNEL32.DLL
_VirtualQuery@12                    KERNEL32.DLL
_SetFilePointer@16                  KERNEL32.DLL
_GetLastError@0                     KERNEL32.DLL
_GetFileType@4                      KERNEL32.DLL
_GetCurrentThreadId@0               KERNEL32.DLL
_CreateFileA@28                     KERNEL32.DLL
_SetConsoleCtrlHandler@8            KERNEL32.DLL
_GetFullPathNameA@16                KERNEL32.DLL
_GetFileInformationByHandle@8       KERNEL32.DLL
_GetFileTime@16                     KERNEL32.DLL
_GetFileSize@8                      KERNEL32.DLL
_GetDriveTypeA@4                    KERNEL32.DLL
_FindFirstFileA@8                   KERNEL32.DLL
_FindClose@4                        KERNEL32.DLL
_TlsGetValue@4                      KERNEL32.DLL
_TlsSetValue@8                      KERNEL32.DLL
_VirtualAlloc@16                    KERNEL32.DLL
_GetFileAttributesA@4               KERNEL32.DLL
_GetCurrentDirectoryA@8             KERNEL32.DLL
_FileTimeToLocalFileTime@8          KERNEL32.DLL
_FileTimeToDosDateTime@12           KERNEL32.DLL
_DosDateTimeToFileTime@12           KERNEL32.DLL
_LocalFileTimeToFileTime@8          KERNEL32.DLL
_FindNextFileA@8                    KERNEL32.DLL
_FormatMessageA@28                  KERNEL32.DLL
_DeleteFileA@4                      KERNEL32.DLL
_SetEndOfFile@4                     KERNEL32.DLL
_ReadFile@20                        KERNEL32.DLL
_InitializeCriticalSection@4        KERNEL32.DLL
_DeleteCriticalSection@4            KERNEL32.DLL
_LeaveCriticalSection@4             KERNEL32.DLL
_EnterCriticalSection@4             KERNEL32.DLL
_SetLastError@4                     KERNEL32.DLL
_TlsAlloc@0                         KERNEL32.DLL
_TlsFree@4                          KERNEL32.DLL
_VirtualFree@12                     KERNEL32.DLL
_SetEnvironmentVariableA@8          KERNEL32.DLL
_CharUpperA@4                       USER32.DLL
_CreateThread@24                    KERNEL32.DLL
_ResumeThread@4                     KERNEL32.DLL
_ExitThread@4                       KERNEL32.DLL
_GetTimeZoneInformation@4           KERNEL32.DLL
_GetACP@0                           KERNEL32.DLL
_GetOEMCP@0                         KERNEL32.DLL
_GetCPInfo@8                        KERNEL32.DLL
_FlushFileBuffers@4                 KERNEL32.DLL
_SetEnvironmentVariableW@8          KERNEL32.DLL
_WideCharToMultiByte@32             KERNEL32.DLL


                        +--------------------+
                        |   Libraries Used   |
                        +--------------------+

C:\WATCOM/lib386/nt\kernel32.lib
C:\WATCOM/lib386/nt\user32.lib
C:\WATCOM/lib386\math387r.lib
C:\WATCOM/lib386/nt\emu387.lib
C:\WATCOM/lib386/nt\flib7.lib
C:\WATCOM/lib386/nt\clib3r.lib


                        +-----------------------+
                        |   Linker Statistics   |
                        +-----------------------+

Stack size:  00010000 (65536.)
Memory size:  00025f38 (155448.)
Entry point address: 00401430
Link time: 00:01.94
