Open Watcom Linker Version 1.9
Portions Copyright (c) 1985-2002 Sybase, Inc. All Rights Reserved.
Created on:       12/12/06 10:42:29
Executable Image: fadd1.exe
creating a Windows NT character-mode executable


                        +------------+
                        |   Groups   |
                        +------------+

Group                           Address              Size
=====                           =======              ====

.idata                          0040a000             0000041c
DGROUP                          0040b000             00011790



                        +--------------+
                        |   Segments   |
                        +--------------+

Segment                Class          Group          Address         Size
=======                =====          =====          =======         ====

BEGTEXT                CODE           AUTO           00401000        00000007
_TEXT                  CODE           AUTO           00401010        0000806f
TRANSFER CODE          CODE           AUTO           00409080        000000d8
.idata                 .idata         .idata         0040a000        0000041c
_NULL                  BEGDATA        DGROUP         0040b000        00000004
_AFTERNULL             BEGDATA        DGROUP         0040b004        00000000
CONST                  DATA           DGROUP         0040b010        00000068
CONST2                 DATA           DGROUP         0040b078        00000000
_DATA                  DATA           DGROUP         0040b080        00000694
XIB                    DATA           DGROUP         0040b714        00000000
XI                     DATA           DGROUP         0040b714        0000003c
XIE                    DATA           DGROUP         0040b750        00000000
YIB                    DATA           DGROUP         0040b750        00000000
YI                     DATA           DGROUP         0040b750        0000001e
YIE                    DATA           DGROUP         0040b76e        00000000
TIB                    DATA           DGROUP         0040b76e        00000000
TI                     DATA           DGROUP         0040b76e        00000000
TIE                    DATA           DGROUP         0040b76e        00000000
DATA                   DATA           DGROUP         0040b76e        00000000
_BSS                   BSS            DGROUP         0040c000        00000788
STACK                  STACK          DGROUP         0040c790        00010000


                        +----------------+
                        |   Memory Map   |
                        +----------------+

* = unreferenced symbol
+ = symbol only referenced locally

Address        Symbol
=======        ======

Module: fadd1.obj(D:\projects\cfortran\fadd1.c)
00401010       main_
Module: ffadd1.obj(D:\projects\cfortran\ffadd1.for)
0040117d       FADD
004011f6       MATMUL
Module: C:\WATCOM/lib386/nt\clib3r.lib(stk)
004013c5       __CHK
004013d5*      __STK
004013f4*      __STKOVERFLOW_
00401404*      __GRO
00401424*      __alloca_probe
Module: C:\WATCOM/lib386/nt\clib3r.lib(printf.c)
00401440       printf_
Module: C:\WATCOM/lib386/nt\clib3r.lib(cstrtwnt)
00401462       _cstart_
00401462*      mainCRTStartup
Module: C:\WATCOM/lib386/nt\clib3r.lib(fltused.c)
0040b0d8       _fltused_
Module: C:\WATCOM/lib386/nt\emu387.lib(386)
004014c0       __init_387_emulator
004014c1*      __fini_387_emulator
Module: C:\WATCOM/lib386/nt\clib3r.lib(_8087)
0040b0dc       __8087
0040b0dd       __real87
Module: C:\WATCOM/lib386/nt\flib7.lib(initeng.c)
0040c000       __init_english
Module: C:\WATCOM/lib386/nt\flib7.lib(initerr.c)
0040c004       __init_error
Module: C:\WATCOM/lib386/nt\clib3r.lib(xmsgwnt.c)
004014d0+      __exit_with_msg_
00401530       __fatal_runtime_error_
Module: C:\WATCOM/lib386/nt\clib3r.lib(mainwnt.c)
0040b0e0*      ___TlsIndex
0040b0e4+      ___FirstThreadData
0040b0e8       ___GetThreadPtr
0040b0ec       __AccessFileH
0040b0f0       __ReleaseFileH
0040b0f4       __AccessIOB
0040b0f8       __ReleaseIOB
0040b0fc       __AccessNHeap
0040b100*      __AccessFHeap
0040b104       __ReleaseNHeap
00401560*      __threadid_
00401580+      __sig_null_rtn_
00401590+      __NTInit_
00401770+      __NTFini_
004017d0       __NTMainInit_
00401830       __exit_
0040b108*      __ReleaseFHeap
0040b10c*      __AccessTDList
0040b110*      __ReleaseTDList
0040b114       __AccessFList
0040b118       __ReleaseFList
0040b11c+      __ThreadExitRtn
0040b120       ___sig_init_rtn
0040b124       ___sig_fini_rtn
0040b128       ___process_fini
0040c010       ___Is_DLL
Module: C:\WATCOM/lib386/nt\clib3r.lib(iob.c)
0040b12c       ___iob
0040b334*      __fmode
0040c62c       ___OpenStreams
0040c630       ___ClosedStreams
Module: C:\WATCOM/lib386/nt\clib3r.lib(fprtf.c)
004018a0       __fprtf_
Module: C:\WATCOM/lib386/nt\clib3r.lib(main2wnt.c)
00401960       __NTMain
Module: C:\WATCOM/lib386/nt\clib3r.lib(segdefns)
00401003       ___begtext
0040b000*      __nullarea
0040b714       __Start_XI
0040b750       __End_XI
0040b750       __Start_YI
0040b76e       __End_YI
Module: C:\WATCOM/lib386/nt\clib3r.lib(setefg.c)
004019c0       __setEFGfmt_
Module: C:\WATCOM/lib386/nt\clib3r.lib(chk8087.c)
00401a00*      _fpreset_
00401a40       __chk8087_
00401a50*      __init_8087_
Module: C:\WATCOM/lib386/nt\clib3r.lib(crwdata)
0040b37c       __osmajor
0040b37d       __osminor
0040b37e       __osbuild
0040b380       __osver
0040b384       __winmajor
0040b388       __winminor
0040b38c       __winver
0040b348       __LpDllName
0040b34c       __LpwCmdLine
0040b350       __LpwPgmName
0040b354       __LpwDllName
0040b340       __LpCmdLine
0040b344       __LpPgmName
0040b338*      __dynend
0040b33c       __curbrk
0040b358*      __STACKLOW
0040b35c       __STACKTOP
0040b360       __ASTACKSIZ
0040b364       __ASTACKPTR
0040b368*      __cbyte
0040b36c*      __cbyte2
0040b370*      __child
0040b376       __Envptr
0040b37a*      __Envseg
0040b374       __no87
0040b390       ___FPE_handler
Module: C:\WATCOM/lib386/nt\flib7.lib(english.c)
00401aa0       __UseEnglishCharSet_
Module: C:\WATCOM/lib386/nt\flib7.lib(errincl.c)
00401bb0       __InitError_
0040b394+      _PGroupTable
0040b398+      _PErrWord
Module: C:\WATCOM/lib386/nt\clib3r.lib(enterdb.c)
00401bd0       __EnterWVIDEO_
0040b39c+      ___WD_Present
Module: C:\WATCOM/lib386/nt\clib3r.lib(hdlman.c)
0040b3a0+      ___NHandles
0040b3a4+      ___OSHandles
0040b3a8+      ___FakeHandles
00401c00+      __growPOSIXHandles_
00401ca0+      __allocPOSIXHandle_
00401d60       __freePOSIXHandle_
00401d80       __getOSHandle_
00401d90       __setOSHandle_
00401de0+      __NTGetFakeHandle_
00401e50       __initPOSIXHandles_
00401f30*      __set_handles_
00401f40*      _grow_handles_
Module: C:\WATCOM/lib386/nt\clib3r.lib(environ.c)
0040c634       ___env_mask
0040c638       _environ
0040c63c       __wenviron
Module: C:\WATCOM/lib386/nt\clib3r.lib(getmodfn.c)
00401f80       __lib_GetModuleFileNameW_
Module: C:\WATCOM/lib386/nt\clib3r.lib(strdup.c)
00402020       __clib_strdup_
Module: C:\WATCOM/lib386/nt\clib3r.lib(istable.c)
00402060       __IsTable
Module: C:\WATCOM/lib386/nt\clib3r.lib(ustrdup.c)
00402161       __clib_wcsdup_
Module: C:\WATCOM/lib386/nt\clib3r.lib(nfree.c)
00402190       _nfree_
00402190       free_
0040c640       ___MiniHeapFreeRover
Module: C:\WATCOM/lib386/nt\clib3r.lib(excptwnt.c)
00402900+      ___ReportException@4
00402d50       __DefaultExceptionHandler_
00402d90+      ___ExceptionFilter
00402fa0       __NewExceptionFilter_
00402fd0       __DoneExceptionFilter_
0040b3b4       ___oscode_check_func
0040b3b8       ___raise_func
0040c644*      _sw
0040c648+      ___ExceptionHandled
0040c649+      ___ReportInvoked
Module: C:\WATCOM/lib386/nt\clib3r.lib(stklmwnt.c)
00403010       __init_stack_limits_
Module: C:\WATCOM/lib386/nt\clib3r.lib(initrtns.c)
00403090       __InitRtns
004030e0       __FiniRtns
Module: C:\WATCOM/lib386/nt\clib3r.lib(initfile.c)
00403170       __InitFiles_
Module: C:\WATCOM/lib386/nt\clib3r.lib(ioexit.c)
00403270*      fcloseall_
00403280       __full_io_exit_
Module: C:\WATCOM/lib386/nt\clib3r.lib(fputc.c)
00403290       fputc_
Module: C:\WATCOM/lib386/nt\clib3r.lib(ioalloc.c)
00403370       __ioalloc_
Module: C:\WATCOM/lib386/nt\clib3r.lib(prtf.c)
00403410       __prtf_
Module: C:\WATCOM/lib386/nt\clib3r.lib(flush.c)
004040e0       __flush_
Module: C:\WATCOM/lib386/nt\clib3r.lib(mthrdini.c)
004041e0       __InitThreadData_
0040b3d0       ___ThreadDataSize
Module: C:\WATCOM/lib386/nt\clib3r.lib(memset.c)
00404210       memset_
Module: C:\WATCOM/lib386/nt\clib3r.lib(cmain386.c)
00404230       __CMain
Module: C:\WATCOM/lib386/nt\clib3r.lib(dosseg)
00001234       __DOSseg__
Module: C:\WATCOM/lib386/nt\clib3r.lib(noefgfmt.c)
0040b3d4       ___EFG_printf
0040b3d8       ___EFG_scanf
Module: C:\WATCOM/lib386\math387r.lib(efgfmt.c)
004042b2       _EFG_Format_
Module: C:\WATCOM/lib386\math387r.lib(cnvs2d.c)
0040441c       __cnvs2d_
Module: C:\WATCOM/lib386/nt\clib3r.lib(8087cw.c)
0040b3dc       __8087cw
Module: C:\WATCOM/lib386/nt\clib3r.lib(save8087.c)
0040b3e0       ___Save8087
0040b3e4       ___Rest8087
Module: C:\WATCOM/lib386/nt\clib3r.lib(init8087)
00404434       __x87id
Module: C:\WATCOM/lib386/nt\flib7.lib(csetinfo.c)
0040c64c       _CharSetInfo
Module: C:\WATCOM/lib386/nt\flib7.lib(errmsg.c)
004047a0       _GroupTable
00404850       _ErrWord
Module: C:\WATCOM/lib386/nt\flib7.lib(blderr.c)
00404f00       Substitute_
004050c0*      ErrCodOrg_
Module: C:\WATCOM/lib386/nt\flib7.lib(errrtns.c)
0040c660       ___ErrorFini
0040c664       ___ErrorInit
0040c668       ___BldErrMsg
Module: C:\WATCOM/lib386/nt\clib3r.lib(nmalloc.c)
004050d0       _nmalloc_
004050d0       malloc_
0040b3e8       ___nheapbeg
0040b3ec       ___MiniHeapRover
0040b3f0       ___LargestSizeB4MiniHeapRover
Module: C:\WATCOM/lib386/nt\clib3r.lib(seterrno.c)
004051ca       __set_errno_
004051d8*      __set_EDOM_
004051e6       __set_ERANGE_
004051f4*      __set_EINVAL_
00405207       __set_doserrno_
Module: C:\WATCOM/lib386/nt\clib3r.lib(nrealloc.c)
00405220*      _nrealloc_
00405220       realloc_
Module: C:\WATCOM/lib386/nt\clib3r.lib(iomode.c)
004052a0       __GetIOMode_
004052c0       __SetIOMode_nogrow_
0040b3f4       ___NFiles
0040b3f8       ___init_mode
0040b448       ___io_mode
Module: C:\WATCOM/lib386/nt\clib3r.lib(stiomode.c)
004052e0       __grow_iomode_
004053b0+      __shrink_iomode_
004053f0       __SetIOMode_
Module: C:\WATCOM/lib386/nt\clib3r.lib(setenvp.c)
00405460       __setenvp_
00405520       __freeenvp_
Module: C:\WATCOM/lib386/nt\clib3r.lib(ustrlen.c)
0040556d       wcslen_
Module: C:\WATCOM/lib386/nt\clib3r.lib(memcpy.c)
00405580       memcpy_
Module: C:\WATCOM/lib386/nt\clib3r.lib(mem.c)
004055a0       __MemAllocator
00405650       __MemFree
Module: C:\WATCOM/lib386/nt\clib3r.lib(conutwnt.c)
004057a0*      __NTRealKey_
00405850*      __NTConsoleInput_
00405860       __NTConsoleOutput_
Module: C:\WATCOM/lib386/nt\clib3r.lib(fclex387.c)
00405870       _ClearFPE_
Module: C:\WATCOM/lib386/nt\clib3r.lib(signlwnt.c)
0040b454+      __SignalTable
00405880+      __SetSignalFunc_
004058d0+      __GetSignalFunc_
00405900+      __GetSignalOSCode_
00405930+      __CheckSignalExCode_
00405a70+      __sigabort_
00405a80       __sigfpe_handler_
00405ad0*      signal_
00405b60+      raise_
00405bd0+      __SigInit_
00405c20+      __SigFini_
00405c60+      __sig_init_
Module: C:\WATCOM/lib386/nt\clib3r.lib(fclose.c)
00405c80+      __doclose_
00405d20       __shutdown_stream_
00405d40*      fclose_
0040c674+      ___RmTmpFileFn
Module: C:\WATCOM/lib386/nt\clib3r.lib(freefp.c)
00405d90       __freefp_
00405de0       __purgefp_
Module: C:\WATCOM/lib386/nt\clib3r.lib(chktty.c)
00405e10       __chktty_
Module: C:\WATCOM/lib386/nt\clib3r.lib(wctomb.c)
00405e50       wctomb_
Module: C:\WATCOM/lib386/nt\clib3r.lib(itoa.c)
00405e90       utoa_
00405ee0       itoa_
Module: C:\WATCOM/lib386/nt\clib3r.lib(strupr.c)
00405f10       strupr_
Module: C:\WATCOM/lib386/nt\clib3r.lib(lltoa.c)
00405f30       ulltoa_
00405fa0*      lltoa_
Module: C:\WATCOM/lib386/nt\clib3r.lib(ltoa.c)
00405fd0       ultoa_
00406020*      ltoa_
Module: C:\WATCOM/lib386/nt\clib3r.lib(mbisdbcs.c)
0040c678       ___IsDBCS
Module: C:\WATCOM/lib386/nt\clib3r.lib(mbislead.c)
00406050*      _ismbblead_
0040c67c       ___MBCSIsTable
Module: C:\WATCOM/lib386/nt\clib3r.lib(__lseek.c)
00406070       __lseek_
Module: C:\WATCOM/lib386/nt\clib3r.lib(fsync.c)
004060b0       fsync_
Module: C:\WATCOM/lib386/nt\clib3r.lib(qwrit.c)
00406100       __qwrite_
Module: C:\WATCOM/lib386/nt\clib3r.lib(__stos)
004061e0       __STOSB
00406217*      __STOSD
Module: C:\WATCOM/lib386/nt\clib3r.lib(cinit.c)
00406290       __CommonInit_
Module: C:\WATCOM/lib386/nt\clib3r.lib(___argc.c)
0040c780       ____Argc
0040c784       ____Argv
Module: C:\WATCOM/lib386/nt\clib3r.lib(exit.c)
004062a0+      __null_int23_exit_
004062a1       exit_
004062f1*      _exit_
0040b4c0+      ___int23_exit
0040b4c4+      ___FPE_handler_exit
Module: C:\WATCOM/lib386/nt\clib3r.lib(rtcntrl.c)
00406310*      _SetLD64bit_
00406320*      _SetLD80bit_
00406330       _LDisDouble_
Module: C:\WATCOM/lib386\math387r.lib(ldcvt.c)
0040641f       _LDScale10x_
004069c6       __LDcvt_
Module: C:\WATCOM/lib386\math387r.lib(strtod.c)
00407327+      __Strtold_
0040748e       strtod_
Module: C:\WATCOM/lib386/nt\clib3r.lib(memmove.c)
004075e0       memmove_
Module: C:\WATCOM/lib386/nt\clib3r.lib(nmemneed.c)
00407640       __nmemneed_
Module: C:\WATCOM/lib386/nt\clib3r.lib(grownear.c)
004077b0       __ExpandDGROUP_
Module: C:\WATCOM/lib386/nt\clib3r.lib(nmsize.c)
004077d0       _nmsize_
004077d0*      _msize_
Module: C:\WATCOM/lib386/nt\clib3r.lib(nexpand.c)
004077e0       _nexpand_
004077e0*      _expand_
00407820+      __HeapManager_expand_
Module: C:\WATCOM/lib386/nt\clib3r.lib(iomodtty.c)
004079e0       __ChkTTYIOMode_
00407a20*      __IOMode_
Module: C:\WATCOM/lib386/nt\clib3r.lib(dofilstr.c)
00407a60       __ParsePosixHandleStr_
Module: C:\WATCOM/lib386/nt\clib3r.lib(clearenv.c)
00407b80       clearenv_
Module: C:\WATCOM/lib386/nt\clib3r.lib(abort.c)
00407c25*      abort_
00407c37       __terminate_
0040b574       ___abort
Module: C:\WATCOM/lib386/nt\clib3r.lib(_clsewnt.c)
00407c50       __close_
Module: C:\WATCOM/lib386/nt\clib3r.lib(isattwnt.c)
00407cb0       isatty_
Module: C:\WATCOM/lib386/nt\clib3r.lib(mbinit.c)
00407d06       __mbinit_
0040b578       ___MBCodePage
Module: C:\WATCOM/lib386/nt\clib3r.lib(alphabet.c)
0040b050       ___Alphabet
Module: C:\WATCOM/lib386/nt\clib3r.lib(dosret.c)
00407e00*      _dosretax_
00407e10*      _dosret0_
00407e20       __set_errno_dos_
00407e50*      __set_errno_dos_reterr_
00407e60       __set_errno_nt_
00407e70*      __set_errno_nt_reterr_
Module: C:\WATCOM/lib386\math387r.lib(ldclass.c)
00407e84       __LDClass_
00407ed4*      _FLClass_
Module: C:\WATCOM/lib386/nt\clib3r.lib(tolower.c)
00407ef0       tolower_
Module: C:\WATCOM/lib386\math387r.lib(bufld386)
00407f00       __ZBuf2LD
Module: C:\WATCOM/lib386\math387r.lib(inf_nan.c)
00407fa3*      ___f_infinity
00407fa7*      ___f_posqnan
00407fab       ___d_infinity
00407fb3       ___d_posqnan
00407fbb*      ___ld_infinity
00407fc3*      ___ld_posqnan
Module: C:\WATCOM/lib386/nt\clib3r.lib(hugeval.c)
00407fd0       __HugeValue
Module: C:\WATCOM/lib386/nt\clib3r.lib(amblksiz.c)
0040b680       __amblksiz
Module: C:\WATCOM/lib386/nt\clib3r.lib(heapen.c)
00407fe0*      _heapenable_
0040b684       ___heap_enabled
Module: C:\WATCOM/lib386/nt\clib3r.lib(nheapmin.c)
00408010       _nheapshrink_
00408010*      _nheapmin_
00408010*      _heapmin_
00408010*      _heapshrink_
Module: C:\WATCOM/lib386/nt\clib3r.lib(getenv.c)
00408100       getenv_
Module: C:\WATCOM/lib386/nt\clib3r.lib(strncpy.c)
00408190       strncpy_
Module: C:\WATCOM/lib386/nt\clib3r.lib(strtol.c)
004083f0*      strtoul_
00408400       strtol_
Module: C:\WATCOM/lib386/nt\clib3r.lib(putenv.c)
00408410       putenv_
004086a0       __putenv_
Module: C:\WATCOM/lib386/nt\clib3r.lib(mbterm.c)
00408810       _mbterm_
Module: C:\WATCOM/lib386/nt\clib3r.lib(mbsnextc.c)
00408850       _mbsnextc_
Module: C:\WATCOM/lib386/nt\clib3r.lib(mbcupper.c)
00408890       _mbctoupper_
Module: C:\WATCOM/lib386/nt\clib3r.lib(mbsinc.c)
004088c0       _mbsinc_
Module: C:\WATCOM/lib386/nt\clib3r.lib(mbschr.c)
004088f0       _mbschr_
Module: C:\WATCOM/lib386/nt\clib3r.lib(mbslen.c)
00408950       _mbslen_
Module: C:\WATCOM/lib386/nt\clib3r.lib(mbstowcs.c)
00408980       mbstowcs_
Module: C:\WATCOM/lib386/nt\clib3r.lib(uputenv.c)
00408a00*      _wputenv_
00408c20       __wputenv_
Module: C:\WATCOM/lib386/nt\clib3r.lib(toupper.c)
00408d20       toupper_
Module: C:\WATCOM/lib386/nt\clib3r.lib(mbconv.c)
00408d30       _mbvtop_
Module: C:\WATCOM/lib386/nt\clib3r.lib(mbclen.c)
00408d50       _mbclen_
Module: C:\WATCOM/lib386/nt\clib3r.lib(mbccmp.c)
00408d80       _mbccmp_
Module: C:\WATCOM/lib386/nt\clib3r.lib(mbtowc.c)
00408dc0       mbtowc_
Module: C:\WATCOM/lib386/nt\clib3r.lib(ustrchr.c)
00408e50       wcschr_
Module: C:\WATCOM/lib386/nt\clib3r.lib(setenvar.c)
00408e70       __lib_SetEnvironmentVariableW_
Module: C:\WATCOM/lib386/nt\clib3r.lib(crtwenv.c)
00408f60       __create_wide_environment_
Module: C:\WATCOM/lib386/nt\clib3r.lib(wcstombs.c)
00408fd0       wcstombs_
Module: C:\WATCOM/lib386/nt\clib3r.lib(utoupper.c)
0040906f       towupper_


                        +----------------------+
                        |   Imported Symbols   |
                        +----------------------+

Symbol                              Module
======                              ======

_GetStdHandle@4                     KERNEL32.DLL
_WriteFile@20                       KERNEL32.DLL
_GetEnvironmentStringsA@0           KERNEL32.DLL
_GetVersion@0                       KERNEL32.DLL
_GetModuleFileNameA@12              KERNEL32.DLL
_GetCommandLineA@0                  KERNEL32.DLL
_GetCommandLineW@0                  KERNEL32.DLL
_FreeEnvironmentStringsA@4          KERNEL32.DLL
_GetModuleHandleA@4                 KERNEL32.DLL
_ExitProcess@4                      KERNEL32.DLL
_SetStdHandle@8                     KERNEL32.DLL
_CreateEventA@16                    KERNEL32.DLL
_CloseHandle@4                      KERNEL32.DLL
_GetModuleFileNameW@12              KERNEL32.DLL
_MultiByteToWideChar@24             KERNEL32.DLL
_LoadLibraryA@4                     KERNEL32.DLL
_GetProcAddress@8                   KERNEL32.DLL
_SetUnhandledExceptionFilter@4      KERNEL32.DLL
_UnhandledExceptionFilter@4         KERNEL32.DLL
_VirtualQuery@12                    KERNEL32.DLL
_GetCurrentThreadId@0               KERNEL32.DLL
_CreateFileA@28                     KERNEL32.DLL
_SetConsoleCtrlHandler@8            KERNEL32.DLL
_WideCharToMultiByte@32             KERNEL32.DLL
_SetFilePointer@16                  KERNEL32.DLL
_FlushFileBuffers@4                 KERNEL32.DLL
_GetLastError@0                     KERNEL32.DLL
_VirtualAlloc@16                    KERNEL32.DLL
_GetFileType@4                      KERNEL32.DLL
_GetACP@0                           KERNEL32.DLL
_GetOEMCP@0                         KERNEL32.DLL
_GetCPInfo@8                        KERNEL32.DLL
_VirtualFree@12                     KERNEL32.DLL
_SetEnvironmentVariableA@8          KERNEL32.DLL
_CharUpperA@4                       USER32.DLL
_SetEnvironmentVariableW@8          KERNEL32.DLL


                        +--------------------+
                        |   Libraries Used   |
                        +--------------------+

C:\WATCOM/lib386/nt\kernel32.lib
C:\WATCOM/lib386/nt\user32.lib
C:\WATCOM/lib386/nt\clib3r.lib
C:\WATCOM/lib386\math387r.lib
C:\WATCOM/lib386/nt\emu387.lib
C:\WATCOM/lib386/nt\flib7.lib


                        +-----------------------+
                        |   Linker Statistics   |
                        +-----------------------+

Stack size:  00010000 (65536.)
Memory size:  00019d04 (105732.)
Entry point address: 00401462
Link time: 00:00.88
